174.34.135.242 - - [29/Sep/2016:23:24:26 +0300] "GET /index.php?route=product/special HTTP/1.0" 404 16 "-" "Mozilla/5.0 (compatible; MJ12bot/v1.4.5; http://www.majestic12.co.uk/bot.php?+)"
174.34.135.242 - - [29/Sep/2016:23:24:29 +0300] "GET /robots.txt HTTP/1.0" 404 16 "-" "Mozilla/5.0 (compatible; MJ12bot/v1.4.5; http://www.majestic12.co.uk/bot.php?+)"
174.34.135.242 - - [29/Sep/2016:23:24:34 +0300] "GET /robots.txt HTTP/1.0" 404 16 "-" "Mozilla/5.0 (compatible; MJ12bot/v1.4.5; http://www.majestic12.co.uk/bot.php?+)"
174.34.135.242 - - [29/Sep/2016:23:24:38 +0300] "GET /lt HTTP/1.0" 404 16 "-" "Mozilla/5.0 (compatible; MJ12bot/v1.4.5; http://www.majestic12.co.uk/bot.php?+)"
66.249.69.217 - - [29/Sep/2016:23:28:38 +0300] "GET /index.php?route=product/manufacturer/info&manufacturer_id=10&limit=75 HTTP/1.1" 404 47 "-" "Mozilla/5.0 (compatible; Googlebot/2.1; +http://www.google.com/bot.html)"
170.0.236.103 - - [29/Sep/2016:23:30:28 +0300] "PROPFIND /webdav/ HTTP/1.1" 404 27 "-" "WEBDAV Client"
66.249.69.209 - - [29/Sep/2016:23:33:31 +0300] "GET /index.php?route=product/manufacturer/info&manufacturer_id=10&limit=6 HTTP/1.1" 404 47 "-" "Mozilla/5.0 (compatible; Googlebot/2.1; +http://www.google.com/bot.html)"
164.132.201.51 - - [29/Sep/2016:23:34:41 +0300] "PROPFIND /webdav/ HTTP/1.1" 404 27 "-" "WEBDAV Client"
66.249.75.134 - - [29/Sep/2016:23:43:30 +0300] "GET /index.php?route=product/manufacturer/info&manufacturer_id=6&sort=p.price&order=DESC HTTP/1.1" 404 47 "-" "Mozilla/5.0 (compatible; Googlebot/2.1; +http://www.google.com/bot.html)"
167.114.103.142 - - [29/Sep/2016:23:44:04 +0300] "PROPFIND /webdav/ HTTP/1.1" 404 27 "-" "WEBDAV Client"
157.55.39.215 - - [29/Sep/2016:23:44:25 +0300] "GET /robots.txt HTTP/1.1" 404 47 "-" "Mozilla/5.0 (compatible; bingbot/2.0; +http://www.bing.com/bingbot.htm)"
66.249.69.217 - - [29/Sep/2016:23:48:41 +0300] "GET /index.php?route=product/manufacturer/info&manufacturer_id=6&sort=rating&order=DESC HTTP/1.1" 404 47 "-" "Mozilla/5.0 (compatible; Googlebot/2.1; +http://www.google.com/bot.html)"
40.77.167.49 - - [29/Sep/2016:23:55:51 +0300] "GET /dpcjk2syz0db354/foto-ayu-azhari-dan-arini-astari.php HTTP/1.1" 404 47 "-" "Mozilla/5.0 (compatible; bingbot/2.0; +http://www.bing.com/bingbot.htm)"
157.55.39.215 - - [29/Sep/2016:23:59:35 +0300] "GET /robots.txt HTTP/1.1" 404 47 "-" "Mozilla/5.0 (compatible; bingbot/2.0; +http://www.bing.com/bingbot.htm)"
66.249.69.217 - - [30/Sep/2016:00:05:24 +0300] "GET /cwlzslme.html HTTP/1.1" 404 47 "-" "Mozilla/5.0 (compatible; Googlebot/2.1; +http://www.google.com/bot.html)"
66.249.69.217 - - [30/Sep/2016:00:05:27 +0300] "GET /robots.txt HTTP/1.1" 404 47 "-" "Mozilla/5.0 (compatible; Googlebot/2.1; +http://www.google.com/bot.html)"
157.55.39.215 - - [30/Sep/2016:00:20:07 +0300] "GET /robots.txt HTTP/1.1" 404 47 "-" "Mozilla/5.0 (compatible; bingbot/2.0; +http://www.bing.com/bingbot.htm)"
62.80.253.250 - - [30/Sep/2016:00:20:50 +0300] "GET /horoskopas-daug-kas-baigsis-ir-daug-kas-prasides/ HTTP/1.1" 404 47 "http://m.facebook.com/" "Mozilla/5.0 (Linux; Android 6.0.1; SM-G925F Build/MMB29K; wv) AppleWebKit/537.36 (KHTML, like Gecko) Version/4.0 Chrome/53.0.2785.124 Mobile Safari/537.36 [FB_IAB/FB4A;FBAV/96.0.0.17.70;]"
164.132.201.51 - - [30/Sep/2016:00:35:56 +0300] "PROPFIND /webdav/ HTTP/1.1" 404 27 "-" "WEBDAV Client"
84.32.85.107 - - [30/Sep/2016:00:52:00 +0300] "GET /horoskopas-daug-kas-baigsis-ir-daug-kas-prasides/ HTTP/1.1" 404 47 "http://m.facebook.com/" "Mozilla/5.0 (Linux; Android 6.0.1; SM-A500FU Build/MMB29M; wv) AppleWebKit/537.36 (KHTML, like Gecko) Version/4.0 Chrome/53.0.2785.124 Mobile Safari/537.36 [FB_IAB/FB4A;FBAV/96.0.0.17.70;]"
167.114.103.142 - - [30/Sep/2016:00:57:52 +0300] "PROPFIND /webdav/ HTTP/1.1" 404 27 "-" "WEBDAV Client"
157.55.39.84 - - [30/Sep/2016:01:01:41 +0300] "GET /download-great-expectations-audiobook HTTP/1.1" 404 47 "-" "Mozilla/5.0 (compatible; bingbot/2.0; +http://www.bing.com/bingbot.htm)"
157.55.39.84 - - [30/Sep/2016:01:02:08 +0300] "GET /dpcjk2syz0db354/descargar-google-crome-para-pc-window-95.php HTTP/1.1" 404 47 "-" "Mozilla/5.0 (compatible; bingbot/2.0; +http://www.bing.com/bingbot.htm)"
91.244.170.210 - - [30/Sep/2016:01:15:41 +0300] "GET / HTTP/1.1" 200 69 "-" "curl/7.17.1 (mips-unknown-linux-gnu) libcurl/7.17.1 OpenSSL/0.9.8i zlib/1.2.3"
149.56.28.239 - - [30/Sep/2016:01:25:38 +0300] "PROPFIND /webdav/ HTTP/1.1" 404 27 "-" "WEBDAV Client"
212.129.54.164 - - [30/Sep/2016:01:32:39 +0300] "PROPFIND /webdav/ HTTP/1.1" 404 27 "-" "WEBDAV Client"
167.114.103.142 - - [30/Sep/2016:01:43:49 +0300] "PROPFIND /webdav/ HTTP/1.1" 404 27 "-" "WEBDAV Client"
66.249.69.213 - - [30/Sep/2016:02:00:22 +0300] "GET /dpcjk2syz0db354/kya-ho-tum-lagta-hai-mp3-song-download.php HTTP/1.1" 404 47 "-" "Mozilla/5.0 (compatible; Googlebot/2.1; +http://www.google.com/bot.html)"
66.249.69.213 - - [30/Sep/2016:02:08:59 +0300] "GET /sibat.tk/public_html/assets/font-awesome/css/font-awesome.min.css HTTP/1.1" 404 47 "http://extratv.lt/sibat.tk/public_html/index.php/" "Mozilla/5.0 (compatible; Googlebot/2.1; +http://www.google.com/bot.html)"
66.249.69.217 - - [30/Sep/2016:02:09:00 +0300] "GET /sibat.tk/public_html/assets/css/bootstrap.min.css HTTP/1.1" 404 47 "http://extratv.lt/sibat.tk/public_html/index.php/" "Mozilla/5.0 (compatible; Googlebot/2.1; +http://www.google.com/bot.html)"
66.249.69.209 - - [30/Sep/2016:02:09:01 +0300] "GET /sibat.tk/public_html/assets/css/login.css HTTP/1.1" 404 47 "http://extratv.lt/sibat.tk/public_html/index.php/" "Mozilla/5.0 (compatible; Googlebot/2.1; +http://www.google.com/bot.html)"
66.249.69.209 - - [30/Sep/2016:02:09:02 +0300] "GET /sibat.tk/public_html/index.php/chat/updates/?_=1473033600000 HTTP/1.1" 404 47 "http://extratv.lt/sibat.tk/public_html/index.php/" "Mozilla/5.0 (compatible; Googlebot/2.1; +http://www.google.com/bot.html)"
66.249.69.213 - - [30/Sep/2016:02:09:03 +0300] "GET /sibat.tk/public_html/index.php/chat/updates/?_=1473033600031 HTTP/1.1" 404 47 "http://extratv.lt/sibat.tk/public_html/index.php/" "Mozilla/5.0 (compatible; Googlebot/2.1; +http://www.google.com/bot.html)"
66.249.69.213 - - [30/Sep/2016:02:09:03 +0300] "GET /sibat.tk/public_html/index.php/chat/updates/?_=1473033600000 HTTP/1.1" 404 47 "http://extratv.lt/sibat.tk/public_html/index.php/" "Mozilla/5.0 (compatible; Googlebot/2.1; +http://www.google.com/bot.html)"
66.249.69.209 - - [30/Sep/2016:02:09:04 +0300] "GET /sibat.tk/public_html/index.php/chat/updates/?_=1473033600031 HTTP/1.1" 404 47 "http://extratv.lt/sibat.tk/public_html/index.php/" "Mozilla/5.0 (compatible; Googlebot/2.1; +http://www.google.com/bot.html)"
66.249.69.209 - - [30/Sep/2016:02:09:05 +0300] "GET /sibat.tk/public_html/index.php/chat/updates/?_=1473033600032 HTTP/1.1" 404 47 "http://extratv.lt/sibat.tk/public_html/index.php/" "Mozilla/5.0 (compatible; Googlebot/2.1; +http://www.google.com/bot.html)"
66.249.69.209 - - [30/Sep/2016:02:09:05 +0300] "GET /sibat.tk/public_html/index.php/chat/updates/?_=1473033600032 HTTP/1.1" 404 47 "http://extratv.lt/sibat.tk/public_html/index.php/" "Mozilla/5.0 (compatible; Googlebot/2.1; +http://www.google.com/bot.html)"
66.249.69.209 - - [30/Sep/2016:02:09:06 +0300] "GET /sibat.tk/public_html/index.php/chat/updates/?_=1473033600033 HTTP/1.1" 404 47 "http://extratv.lt/sibat.tk/public_html/index.php/" "Mozilla/5.0 (compatible; Googlebot/2.1; +http://www.google.com/bot.html)"
66.249.69.209 - - [30/Sep/2016:02:09:07 +0300] "GET /sibat.tk/public_html/index.php/chat/updates/?_=1473033600033 HTTP/1.1" 404 47 "http://extratv.lt/sibat.tk/public_html/index.php/" "Mozilla/5.0 (compatible; Googlebot/2.1; +http://www.google.com/bot.html)"
66.249.69.209 - - [30/Sep/2016:02:09:08 +0300] "GET /sibat.tk/public_html/index.php/chat/updates/?_=1473033600034 HTTP/1.1" 404 47 "http://extratv.lt/sibat.tk/public_html/index.php/" "Mozilla/5.0 (compatible; Googlebot/2.1; +http://www.google.com/bot.html)"
66.249.69.209 - - [30/Sep/2016:02:09:08 +0300] "GET /sibat.tk/public_html/index.php/chat/updates/?_=1473033600034 HTTP/1.1" 404 47 "http://extratv.lt/sibat.tk/public_html/index.php/" "Mozilla/5.0 (compatible; Googlebot/2.1; +http://www.google.com/bot.html)"
66.249.69.209 - - [30/Sep/2016:02:09:09 +0300] "GET /sibat.tk/public_html/index.php/chat/updates/?_=1473033600035 HTTP/1.1" 404 47 "http://extratv.lt/sibat.tk/public_html/index.php/" "Mozilla/5.0 (compatible; Googlebot/2.1; +http://www.google.com/bot.html)"
66.249.69.209 - - [30/Sep/2016:02:09:10 +0300] "GET /sibat.tk/public_html/index.php/chat/updates/?_=1473033600035 HTTP/1.1" 404 47 "http://extratv.lt/sibat.tk/public_html/index.php/" "Mozilla/5.0 (compatible; Googlebot/2.1; +http://www.google.com/bot.html)"
66.249.69.209 - - [30/Sep/2016:02:09:11 +0300] "GET /sibat.tk/public_html/index.php/chat/updates/?_=1473033600036 HTTP/1.1" 404 47 "http://extratv.lt/sibat.tk/public_html/index.php/" "Mozilla/5.0 (compatible; Googlebot/2.1; +http://www.google.com/bot.html)"
66.249.69.209 - - [30/Sep/2016:02:09:12 +0300] "GET /sibat.tk/public_html/index.php/chat/updates/?_=1473033600036 HTTP/1.1" 404 47 "http://extratv.lt/sibat.tk/public_html/index.php/" "Mozilla/5.0 (compatible; Googlebot/2.1; +http://www.google.com/bot.html)"
66.249.69.209 - - [30/Sep/2016:02:09:13 +0300] "GET /sibat.tk/public_html/index.php/chat/updates/?_=1473033600037 HTTP/1.1" 404 47 "http://extratv.lt/sibat.tk/public_html/index.php/" "Mozilla/5.0 (compatible; Googlebot/2.1; +http://www.google.com/bot.html)"
66.249.69.209 - - [30/Sep/2016:02:09:13 +0300] "GET /sibat.tk/public_html/index.php/chat/updates/?_=1473033600037 HTTP/1.1" 404 47 "http://extratv.lt/sibat.tk/public_html/index.php/" "Mozilla/5.0 (compatible; Googlebot/2.1; +http://www.google.com/bot.html)"
66.249.69.209 - - [30/Sep/2016:02:09:14 +0300] "GET /sibat.tk/public_html/index.php/chat/updates/?_=1473033600038 HTTP/1.1" 404 47 "http://extratv.lt/sibat.tk/public_html/index.php/" "Mozilla/5.0 (compatible; Googlebot/2.1; +http://www.google.com/bot.html)"
66.249.69.209 - - [30/Sep/2016:02:09:15 +0300] "GET /sibat.tk/public_html/index.php/chat/updates/?_=1473033600038 HTTP/1.1" 404 47 "http://extratv.lt/sibat.tk/public_html/index.php/" "Mozilla/5.0 (compatible; Googlebot/2.1; +http://www.google.com/bot.html)"
66.249.69.209 - - [30/Sep/2016:02:09:16 +0300] "GET /sibat.tk/public_html/index.php/chat/updates/?_=1473033600039 HTTP/1.1" 404 47 "http://extratv.lt/sibat.tk/public_html/index.php/" "Mozilla/5.0 (compatible; Googlebot/2.1; +http://www.google.com/bot.html)"
66.249.69.209 - - [30/Sep/2016:02:09:16 +0300] "GET /sibat.tk/public_html/index.php/chat/updates/?_=1473033600039 HTTP/1.1" 404 47 "http://extratv.lt/sibat.tk/public_html/index.php/" "Mozilla/5.0 (compatible; Googlebot/2.1; +http://www.google.com/bot.html)"
66.249.69.209 - - [30/Sep/2016:02:09:18 +0300] "GET /sibat.tk/public_html/index.php/chat/updates/?_=1473033600040 HTTP/1.1" 404 47 "http://extratv.lt/sibat.tk/public_html/index.php/" "Mozilla/5.0 (compatible; Googlebot/2.1; +http://www.google.com/bot.html)"
66.249.69.209 - - [30/Sep/2016:02:09:18 +0300] "GET /sibat.tk/public_html/index.php/chat/updates/?_=1473033600040 HTTP/1.1" 404 47 "http://extratv.lt/sibat.tk/public_html/index.php/" "Mozilla/5.0 (compatible; Googlebot/2.1; +http://www.google.com/bot.html)"
80.192.143.110 - - [30/Sep/2016:02:17:19 +0300] "GET /horoskopas-daug-kas-baigsis-ir-daug-kas-prasides/ HTTP/1.1" 404 47 "http://m.facebook.com/" "Mozilla/5.0 (Linux; Android 5.0.1; HTC One_M8 Build/LRX22C; wv) AppleWebKit/537.36 (KHTML, like Gecko) Version/4.0 Chrome/53.0.2785.124 Mobile Safari/537.36 [FB_IAB/FB4A;FBAV/96.0.0.17.70;]"
40.77.167.91 - - [30/Sep/2016:02:26:42 +0300] "GET /dpcjk2syz0db354/kenapa-pokemon-go-tidak-bisa-dimainkan-di-hp-samsung-young-2.php HTTP/1.1" 404 47 "-" "Mozilla/5.0 (compatible; bingbot/2.0; +http://www.bing.com/bingbot.htm)"
42.236.10.98 - - [30/Sep/2016:02:37:32 +0300] "GET /8te6r3smb6iq0wi/video-funghi-2016.php HTTP/1.1" 404 47 "https://files.viralinthebox.com/8te6r3smb6iq0wi/video-funghi-2016.php" "Mozilla/5.0 (compatible; MSIE 9.0; Windows NT 6.1; Trident/5.0); 360Spider"
101.226.168.243 - - [30/Sep/2016:03:29:43 +0300] "GET /03oivulrtryege0/nokia-520-reiniciando-toda-hora.php HTTP/1.1" 404 47 "http://extratv.lt/03oivulrtryege0/nokia-520-reiniciando-toda-hora.php" "Mozilla/5.0 (Windows NT 6.1) AppleWebKit/537.1 (KHTML, like Gecko) Chrome/21.0.1180.89 Safari/537.1; 360Spider(compatible; HaosouSpider; http://www.haosou.com/help/help_3_2.html)"
164.132.201.51 - - [30/Sep/2016:03:39:21 +0300] "PROPFIND /webdav/ HTTP/1.1" 404 27 "-" "WEBDAV Client"
167.114.103.142 - - [30/Sep/2016:03:40:10 +0300] "PROPFIND /webdav/ HTTP/1.1" 404 27 "-" "WEBDAV Client"
212.129.54.164 - - [30/Sep/2016:03:53:39 +0300] "PROPFIND /webdav/ HTTP/1.1" 404 27 "-" "WEBDAV Client"
151.80.31.182 - - [30/Sep/2016:03:54:58 +0300] "GET /robots.txt HTTP/1.1" 404 47 "-" "Mozilla/5.0 (compatible; AhrefsBot/5.1; +http://ahrefs.com/robot/)"
84.200.7.193 - - [30/Sep/2016:04:04:06 +0300] "PROPFIND /webdav/ HTTP/1.1" 404 27 "-" "WEBDAV Client"
157.55.39.190 - - [30/Sep/2016:04:20:41 +0300] "GET /robots.txt HTTP/1.1" 404 47 "-" "Mozilla/5.0 (compatible; bingbot/2.0; +http://www.bing.com/bingbot.htm)"
167.114.103.142 - - [30/Sep/2016:04:38:49 +0300] "PROPFIND /webdav/ HTTP/1.1" 404 27 "-" "WEBDAV Client"
157.55.39.84 - - [30/Sep/2016:04:42:12 +0300] "GET /the-returned-ebook-download HTTP/1.1" 404 47 "-" "Mozilla/5.0 (compatible; bingbot/2.0; +http://www.bing.com/bingbot.htm)"
170.0.236.103 - - [30/Sep/2016:04:42:49 +0300] "PROPFIND /webdav/ HTTP/1.1" 404 27 "-" "WEBDAV Client"
162.210.196.129 - - [30/Sep/2016:04:43:25 +0300] "GET /robots.txt HTTP/1.0" 404 16 "-" "Mozilla/5.0 (compatible; MJ12bot/v1.4.5; http://www.majestic12.co.uk/bot.php?+)"
157.55.39.190 - - [30/Sep/2016:04:43:35 +0300] "GET /robots.txt HTTP/1.1" 404 47 "-" "Mozilla/5.0 (compatible; bingbot/2.0; +http://www.bing.com/bingbot.htm)"
162.210.196.129 - - [30/Sep/2016:04:43:42 +0300] "GET /robots.txt HTTP/1.0" 404 16 "-" "Mozilla/5.0 (compatible; MJ12bot/v1.4.5; http://www.majestic12.co.uk/bot.php?+)"
162.210.196.129 - - [30/Sep/2016:04:43:54 +0300] "GET /smart-study-series-anatomy-pdf HTTP/1.0" 404 16 "-" "Mozilla/5.0 (compatible; MJ12bot/v1.4.5; http://www.majestic12.co.uk/bot.php?+)"
40.77.167.49 - - [30/Sep/2016:04:57:17 +0300] "GET /dpcjk2syz0db354/lohia-colleg-is-tird-list.php HTTP/1.1" 404 47 "-" "Mozilla/5.0 (compatible; bingbot/2.0; +http://www.bing.com/bingbot.htm)"
170.0.236.103 - - [30/Sep/2016:05:12:07 +0300] "PROPFIND /webdav/ HTTP/1.1" 404 27 "-" "WEBDAV Client"
212.129.54.164 - - [30/Sep/2016:05:19:16 +0300] "PROPFIND /webdav/ HTTP/1.1" 404 27 "-" "WEBDAV Client"
162.210.196.129 - - [30/Sep/2016:05:21:12 +0300] "GET /robots.txt HTTP/1.0" 404 16 "-" "Mozilla/5.0 (compatible; MJ12bot/v1.4.5; http://www.majestic12.co.uk/bot.php?+)"
162.210.196.129 - - [30/Sep/2016:05:21:15 +0300] "GET /robots.txt HTTP/1.0" 404 16 "-" "Mozilla/5.0 (compatible; MJ12bot/v1.4.5; http://www.majestic12.co.uk/bot.php?+)"
162.210.196.129 - - [30/Sep/2016:05:21:17 +0300] "GET /?author=1 HTTP/1.0" 200 69 "-" "Mozilla/5.0 (compatible; MJ12bot/v1.4.5; http://www.majestic12.co.uk/bot.php?+)"
162.210.196.129 - - [30/Sep/2016:05:21:20 +0300] "GET /?feed=rss2 HTTP/1.0" 200 69 "-" "Mozilla/5.0 (compatible; MJ12bot/v1.4.5; http://www.majestic12.co.uk/bot.php?+)"
162.210.196.129 - - [30/Sep/2016:05:21:23 +0300] "GET /?feed=rss2&cat=1 HTTP/1.0" 200 69 "-" "Mozilla/5.0 (compatible; MJ12bot/v1.4.5; http://www.majestic12.co.uk/bot.php?+)"
66.249.69.209 - - [30/Sep/2016:05:22:59 +0300] "GET /robots.txt HTTP/1.1" 404 47 "-" "Mozilla/5.0 (compatible; Googlebot/2.1; +http://www.google.com/bot.html)"
66.249.69.209 - - [30/Sep/2016:05:23:00 +0300] "GET /indrajal-comics-in-bengali-pdf-download HTTP/1.1" 404 47 "-" "Mozilla/5.0 (compatible; Googlebot/2.1; +http://www.google.com/bot.html)"
157.55.39.190 - - [30/Sep/2016:05:24:11 +0300] "GET /robots.txt HTTP/1.1" 404 47 "-" "Mozilla/5.0 (compatible; bingbot/2.0; +http://www.bing.com/bingbot.htm)"
164.132.201.51 - - [30/Sep/2016:05:24:26 +0300] "PROPFIND /webdav/ HTTP/1.1" 404 27 "-" "WEBDAV Client"
157.55.39.42 - - [30/Sep/2016:05:31:43 +0300] "GET /image/cache/catalog/product-34-220x200.png HTTP/1.1" 404 47 "-" "Mozilla/5.0 (compatible; bingbot/2.0; +http://www.bing.com/bingbot.htm)"
157.55.39.42 - - [30/Sep/2016:05:33:10 +0300] "GET /image/cache/catalog/banner-4-416x172.jpg HTTP/1.1" 404 47 "-" "Mozilla/5.0 (compatible; bingbot/2.0; +http://www.bing.com/bingbot.htm)"
157.55.39.42 - - [30/Sep/2016:05:34:46 +0300] "GET /image/cache/catalog/product-1-100x90.png HTTP/1.1" 404 47 "-" "Mozilla/5.0 (compatible; bingbot/2.0; +http://www.bing.com/bingbot.htm)"
167.114.103.142 - - [30/Sep/2016:05:38:29 +0300] "PROPFIND /webdav/ HTTP/1.1" 404 27 "-" "WEBDAV Client"
157.55.39.26 - - [30/Sep/2016:05:43:33 +0300] "GET /image/cache/catalog/product-31-100x90.png HTTP/1.1" 404 47 "-" "Mozilla/5.0 (compatible; bingbot/2.0; +http://www.bing.com/bingbot.htm)"
157.55.39.26 - - [30/Sep/2016:05:51:25 +0300] "GET /image/cache/catalog/product-22-220x200.png HTTP/1.1" 404 47 "-" "Mozilla/5.0 (compatible; bingbot/2.0; +http://www.bing.com/bingbot.htm)"
157.55.39.42 - - [30/Sep/2016:05:51:56 +0300] "GET /image/flags/lt.png HTTP/1.1" 404 47 "-" "Mozilla/5.0 (compatible; bingbot/2.0; +http://www.bing.com/bingbot.htm)"
157.55.39.84 - - [30/Sep/2016:05:52:36 +0300] "GET /dpcjk2syz0db354/lagu-flim-super-buper.php HTTP/1.1" 404 47 "-" "Mozilla/5.0 (compatible; bingbot/2.0; +http://www.bing.com/bingbot.htm)"
40.77.167.1 - - [30/Sep/2016:05:56:46 +0300] "GET /robots.txt HTTP/1.1" 404 47 "-" "Mozilla/5.0 (compatible; bingbot/2.0; +http://www.bing.com/bingbot.htm)"
40.77.167.1 - - [30/Sep/2016:05:59:12 +0300] "GET /robots.txt HTTP/1.1" 404 47 "-" "Mozilla/5.0 (compatible; bingbot/2.0; +http://www.bing.com/bingbot.htm)"
164.132.201.51 - - [30/Sep/2016:06:01:24 +0300] "PROPFIND /webdav/ HTTP/1.1" 404 27 "-" "WEBDAV Client"
40.77.167.1 - - [30/Sep/2016:06:03:30 +0300] "GET /robots.txt HTTP/1.1" 404 47 "-" "Mozilla/5.0 (compatible; bingbot/2.0; +http://www.bing.com/bingbot.htm)"
40.77.167.1 - - [30/Sep/2016:06:10:04 +0300] "GET /robots.txt HTTP/1.1" 404 47 "-" "Mozilla/5.0 (compatible; bingbot/2.0; +http://www.bing.com/bingbot.htm)"
178.203.120.68 - - [30/Sep/2016:06:23:48 +0300] "GET /robots.txt HTTP/1.0" 404 16 "-" "Mozilla/5.0 (compatible; MJ12bot/v1.4.5; http://www.majestic12.co.uk/bot.php?+)"
178.203.120.68 - - [30/Sep/2016:06:23:52 +0300] "GET /robots.txt HTTP/1.0" 404 16 "-" "Mozilla/5.0 (compatible; MJ12bot/v1.4.5; http://www.majestic12.co.uk/bot.php?+)"
178.203.120.68 - - [30/Sep/2016:06:23:53 +0300] "GET /03oivulrtryege0/raina-dan-jastin.php HTTP/1.0" 404 16 "-" "Mozilla/5.0 (compatible; MJ12bot/v1.4.5; http://www.majestic12.co.uk/bot.php?+)"
88.118.132.211 - - [30/Sep/2016:06:31:34 +0300] "GET / HTTP/1.1" 200 69 "-" "Mozilla/5.0 (Windows NT 6.3; Win64; x64) AppleWebKit/537.36 (KHTML, like Gecko) Chrome/53.0.2785.116 Safari/537.36"
88.118.132.211 - - [30/Sep/2016:06:31:34 +0300] "GET /favicon.ico HTTP/1.1" 404 47 "https://files.viralinthebox.com/" "Mozilla/5.0 (Windows NT 6.3; Win64; x64) AppleWebKit/537.36 (KHTML, like Gecko) Chrome/53.0.2785.116 Safari/537.36"
88.118.132.211 - - [30/Sep/2016:06:31:48 +0300] "GET / HTTP/1.1" 304 0 "-" "Mozilla/5.0 (Windows NT 6.3; Win64; x64) AppleWebKit/537.36 (KHTML, like Gecko) Chrome/53.0.2785.116 Safari/537.36"
88.118.132.211 - - [30/Sep/2016:06:31:48 +0300] "GET / HTTP/1.1" 304 0 "-" "Mozilla/5.0 (Windows NT 6.3; Win64; x64) AppleWebKit/537.36 (KHTML, like Gecko) Chrome/53.0.2785.116 Safari/537.36"
167.114.103.142 - - [30/Sep/2016:06:44:19 +0300] "PROPFIND /webdav/ HTTP/1.1" 502 173 "-" "WEBDAV Client"
157.55.39.219 - - [30/Sep/2016:07:04:55 +0300] "GET /dpcjk2syz0db354/jag-gymya-tere-jaisa-na-koi-song-download.php HTTP/1.1" 502 173 "-" "Mozilla/5.0 (compatible; bingbot/2.0; +http://www.bing.com/bingbot.htm)"
192.99.144.140 - - [30/Sep/2016:07:10:01 +0300] "PROPFIND /webdav/ HTTP/1.1" 502 173 "-" "WEBDAV Client"
157.55.39.190 - - [30/Sep/2016:07:47:01 +0300] "GET /robots.txt HTTP/1.1" 404 47 "-" "Mozilla/5.0 (compatible; bingbot/2.0; +http://www.bing.com/bingbot.htm)"
149.56.28.239 - - [30/Sep/2016:07:49:46 +0300] "PROPFIND /webdav/ HTTP/1.1" 404 27 "-" "WEBDAV Client"
167.114.103.142 - - [30/Sep/2016:07:57:54 +0300] "PROPFIND /webdav/ HTTP/1.1" 404 27 "-" "WEBDAV Client"
66.249.69.213 - - [30/Sep/2016:08:00:14 +0300] "GET /robots.txt HTTP/1.1" 404 47 "-" "Mozilla/5.0 (compatible; Googlebot/2.1; +http://www.google.com/bot.html)"
66.249.69.213 - - [30/Sep/2016:08:00:18 +0300] "GET /03oivulrtryege0/pokemon-go-bisa-tidak-instal-di-samsun.php HTTP/1.1" 404 47 "-" "Mozilla/5.0 (compatible; Googlebot/2.1; +http://www.google.com/bot.html)"
84.200.7.193 - - [30/Sep/2016:08:04:33 +0300] "PROPFIND /webdav/ HTTP/1.1" 404 27 "-" "WEBDAV Client"
184.105.247.194 - - [30/Sep/2016:08:15:52 +0300] "GET / HTTP/1.1" 200 69 "-" "-"
66.249.69.209 - - [30/Sep/2016:08:19:42 +0300] "GET /img/ico/favicon.png HTTP/1.1" 404 47 "-" "Googlebot-Image/1.0"
192.99.144.140 - - [30/Sep/2016:08:23:58 +0300] "PROPFIND /webdav/ HTTP/1.1" 404 27 "-" "WEBDAV Client"
149.56.28.239 - - [30/Sep/2016:08:34:44 +0300] "PROPFIND /webdav/ HTTP/1.1" 404 27 "-" "WEBDAV Client"
87.247.119.106 - - [30/Sep/2016:08:44:51 +0300] "GET /paskutine-rugsejo-savaite-smarkus-vejas-ir-pliaupiantis-lietus/ HTTP/1.1" 404 47 "http://m.facebook.com/" "Mozilla/5.0 (Linux; Android 6.0; LG-D855 Build/MRA58K; wv) AppleWebKit/537.36 (KHTML, like Gecko) Version/4.0 Chrome/53.0.2785.124 Mobile Safari/537.36 [FB_IAB/FB4A;FBAV/95.0.0.13.69;]"
87.247.119.106 - - [30/Sep/2016:08:44:58 +0300] "GET /paskutine-rugsejo-savaite-smarkus-vejas-ir-pliaupiantis-lietus/ HTTP/1.1" 404 47 "http://m.facebook.com/" "Mozilla/5.0 (Linux; Android 6.0; LG-D855 Build/MRA58K; wv) AppleWebKit/537.36 (KHTML, like Gecko) Version/4.0 Chrome/53.0.2785.124 Mobile Safari/537.36 [FB_IAB/FB4A;FBAV/95.0.0.13.69;]"
87.247.119.106 - - [30/Sep/2016:08:45:01 +0300] "GET /paskutine-rugsejo-savaite-smarkus-vejas-ir-pliaupiantis-lietus/ HTTP/1.1" 404 47 "http://m.facebook.com/" "Mozilla/5.0 (Linux; Android 6.0; LG-D855 Build/MRA58K; wv) AppleWebKit/537.36 (KHTML, like Gecko) Version/4.0 Chrome/53.0.2785.124 Mobile Safari/537.36 [FB_IAB/FB4A;FBAV/95.0.0.13.69;]"
40.77.167.74 - - [30/Sep/2016:08:50:49 +0300] "GET /dpcjk2syz0db354/lagu-india-tum-se-hi.php HTTP/1.1" 404 47 "-" "Mozilla/5.0 (compatible; bingbot/2.0; +http://www.bing.com/bingbot.htm)"
141.8.142.100 - - [30/Sep/2016:08:52:39 +0300] "GET /robots.txt HTTP/1.1" 404 27 "-" "Mozilla/5.0 (compatible; YandexBot/3.0; +http://yandex.com/bots)"
141.8.132.18 - - [30/Sep/2016:08:52:43 +0300] "GET /favicon.ico HTTP/1.1" 404 47 "-" "Mozilla/5.0 (compatible; YandexBot/3.0; +http://yandex.com/bots)"
164.132.201.51 - - [30/Sep/2016:08:53:59 +0300] "PROPFIND /webdav/ HTTP/1.1" 404 27 "-" "WEBDAV Client"
40.77.167.49 - - [30/Sep/2016:09:00:08 +0300] "GET /robots.txt HTTP/1.1" 404 47 "-" "Mozilla/5.0 (compatible; bingbot/2.0; +http://www.bing.com/bingbot.htm)"
40.77.167.49 - - [30/Sep/2016:09:00:09 +0300] "GET /robots.txt HTTP/1.1" 404 47 "-" "Mozilla/5.0 (compatible; bingbot/2.0; +http://www.bing.com/bingbot.htm)"
40.77.167.49 - - [30/Sep/2016:09:00:10 +0300] "GET /robots.txt HTTP/1.1" 404 47 "-" "Mozilla/5.0 (compatible; bingbot/2.0; +http://www.bing.com/bingbot.htm)"
40.77.167.49 - - [30/Sep/2016:09:00:11 +0300] "GET /robots.txt HTTP/1.1" 404 47 "-" "Mozilla/5.0 (compatible; bingbot/2.0; +http://www.bing.com/bingbot.htm)"
157.55.39.190 - - [30/Sep/2016:09:04:42 +0300] "GET /robots.txt HTTP/1.1" 404 47 "-" "Mozilla/5.0 (compatible; bingbot/2.0; +http://www.bing.com/bingbot.htm)"
66.249.69.217 - - [30/Sep/2016:09:08:34 +0300] "GET /videos/category/sekmes-istorijos HTTP/1.1" 404 47 "-" "Mozilla/5.0 (Linux; Android 6.0.1; Nexus 5X Build/MMB29P) AppleWebKit/537.36 (KHTML, like Gecko) Chrome/41.0.2272.96 Mobile Safari/537.36 (compatible; Googlebot/2.1; +http://www.google.com/bot.html)"
188.69.197.163 - - [30/Sep/2016:09:11:07 +0300] "GET /naktinis-kaunas-nusvis-naujomis-spalvomis/ HTTP/1.1" 404 47 "http://m.facebook.com/" "Mozilla/5.0 (Linux; Android 4.4.4; G620S-L01 Build/HuaweiG620S-L01) AppleWebKit/537.36 (KHTML, like Gecko) Version/4.0 Chrome/33.0.0.0 Mobile Safari/537.36 [FB_IAB/FB4A;FBAV/96.0.0.17.70;]"
90.140.220.100 - - [30/Sep/2016:09:12:04 +0300] "GET /paskutine-rugsejo-savaite-smarkus-vejas-ir-pliaupiantis-lietus/ HTTP/1.1" 404 47 "http://m.facebook.com/" "Mozilla/5.0 (Linux; Android 6.0.1; E6553 Build/32.2.A.0.253; wv) AppleWebKit/537.36 (KHTML, like Gecko) Version/4.0 Chrome/53.0.2785.124 Mobile Safari/537.36 [FB_IAB/FB4A;FBAV/96.0.0.17.70;]"
157.55.39.190 - - [30/Sep/2016:09:27:10 +0300] "GET /robots.txt HTTP/1.1" 404 47 "-" "Mozilla/5.0 (compatible; bingbot/2.0; +http://www.bing.com/bingbot.htm)"
192.99.144.140 - - [30/Sep/2016:10:02:21 +0300] "PROPFIND /webdav/ HTTP/1.1" 404 27 "-" "WEBDAV Client"
115.200.234.112 - - [30/Sep/2016:10:05:20 +0300] "GET / HTTP/1.1" 200 69 "-" "Mozilla/5.0 (X11; Linux x86_64) AppleWebKit/537.36 (KHTML, like Gecko) Ubuntu Chromium/34.0.1847.116 Chrome/34.0.1847.116 Safari/537.36"
124.42.13.235 - - [30/Sep/2016:10:05:21 +0300] "GET / HTTP/1.1" 200 69 "-" "Mozilla/5.0 (X11; Linux x86_64) AppleWebKit/537.36 (KHTML, like Gecko) Ubuntu Chromium/34.0.1847.116 Chrome/34.0.1847.116 Safari/537.36"
121.42.0.62 - - [30/Sep/2016:10:05:21 +0300] "GET / HTTP/1.1" 200 69 "-" "Mozilla/5.0 (iPhone; CPU iPhone OS 6_1_3 like Mac OS X) AppleWebKit/536.26 (KHTML, like Gecko) Version/6.0 Mobile/WK10171 Safari/8536.25"
27.10.145.126 - - [30/Sep/2016:10:05:22 +0300] "GET / HTTP/1.1" 200 69 "-" "Mozilla/5.0 (X11; Linux x86_64) AppleWebKit/537.36 (KHTML, like Gecko) Ubuntu Chromium/34.0.1847.116 Chrome/34.0.1847.116 Safari/537.36"
159.226.95.65 - - [30/Sep/2016:10:05:22 +0300] "GET / HTTP/1.1" 200 69 "-" "Python-urllib/2.7"
58.20.82.121 - - [30/Sep/2016:10:05:22 +0300] "GET / HTTP/1.1" 200 69 "-" "Python-urllib/2.7"
27.10.72.135 - - [30/Sep/2016:10:05:24 +0300] "GET / HTTP/1.1" 200 69 "-" "Python-urllib/2.7"
159.226.95.66 - - [30/Sep/2016:10:05:24 +0300] "GET / HTTP/1.1" 200 69 "-" "Mozilla/5.0 (X11; Linux x86_64) AppleWebKit/537.36 (KHTML, like Gecko) Ubuntu Chromium/34.0.1847.116 Chrome/34.0.1847.116 Safari/537.36"
124.16.156.2 - - [30/Sep/2016:10:05:25 +0300] "GET / HTTP/1.1" 200 69 "-" "Python-urllib/2.7"
164.132.201.51 - - [30/Sep/2016:10:25:50 +0300] "PROPFIND /webdav/ HTTP/1.1" 404 27 "-" "WEBDAV Client"
178.32.23.48 - - [30/Sep/2016:10:28:43 +0300] "PROPFIND /webdav/ HTTP/1.1" 404 27 "-" "WEBDAV Client"
108.59.8.80 - - [30/Sep/2016:10:44:05 +0300] "GET /robots.txt HTTP/1.0" 404 16 "-" "Mozilla/5.0 (compatible; MJ12bot/v1.4.5; http://www.majestic12.co.uk/bot.php?+)"
108.59.8.80 - - [30/Sep/2016:10:44:11 +0300] "GET /robots.txt HTTP/1.0" 404 16 "-" "Mozilla/5.0 (compatible; MJ12bot/v1.4.5; http://www.majestic12.co.uk/bot.php?+)"
108.59.8.80 - - [30/Sep/2016:10:44:13 +0300] "GET / HTTP/1.0" 200 69 "-" "Mozilla/5.0 (compatible; MJ12bot/v1.4.5; http://www.majestic12.co.uk/bot.php?+)"
170.0.236.103 - - [30/Sep/2016:10:48:25 +0300] "PROPFIND /webdav/ HTTP/1.1" 404 27 "-" "WEBDAV Client"
157.55.39.190 - - [30/Sep/2016:10:50:39 +0300] "GET /robots.txt HTTP/1.1" 404 47 "-" "Mozilla/5.0 (compatible; bingbot/2.0; +http://www.bing.com/bingbot.htm)"
157.55.39.190 - - [30/Sep/2016:10:55:03 +0300] "GET /robots.txt HTTP/1.1" 404 27 "-" "Mozilla/5.0 (compatible; bingbot/2.0; +http://www.bing.com/bingbot.htm)"
68.180.230.189 - - [30/Sep/2016:11:12:03 +0300] "GET /robots.txt HTTP/1.1" 404 27 "-" "Mozilla/5.0 (compatible; Yahoo! Slurp; http://help.yahoo.com/help/us/ysearch/slurp)"
68.180.228.171 - - [30/Sep/2016:11:12:44 +0300] "GET /robots.txt HTTP/1.1" 404 27 "-" "Mozilla/5.0 (compatible; Yahoo! Slurp; http://help.yahoo.com/help/us/ysearch/slurp)"
68.180.228.171 - - [30/Sep/2016:11:12:45 +0300] "GET /8te6r3smb6iq0wi/ho-sakhe-to-chalna.php HTTP/1.1" 404 47 "-" "Mozilla/5.0 (compatible; Yahoo! Slurp; http://help.yahoo.com/help/us/ysearch/slurp)"
84.200.7.193 - - [30/Sep/2016:11:22:21 +0300] "PROPFIND /webdav/ HTTP/1.1" 404 27 "-" "WEBDAV Client"
167.114.103.142 - - [30/Sep/2016:11:23:17 +0300] "PROPFIND /webdav/ HTTP/1.1" 404 27 "-" "WEBDAV Client"
91.147.242.60 - - [30/Sep/2016:11:29:11 +0300] "GET / HTTP/1.1" 200 69 "-" "curl/7.17.1 (mips-unknown-linux-gnu) libcurl/7.17.1 OpenSSL/0.9.8i zlib/1.2.3"
83.190.92.27 - - [30/Sep/2016:11:30:24 +0300] "GET /paskutine-rugsejo-savaite-smarkus-vejas-ir-pliaupiantis-lietus/ HTTP/1.1" 404 47 "http://m.facebook.com/" "Mozilla/5.0 (Linux; Android 5.1.1; C6903 Build/14.6.A.1.236; wv) AppleWebKit/537.36 (KHTML, like Gecko) Version/4.0 Chrome/49.0.2623.105 Mobile Safari/537.36"
149.56.28.239 - - [30/Sep/2016:11:31:48 +0300] "PROPFIND /webdav/ HTTP/1.1" 404 27 "-" "WEBDAV Client"
192.99.144.140 - - [30/Sep/2016:11:37:52 +0300] "PROPFIND /webdav/ HTTP/1.1" 404 27 "-" "WEBDAV Client"
212.129.54.164 - - [30/Sep/2016:11:39:21 +0300] "PROPFIND /webdav/ HTTP/1.1" 404 27 "-" "WEBDAV Client"
62.210.148.246 - - [30/Sep/2016:11:40:59 +0300] "GET /robots.txt HTTP/1.0" 404 16 "-" "Mozilla/5.0 (compatible; MJ12bot/v1.4.5; http://www.majestic12.co.uk/bot.php?+)"
62.210.148.246 - - [30/Sep/2016:11:41:01 +0300] "GET /robots.txt HTTP/1.0" 404 16 "-" "Mozilla/5.0 (compatible; MJ12bot/v1.4.5; http://www.majestic12.co.uk/bot.php?+)"
62.210.148.246 - - [30/Sep/2016:11:41:03 +0300] "GET /posts/category/example-category-2 HTTP/1.0" 404 16 "-" "Mozilla/5.0 (compatible; MJ12bot/v1.4.5; http://www.majestic12.co.uk/bot.php?+)"
62.210.148.246 - - [30/Sep/2016:11:41:19 +0300] "GET /posts/category/example-sub-category-1 HTTP/1.0" 404 16 "-" "Mozilla/5.0 (compatible; MJ12bot/v1.4.5; http://www.majestic12.co.uk/bot.php?+)"
62.210.148.246 - - [30/Sep/2016:11:41:22 +0300] "GET /signup HTTP/1.0" 404 16 "-" "Mozilla/5.0 (compatible; MJ12bot/v1.4.5; http://www.majestic12.co.uk/bot.php?+)"
167.114.103.142 - - [30/Sep/2016:11:59:16 +0300] "PROPFIND /webdav/ HTTP/1.1" 404 27 "-" "WEBDAV Client"
202.46.50.92 - - [30/Sep/2016:12:11:28 +0300] "GET /dragons-at-crumbling-castle--and-other-tales-pdf HTTP/1.1" 404 27 "-" "Mozilla/5.0 (Windows NT 10.0; WOW64) AppleWebKit/537.36 (KHTML, like Gecko) Chrome/45.0.2454.93 Safari/537.36"
157.55.39.73 - - [30/Sep/2016:12:17:39 +0300] "GET /8te6r3smb6iq0wi/alt= HTTP/1.1" 404 47 "-" "Mozilla/5.0 (compatible; bingbot/2.0; +http://www.bing.com/bingbot.htm)"
83.181.159.128 - - [30/Sep/2016:12:30:41 +0300] "GET /paskutine-rugsejo-savaite-smarkus-vejas-ir-pliaupiantis-lietus/ HTTP/1.1" 404 47 "http://m.facebook.com/" "Mozilla/5.0 (Linux; Android 5.0.1; GT-I9505 Build/LRX22C; wv) AppleWebKit/537.36 (KHTML, like Gecko) Version/4.0 Chrome/52.0.2743.98 Mobile Safari/537.36 [FB_IAB/FB4A;FBAV/94.0.0.17.68;]"
83.181.159.128 - - [30/Sep/2016:12:30:42 +0300] "GET /naktinis-kaunas-nusvis-naujomis-spalvomis/ HTTP/1.1" 404 47 "http://m.facebook.com/" "Mozilla/5.0 (Linux; Android 5.0.1; GT-I9505 Build/LRX22C; wv) AppleWebKit/537.36 (KHTML, like Gecko) Version/4.0 Chrome/52.0.2743.98 Mobile Safari/537.36 [FB_IAB/FB4A;FBAV/94.0.0.17.68;]"
176.9.155.82 - - [30/Sep/2016:12:36:06 +0300] "GET /error.php?data=527FAFaJSSynJ1oFsEur9HH HTTP/1.1" 404 27 "http://google.web.us.spam.inbox.f406.mail.yahoo.com/ym/ShowLetter?MsgId=4475_7914_22_1472_992_0_193644_2237_2087809089&YY=48633&inc=200&order=down&sort=date&pos=0&view=a&head=b&box=Inbox" "Mozilla/5.0 (Windows NT 6.1; WOW64; Android; iPhone) AppleWebKit/537.36 (KHTML, like Gecko) Chrome/34.0.1847.116 Safari/537.36"
64.246.165.180 - - [30/Sep/2016:13:03:58 +0300] "GET / HTTP/1.1" 200 69 "http://whois.domaintools.com/gntv-server.tk" "Mozilla/5.0 (Windows; U; Windows NT 5.1; en; rv:1.9.0.13) Gecko/2009073022 Firefox/3.5.2 (.NET CLR 3.5.30729) SurveyBot/2.3 (DomainTools)"
207.46.13.31 - - [30/Sep/2016:13:06:24 +0300] "GET / HTTP/1.1" 200 69 "-" "Mozilla/5.0 (compatible; bingbot/2.0; +http://www.bing.com/bingbot.htm)"
212.129.54.164 - - [30/Sep/2016:13:10:10 +0300] "PROPFIND /webdav/ HTTP/1.1" 404 27 "-" "WEBDAV Client"
149.56.28.239 - - [30/Sep/2016:13:12:57 +0300] "PROPFIND /webdav/ HTTP/1.1" 404 27 "-" "WEBDAV Client"
192.99.144.140 - - [30/Sep/2016:13:29:20 +0300] "PROPFIND /webdav/ HTTP/1.1" 404 27 "-" "WEBDAV Client"
167.114.103.142 - - [30/Sep/2016:13:30:15 +0300] "PROPFIND /webdav/ HTTP/1.1" 404 27 "-" "WEBDAV Client"
149.56.28.239 - - [30/Sep/2016:13:39:27 +0300] "PROPFIND /webdav/ HTTP/1.1" 404 27 "-" "WEBDAV Client"
69.30.198.186 - - [30/Sep/2016:13:47:04 +0300] "GET /robots.txt HTTP/1.0" 404 16 "-" "Mozilla/5.0 (compatible; MJ12bot/v1.4.5; http://www.majestic12.co.uk/bot.php?+)"
69.30.198.186 - - [30/Sep/2016:13:47:10 +0300] "GET /robots.txt HTTP/1.0" 404 16 "-" "Mozilla/5.0 (compatible; MJ12bot/v1.4.5; http://www.majestic12.co.uk/bot.php?+)"
157.55.39.219 - - [30/Sep/2016:13:49:29 +0300] "GET /robots.txt HTTP/1.1" 404 27 "-" "Mozilla/5.0 (compatible; bingbot/2.0; +http://www.bing.com/bingbot.htm)"
157.55.39.219 - - [30/Sep/2016:13:49:33 +0300] "GET /dpcjk2syz0db354/mago-amar-ma-ami-tomari-khoka-mp3-song-by-khokababu-natok.php HTTP/1.1" 404 47 "-" "Mozilla/5.0 (compatible; bingbot/2.0; +http://www.bing.com/bingbot.htm)"
40.77.167.60 - - [30/Sep/2016:14:03:01 +0300] "GET /robots.txt HTTP/1.1" 404 47 "-" "Mozilla/5.0 (compatible; bingbot/2.0; +http://www.bing.com/bingbot.htm)"
192.99.144.140 - - [30/Sep/2016:14:09:59 +0300] "PROPFIND /webdav/ HTTP/1.1" 404 27 "-" "WEBDAV Client"
173.252.90.239 - - [30/Sep/2016:14:11:49 +0300] "GET /naujas.gif HTTP/1.1" 404 47 "-" "facebookexternalhit/1.1 (+http://www.facebook.com/externalhit_uatext.php)"
170.0.236.103 - - [30/Sep/2016:14:16:38 +0300] "PROPFIND /webdav/ HTTP/1.1" 404 27 "-" "WEBDAV Client"
40.77.167.49 - - [30/Sep/2016:14:27:25 +0300] "GET /g9slagzeffz7wxw/x0agv2qb.php HTTP/1.1" 404 47 "-" "Mozilla/5.0 (compatible; bingbot/2.0; +http://www.bing.com/bingbot.htm)"
66.249.69.217 - - [30/Sep/2016:14:38:23 +0300] "GET /dpcjk2syz0db354/siswi-smp-disetubuhi-kakak-pembina-pram.php HTTP/1.1" 404 47 "-" "Mozilla/5.0 (compatible; Googlebot/2.1; +http://www.google.com/bot.html)"
207.46.13.31 - - [30/Sep/2016:14:40:06 +0300] "GET /ibloom-in-business-kelly-thorne-gore-pdf HTTP/1.1" 404 47 "-" "Mozilla/5.0 (compatible; bingbot/2.0; +http://www.bing.com/bingbot.htm)"
78.62.163.187 - - [30/Sep/2016:14:50:41 +0300] "GET /paskutine-rugsejo-savaite-smarkus-vejas-ir-pliaupiantis-lietus/ HTTP/1.1" 404 47 "http://m.facebook.com/" "Mozilla/5.0 (Linux; Android 4.4.2; GT-N7100 Build/KOT49H) AppleWebKit/537.36 (KHTML, like Gecko) Version/4.0 Chrome/30.0.0.0 Mobile Safari/537.36 [FB_IAB/FB4A;FBAV/82.0.0.23.70;]"
78.62.163.187 - - [30/Sep/2016:14:51:13 +0300] "GET /naktinis-kaunas-nusvis-naujomis-spalvomis/ HTTP/1.1" 404 47 "http://m.facebook.com/" "Mozilla/5.0 (Linux; Android 4.4.2; GT-N7100 Build/KOT49H) AppleWebKit/537.36 (KHTML, like Gecko) Version/4.0 Chrome/30.0.0.0 Mobile Safari/537.36 [FB_IAB/FB4A;FBAV/82.0.0.23.70;]"
212.129.54.164 - - [30/Sep/2016:14:52:17 +0300] "PROPFIND /webdav/ HTTP/1.1" 404 27 "-" "WEBDAV Client"
149.56.28.239 - - [30/Sep/2016:15:07:16 +0300] "PROPFIND /webdav/ HTTP/1.1" 404 27 "-" "WEBDAV Client"
157.55.39.219 - - [30/Sep/2016:15:16:49 +0300] "GET /03oivulrtryege0/instragram-filipe-vilarinho.php HTTP/1.1" 404 47 "-" "Mozilla/5.0 (compatible; bingbot/2.0; +http://www.bing.com/bingbot.htm)"
207.46.13.31 - - [30/Sep/2016:15:31:39 +0300] "GET /dpcjk2syz0db354/download-lagu-india-yang-di-nyanyikan-di-film-uttaran.php HTTP/1.1" 404 47 "-" "Mozilla/5.0 (compatible; bingbot/2.0; +http://www.bing.com/bingbot.htm)"
88.222.188.131 - - [30/Sep/2016:15:32:53 +0300] "GET /naktinis-kaunas-nusvis-naujomis-spalvomis/ HTTP/1.1" 404 47 "http://m.facebook.com/" "Mozilla/5.0 (Linux; Android 6.0.1; SM-G930F Build/MMB29K; wv) AppleWebKit/537.36 (KHTML, like Gecko) Version/4.0 Chrome/53.0.2785.124 Mobile Safari/537.36 [FB_IAB/FB4A;FBAV/96.0.0.17.70;]"
66.249.69.213 - - [30/Sep/2016:15:35:49 +0300] "GET /the-event-handbook HTTP/1.1" 404 47 "-" "Mozilla/5.0 (compatible; Googlebot/2.1; +http://www.google.com/bot.html)"
66.249.69.213 - - [30/Sep/2016:15:38:27 +0300] "GET /wp-content/themes/twentysixteen/style.css?ver=4.5.3 HTTP/1.1" 404 47 "http://naujas.dental.lt/" "Mozilla/5.0 (compatible; Googlebot/2.1; +http://www.google.com/bot.html)"
157.55.39.219 - - [30/Sep/2016:15:39:36 +0300] "GET /bel-ami-book-english-translation HTTP/1.1" 404 47 "-" "Mozilla/5.0 (compatible; bingbot/2.0; +http://www.bing.com/bingbot.htm)"
62.210.148.246 - - [30/Sep/2016:15:40:52 +0300] "GET /robots.txt HTTP/1.0" 404 16 "-" "Mozilla/5.0 (compatible; MJ12bot/v1.4.5; http://www.majestic12.co.uk/bot.php?+)"
62.210.148.246 - - [30/Sep/2016:15:40:57 +0300] "GET /robots.txt HTTP/1.0" 404 16 "-" "Mozilla/5.0 (compatible; MJ12bot/v1.4.5; http://www.majestic12.co.uk/bot.php?+)"
62.210.148.246 - - [30/Sep/2016:15:40:59 +0300] "GET /1984-george-orwell-download-ebook HTTP/1.0" 404 16 "-" "Mozilla/5.0 (compatible; MJ12bot/v1.4.5; http://www.majestic12.co.uk/bot.php?+)"
62.210.148.246 - - [30/Sep/2016:15:41:03 +0300] "GET /6-boeken-saskia-noort-e-books-nlt-release HTTP/1.0" 404 16 "-" "Mozilla/5.0 (compatible; MJ12bot/v1.4.5; http://www.majestic12.co.uk/bot.php?+)"
212.129.54.164 - - [30/Sep/2016:15:57:09 +0300] "PROPFIND /webdav/ HTTP/1.1" 404 27 "-" "WEBDAV Client"
157.55.39.219 - - [30/Sep/2016:16:08:40 +0300] "GET /dpcjk2syz0db354/mud-ke-to-dekh-son.php HTTP/1.1" 404 47 "-" "Mozilla/5.0 (compatible; bingbot/2.0; +http://www.bing.com/bingbot.htm)"
113.160.154.138 - - [30/Sep/2016:16:09:15 +0300] "GET /admin/config.php HTTP/1.1" 404 27 "-" "curl/7.15.5 (x86_64-redhat-linux-gnu) libcurl/7.15.5 OpenSSL/0.9.8b zlib/1.2.3 libidn/0.6.5"
84.200.7.193 - - [30/Sep/2016:16:21:14 +0300] "PROPFIND /webdav/ HTTP/1.1" 404 27 "-" "WEBDAV Client"
157.55.39.185 - - [30/Sep/2016:16:24:24 +0300] "GET /robots.txt HTTP/1.1" 404 27 "-" "Mozilla/5.0 (compatible; bingbot/2.0; +http://www.bing.com/bingbot.htm)"
192.99.144.140 - - [30/Sep/2016:16:26:02 +0300] "PROPFIND /webdav/ HTTP/1.1" 404 27 "-" "WEBDAV Client"
157.55.39.219 - - [30/Sep/2016:16:55:16 +0300] "GET /pacemaker-economics--answer-key-globe-fearon-pdf HTTP/1.1" 404 47 "-" "Mozilla/5.0 (compatible; bingbot/2.0; +http://www.bing.com/bingbot.htm)"
212.129.54.164 - - [30/Sep/2016:17:00:47 +0300] "PROPFIND /webdav/ HTTP/1.1" 404 27 "-" "WEBDAV Client"
42.236.10.71 - - [30/Sep/2016:17:07:30 +0300] "GET /8te6r3smb6iq0wi/video-funghi-2016.php HTTP/1.1" 404 47 "https://files.viralinthebox.com/8te6r3smb6iq0wi/video-funghi-2016.php" "Mozilla/5.0 (compatible; MSIE 9.0; Windows NT 6.1; Trident/5.0); 360Spider"
212.129.54.164 - - [30/Sep/2016:17:21:19 +0300] "PROPFIND /webdav/ HTTP/1.1" 404 27 "-" "WEBDAV Client"
78.58.183.34 - - [30/Sep/2016:17:32:37 +0300] "GET /paskutine-rugsejo-savaite-smarkus-vejas-ir-pliaupiantis-lietus/ HTTP/1.1" 404 47 "http://m.facebook.com/" "Mozilla/5.0 (Linux; Android 6.0.1; E6653 Build/32.2.A.0.253; wv) AppleWebKit/537.36 (KHTML, like Gecko) Version/4.0 Chrome/53.0.2785.124 Mobile Safari/537.36 [FB_IAB/FB4A;FBAV/96.0.0.17.70;]"
71.13.87.122 - - [30/Sep/2016:17:38:06 +0300] "GET /robots.txt HTTP/1.0" 404 16 "-" "Mozilla/5.0 (compatible; MJ12bot/v1.4.5; http://www.majestic12.co.uk/bot.php?+)"
71.13.87.122 - - [30/Sep/2016:17:38:11 +0300] "GET /robots.txt HTTP/1.0" 404 16 "-" "Mozilla/5.0 (compatible; MJ12bot/v1.4.5; http://www.majestic12.co.uk/bot.php?+)"
71.13.87.122 - - [30/Sep/2016:17:38:13 +0300] "GET /the-cartoon-guide-to-physicscartoon-guides-pdf HTTP/1.1" 404 27 "-" "Mozilla/5.0 (compatible; MJ12bot/v1.4.5; http://www.majestic12.co.uk/bot.php?+)"
192.99.144.140 - - [30/Sep/2016:17:40:26 +0300] "PROPFIND /webdav/ HTTP/1.1" 404 27 "-" "WEBDAV Client"
71.13.87.122 - - [30/Sep/2016:17:47:06 +0300] "GET /robots.txt HTTP/1.0" 404 16 "-" "Mozilla/5.0 (compatible; MJ12bot/v1.4.5; http://www.majestic12.co.uk/bot.php?+)"
71.13.87.122 - - [30/Sep/2016:17:47:11 +0300] "GET /robots.txt HTTP/1.0" 404 16 "-" "Mozilla/5.0 (compatible; MJ12bot/v1.4.5; http://www.majestic12.co.uk/bot.php?+)"
71.13.87.122 - - [30/Sep/2016:17:47:13 +0300] "GET /gntv-server.tk/public_html/videos/category/%C5%BEalias-skonis HTTP/1.1" 404 27 "-" "Mozilla/5.0 (compatible; MJ12bot/v1.4.5; http://www.majestic12.co.uk/bot.php?+)"
62.210.143.245 - - [30/Sep/2016:17:52:17 +0300] "GET /robots.txt HTTP/1.0" 404 16 "-" "Mozilla/5.0 (compatible; MJ12bot/v1.4.5; http://www.majestic12.co.uk/bot.php?+)"
62.210.143.245 - - [30/Sep/2016:17:52:20 +0300] "GET /robots.txt HTTP/1.0" 404 16 "-" "Mozilla/5.0 (compatible; MJ12bot/v1.4.5; http://www.majestic12.co.uk/bot.php?+)"
62.210.143.245 - - [30/Sep/2016:17:52:22 +0300] "GET /videos/category/%C5%BEalias-skonis HTTP/1.0" 404 16 "-" "Mozilla/5.0 (compatible; MJ12bot/v1.4.5; http://www.majestic12.co.uk/bot.php?+)"
167.114.103.142 - - [30/Sep/2016:17:56:17 +0300] "PROPFIND /webdav/ HTTP/1.1" 404 27 "-" "WEBDAV Client"
94.197.121.83 - - [30/Sep/2016:17:56:43 +0300] "GET /naktinis-kaunas-nusvis-naujomis-spalvomis/ HTTP/1.1" 404 47 "http://m.facebook.com/" "Mozilla/5.0 (Linux; Android 6.0.1; SM-G935F Build/MMB29K; wv) AppleWebKit/537.36 (KHTML, like Gecko) Version/4.0 Chrome/51.0.2704.81 Mobile Safari/537.36 [FB_IAB/FB4A;FBAV/93.0.0.13.69;]"
157.55.39.24 - - [30/Sep/2016:18:21:43 +0300] "GET /sharepoint-tutorial-for-beginners-pdf-download HTTP/1.1" 404 47 "-" "Mozilla/5.0 (compatible; bingbot/2.0; +http://www.bing.com/bingbot.htm)"
157.55.39.219 - - [30/Sep/2016:18:36:11 +0300] "GET /the-six-wives-of-henry-viii-alison-weir-pdf HTTP/1.1" 404 47 "-" "Mozilla/5.0 (compatible; bingbot/2.0; +http://www.bing.com/bingbot.htm)"
84.200.7.193 - - [30/Sep/2016:18:36:26 +0300] "PROPFIND /webdav/ HTTP/1.1" 404 27 "-" "WEBDAV Client"
164.132.201.51 - - [30/Sep/2016:18:41:34 +0300] "PROPFIND /webdav/ HTTP/1.1" 404 27 "-" "WEBDAV Client"
69.30.198.202 - - [30/Sep/2016:18:45:57 +0300] "GET /robots.txt HTTP/1.0" 404 16 "-" "Mozilla/5.0 (compatible; MJ12bot/v1.4.5; http://www.majestic12.co.uk/bot.php?+)"
69.30.198.202 - - [30/Sep/2016:18:46:02 +0300] "GET /robots.txt HTTP/1.0" 404 16 "-" "Mozilla/5.0 (compatible; MJ12bot/v1.4.5; http://www.majestic12.co.uk/bot.php?+)"
69.30.198.202 - - [30/Sep/2016:18:46:10 +0300] "GET /crystallization-technology-handbook-2nd-ed-pdf HTTP/1.0" 404 16 "-" "Mozilla/5.0 (compatible; MJ12bot/v1.4.5; http://www.majestic12.co.uk/bot.php?+)"
69.30.198.202 - - [30/Sep/2016:18:46:13 +0300] "GET /robots.txt HTTP/1.0" 404 16 "-" "Mozilla/5.0 (compatible; MJ12bot/v1.4.5; http://www.majestic12.co.uk/bot.php?+)"
69.30.198.202 - - [30/Sep/2016:18:46:17 +0300] "GET /ebook-nl-linda HTTP/1.0" 404 16 "-" "Mozilla/5.0 (compatible; MJ12bot/v1.4.5; http://www.majestic12.co.uk/bot.php?+)"
69.30.198.202 - - [30/Sep/2016:18:46:21 +0300] "GET /robots.txt HTTP/1.0" 404 16 "-" "Mozilla/5.0 (compatible; MJ12bot/v1.4.5; http://www.majestic12.co.uk/bot.php?+)"
69.30.198.202 - - [30/Sep/2016:18:46:24 +0300] "GET /robots.txt HTTP/1.0" 404 16 "-" "Mozilla/5.0 (compatible; MJ12bot/v1.4.5; http://www.majestic12.co.uk/bot.php?+)"
69.30.198.202 - - [30/Sep/2016:18:46:26 +0300] "GET /holy-bible-download-in-pdf HTTP/1.0" 404 16 "-" "Mozilla/5.0 (compatible; MJ12bot/v1.4.5; http://www.majestic12.co.uk/bot.php?+)"
69.30.198.202 - - [30/Sep/2016:18:46:31 +0300] "GET /robots.txt HTTP/1.0" 404 16 "-" "Mozilla/5.0 (compatible; MJ12bot/v1.4.5; http://www.majestic12.co.uk/bot.php?+)"
69.30.198.202 - - [30/Sep/2016:18:46:34 +0300] "GET /one-day-in-the-life-of-ivan-denisovich-mobi HTTP/1.0" 404 16 "-" "Mozilla/5.0 (compatible; MJ12bot/v1.4.5; http://www.majestic12.co.uk/bot.php?+)"
69.30.198.202 - - [30/Sep/2016:18:46:35 +0300] "GET /robots.txt HTTP/1.0" 404 16 "-" "Mozilla/5.0 (compatible; MJ12bot/v1.4.5; http://www.majestic12.co.uk/bot.php?+)"
69.30.198.202 - - [30/Sep/2016:18:46:41 +0300] "GET /robots.txt HTTP/1.0" 404 16 "-" "Mozilla/5.0 (compatible; MJ12bot/v1.4.5; http://www.majestic12.co.uk/bot.php?+)"
69.30.198.202 - - [30/Sep/2016:18:46:43 +0300] "GET /system-verilog-golden-reference-guide-doulos-pdf HTTP/1.0" 404 16 "-" "Mozilla/5.0 (compatible; MJ12bot/v1.4.5; http://www.majestic12.co.uk/bot.php?+)"
5.9.89.170 - - [30/Sep/2016:18:59:20 +0300] "GET /robots.txt HTTP/1.0" 404 16 "-" "Mozilla/5.0 (compatible; MJ12bot/v1.4.5; http://www.majestic12.co.uk/bot.php?+)"
5.9.89.170 - - [30/Sep/2016:18:59:24 +0300] "GET /robots.txt HTTP/1.0" 404 16 "-" "Mozilla/5.0 (compatible; MJ12bot/v1.4.5; http://www.majestic12.co.uk/bot.php?+)"
5.9.89.170 - - [30/Sep/2016:18:59:25 +0300] "GET /03oivulrtryege0/du-doan-cap-so-ra-hom-nay.php HTTP/1.0" 404 16 "-" "Mozilla/5.0 (compatible; MJ12bot/v1.4.5; http://www.majestic12.co.uk/bot.php?+)"
5.9.89.170 - - [30/Sep/2016:18:59:30 +0300] "GET /page/faq HTTP/1.0" 404 16 "-" "Mozilla/5.0 (compatible; MJ12bot/v1.4.5; http://www.majestic12.co.uk/bot.php?+)"
157.55.39.185 - - [30/Sep/2016:19:37:48 +0300] "GET /robots.txt HTTP/1.1" 404 27 "-" "Mozilla/5.0 (compatible; bingbot/2.0; +http://www.bing.com/bingbot.htm)"
157.55.39.24 - - [30/Sep/2016:19:42:35 +0300] "GET /download-kindle-playbook HTTP/1.1" 404 47 "-" "Mozilla/5.0 (compatible; bingbot/2.0; +http://www.bing.com/bingbot.htm)"
193.219.84.67 - - [30/Sep/2016:19:45:15 +0300] "GET /horoskopas-daug-kas-baigsis-ir-daug-kas-prasides/ HTTP/1.1" 404 47 "http://m.facebook.com/" "Mozilla/5.0 (Linux; U; Android 4.3; en-us; GT-I9300 Build/JSS15J) AppleWebKit/534.30 (KHTML, like Gecko) Version/4.0 Mobile Safari/534.30 [FB_IAB/FB4A;FBAV/96.0.0.17.70;]"
40.77.167.60 - - [30/Sep/2016:19:52:03 +0300] "GET /robots.txt HTTP/1.1" 404 47 "-" "Mozilla/5.0 (compatible; bingbot/2.0; +http://www.bing.com/bingbot.htm)"
40.77.167.60 - - [30/Sep/2016:19:53:27 +0300] "GET /robots.txt HTTP/1.1" 404 47 "-" "Mozilla/5.0 (compatible; bingbot/2.0; +http://www.bing.com/bingbot.htm)"
182.118.60.101 - - [30/Sep/2016:19:54:12 +0300] "GET / HTTP/1.1" 200 69 "http://91.211.244.127" "Go 1.1 package http"
40.77.167.60 - - [30/Sep/2016:19:55:48 +0300] "GET /robots.txt HTTP/1.1" 404 47 "-" "Mozilla/5.0 (compatible; bingbot/2.0; +http://www.bing.com/bingbot.htm)"
164.132.201.51 - - [30/Sep/2016:19:58:18 +0300] "PROPFIND /webdav/ HTTP/1.1" 404 27 "-" "WEBDAV Client"
40.77.167.60 - - [30/Sep/2016:20:00:47 +0300] "GET /robots.txt HTTP/1.1" 404 47 "-" "Mozilla/5.0 (compatible; bingbot/2.0; +http://www.bing.com/bingbot.htm)"
78.62.99.67 - - [30/Sep/2016:20:02:08 +0300] "GET /horoskopas-daug-kas-baigsis-ir-daug-kas-prasides/ HTTP/1.1" 404 47 "http://m.facebook.com/" "Mozilla/5.0 (Linux; Android 5.0.2; SM-T530 Build/LRX22G; wv) AppleWebKit/537.36 (KHTML, like Gecko) Version/4.0 Chrome/53.0.2785.124 Safari/537.36 [FB_IAB/FB4A;FBAV/95.0.0.13.69;]"
149.202.54.5 - - [30/Sep/2016:20:03:40 +0300] "GET /robots.txt HTTP/1.0" 404 16 "-" "Mozilla/5.0 (compatible; MJ12bot/v1.4.5; http://www.majestic12.co.uk/bot.php?+)"
149.202.54.5 - - [30/Sep/2016:20:03:42 +0300] "GET /robots.txt HTTP/1.0" 404 16 "-" "Mozilla/5.0 (compatible; MJ12bot/v1.4.5; http://www.majestic12.co.uk/bot.php?+)"
149.202.54.5 - - [30/Sep/2016:20:03:43 +0300] "GET /?pakviestas=68 HTTP/1.0" 200 69 "-" "Mozilla/5.0 (compatible; MJ12bot/v1.4.5; http://www.majestic12.co.uk/bot.php?+)"
149.202.54.5 - - [30/Sep/2016:20:04:48 +0300] "GET /robots.txt HTTP/1.0" 404 16 "-" "Mozilla/5.0 (compatible; MJ12bot/v1.4.5; http://www.majestic12.co.uk/bot.php?+)"
149.202.54.5 - - [30/Sep/2016:20:04:51 +0300] "GET / HTTP/1.0" 200 69 "-" "Mozilla/5.0 (compatible; MJ12bot/v1.4.5; http://www.majestic12.co.uk/bot.php?+)"
40.77.167.60 - - [30/Sep/2016:20:07:43 +0300] "GET /robots.txt HTTP/1.1" 404 47 "-" "Mozilla/5.0 (compatible; bingbot/2.0; +http://www.bing.com/bingbot.htm)"
207.46.13.31 - - [30/Sep/2016:20:10:11 +0300] "GET /bookkeeping-for-canadians HTTP/1.1" 404 47 "-" "Mozilla/5.0 (compatible; bingbot/2.0; +http://www.bing.com/bingbot.htm)"
192.99.144.140 - - [30/Sep/2016:20:10:21 +0300] "PROPFIND /webdav/ HTTP/1.1" 404 27 "-" "WEBDAV Client"
167.114.103.142 - - [30/Sep/2016:20:37:15 +0300] "PROPFIND /webdav/ HTTP/1.1" 404 27 "-" "WEBDAV Client"
5.9.88.103 - - [30/Sep/2016:20:38:55 +0300] "GET /robots.txt HTTP/1.0" 404 16 "-" "Mozilla/5.0 (compatible; MJ12bot/v1.4.5; http://www.majestic12.co.uk/bot.php?+)"
5.9.88.103 - - [30/Sep/2016:20:39:02 +0300] "GET /robots.txt HTTP/1.0" 404 16 "-" "Mozilla/5.0 (compatible; MJ12bot/v1.4.5; http://www.majestic12.co.uk/bot.php?+)"
5.9.88.103 - - [30/Sep/2016:20:39:03 +0300] "GET /ham-radio-arrl-handbook-2013 HTTP/1.0" 404 16 "-" "Mozilla/5.0 (compatible; MJ12bot/v1.4.5; http://www.majestic12.co.uk/bot.php?+)"
5.9.88.103 - - [30/Sep/2016:20:39:13 +0300] "GET /handbook-of-emergency-cardiovascular-care-for-heal HTTP/1.0" 404 16 "-" "Mozilla/5.0 (compatible; MJ12bot/v1.4.5; http://www.majestic12.co.uk/bot.php?+)"
5.9.88.103 - - [30/Sep/2016:20:39:16 +0300] "GET /hcl-notebook-g38-drivers-download HTTP/1.0" 404 16 "-" "Mozilla/5.0 (compatible; MJ12bot/v1.4.5; http://www.majestic12.co.uk/bot.php?+)"
66.249.79.79 - - [30/Sep/2016:20:50:29 +0300] "GET /robots.txt HTTP/1.1" 404 47 "-" "Mozilla/5.0 (compatible; Googlebot/2.1; +http://www.google.com/bot.html)"
66.249.79.90 - - [30/Sep/2016:20:50:31 +0300] "GET /8te6r3smb6iq0wi/liste-des-resultat-du-bepc-conakry-2016.php HTTP/1.1" 404 47 "-" "Mozilla/5.0 (compatible; Googlebot/2.1; +http://www.google.com/bot.html)"
104.175.133.115 - - [30/Sep/2016:20:57:30 +0300] "GET /paskutine-rugsejo-savaite-smarkus-vejas-ir-pliaupiantis-lietus/ HTTP/1.1" 404 47 "http://m.facebook.com/" "Mozilla/5.0 (Linux; Android 6.0.1; SM-G925T Build/MMB29K; wv) AppleWebKit/537.36 (KHTML, like Gecko) Version/4.0 Chrome/53.0.2785.124 Mobile Safari/537.36 [FB_IAB/FB4A;FBAV/96.0.0.17.70;]"
212.129.54.164 - - [30/Sep/2016:20:59:56 +0300] "PROPFIND /webdav/ HTTP/1.1" 404 27 "-" "WEBDAV Client"
157.55.39.24 - - [30/Sep/2016:21:03:07 +0300] "GET /feed/ HTTP/1.1" 404 47 "-" "Mozilla/5.0 (compatible; bingbot/2.0; +http://www.bing.com/bingbot.htm)"
