66.249.79.90 - - [30/Sep/2016:21:10:59 +0300] "GET /videos/category/cia-ir-dabar HTTP/1.1" 404 47 "-" "Mozilla/5.0 (Linux; Android 6.0.1; Nexus 5X Build/MMB29P) AppleWebKit/537.36 (KHTML, like Gecko) Chrome/41.0.2272.96 Mobile Safari/537.36 (compatible; Googlebot/2.1; +http://www.google.com/bot.html)"
192.99.144.140 - - [30/Sep/2016:21:12:42 +0300] "PROPFIND /webdav/ HTTP/1.1" 404 27 "-" "WEBDAV Client"
46.4.120.3 - - [30/Sep/2016:21:22:34 +0300] "GET /robots.txt HTTP/1.0" 404 16 "-" "Mozilla/5.0 (compatible; MJ12bot/v1.4.5; http://www.majestic12.co.uk/bot.php?+)"
46.4.120.3 - - [30/Sep/2016:21:22:36 +0300] "GET /robots.txt HTTP/1.0" 404 16 "-" "Mozilla/5.0 (compatible; MJ12bot/v1.4.5; http://www.majestic12.co.uk/bot.php?+)"
46.4.120.3 - - [30/Sep/2016:21:22:37 +0300] "GET /sony-vegas-pdf-download HTTP/1.0" 404 16 "-" "Mozilla/5.0 (compatible; MJ12bot/v1.4.5; http://www.majestic12.co.uk/bot.php?+)"
46.4.120.3 - - [30/Sep/2016:21:22:40 +0300] "GET /spe-565-teaching-toolbox-pdf HTTP/1.0" 404 16 "-" "Mozilla/5.0 (compatible; MJ12bot/v1.4.5; http://www.majestic12.co.uk/bot.php?+)"
46.4.120.3 - - [30/Sep/2016:21:22:43 +0300] "GET /system-verilog-golden-reference-guide-doulos-pdf HTTP/1.0" 404 16 "-" "Mozilla/5.0 (compatible; MJ12bot/v1.4.5; http://www.majestic12.co.uk/bot.php?+)"
207.46.13.31 - - [30/Sep/2016:21:30:56 +0300] "GET /8te6r3smb6iq0wi/tum-ho-toh-video-song-download-full-hd.php HTTP/1.1" 404 47 "-" "Mozilla/5.0 (compatible; bingbot/2.0; +http://www.bing.com/bingbot.htm)"
157.55.39.219 - - [30/Sep/2016:21:43:15 +0300] "GET /data.php HTTP/1.1" 404 47 "-" "Mozilla/5.0 (compatible; bingbot/2.0; +http://www.bing.com/bingbot.htm)"
78.57.196.84 - - [30/Sep/2016:21:51:49 +0300] "GET /naktinis-kaunas-nusvis-naujomis-spalvomis/ HTTP/1.1" 404 47 "http://m.facebook.com/" "Mozilla/5.0 (Linux; Android 4.4.2; SM-T310 Build/KOT49H) AppleWebKit/537.36 (KHTML, like Gecko) Version/4.0 Chrome/30.0.0.0 Safari/537.36 [FB_IAB/FB4A;FBAV/96.0.0.17.70;]"
78.57.196.84 - - [30/Sep/2016:21:52:05 +0300] "GET /paskutine-rugsejo-savaite-smarkus-vejas-ir-pliaupiantis-lietus/ HTTP/1.1" 404 47 "http://m.facebook.com/" "Mozilla/5.0 (Linux; Android 4.4.2; SM-T310 Build/KOT49H) AppleWebKit/537.36 (KHTML, like Gecko) Version/4.0 Chrome/30.0.0.0 Safari/537.36 [FB_IAB/FB4A;FBAV/96.0.0.17.70;]"
149.202.183.247 - - [30/Sep/2016:21:56:38 +0300] "GET /etc/lib/pChart2/examples/imageMap/index.php HTTP/1.1" 404 27 "-" "-"
176.9.10.227 - - [30/Sep/2016:22:12:15 +0300] "GET /robots.txt HTTP/1.0" 404 16 "-" "Mozilla/5.0 (compatible; MJ12bot/v1.4.5; http://www.majestic12.co.uk/bot.php?+)"
176.9.10.227 - - [30/Sep/2016:22:12:17 +0300] "GET /robots.txt HTTP/1.0" 404 16 "-" "Mozilla/5.0 (compatible; MJ12bot/v1.4.5; http://www.majestic12.co.uk/bot.php?+)"
176.9.10.227 - - [30/Sep/2016:22:12:19 +0300] "GET /8te6r3smb6iq0wi/download-lagu-soundtrack-ranveer.php HTTP/1.0" 404 16 "-" "Mozilla/5.0 (compatible; MJ12bot/v1.4.5; http://www.majestic12.co.uk/bot.php?+)"
167.114.103.142 - - [30/Sep/2016:22:21:19 +0300] "PROPFIND /webdav/ HTTP/1.1" 404 27 "-" "WEBDAV Client"
178.203.120.68 - - [30/Sep/2016:22:24:08 +0300] "GET /robots.txt HTTP/1.0" 404 16 "-" "Mozilla/5.0 (compatible; MJ12bot/v1.4.5; http://www.majestic12.co.uk/bot.php?+)"
178.203.120.68 - - [30/Sep/2016:22:24:11 +0300] "GET /robots.txt HTTP/1.0" 404 16 "-" "Mozilla/5.0 (compatible; MJ12bot/v1.4.5; http://www.majestic12.co.uk/bot.php?+)"
178.203.120.68 - - [30/Sep/2016:22:24:12 +0300] "GET /index.php?route=product/product&manufacturer_id=8&product_id=36&page=2 HTTP/1.0" 404 16 "-" "Mozilla/5.0 (compatible; MJ12bot/v1.4.5; http://www.majestic12.co.uk/bot.php?+)"
178.203.120.68 - - [30/Sep/2016:22:24:15 +0300] "GET /index.php?route=product/product&manufacturer_id=8&product_id=42&page=2 HTTP/1.0" 404 16 "-" "Mozilla/5.0 (compatible; MJ12bot/v1.4.5; http://www.majestic12.co.uk/bot.php?+)"
178.203.120.68 - - [30/Sep/2016:22:24:18 +0300] "GET /index.php?route=product/product&manufacturer_id=8&product_id=45&page=2 HTTP/1.0" 404 16 "-" "Mozilla/5.0 (compatible; MJ12bot/v1.4.5; http://www.majestic12.co.uk/bot.php?+)"
178.203.120.68 - - [30/Sep/2016:22:24:21 +0300] "GET /index.php?route=product/product&path=18&product_id=35 HTTP/1.0" 404 16 "-" "Mozilla/5.0 (compatible; MJ12bot/v1.4.5; http://www.majestic12.co.uk/bot.php?+)"
202.46.58.13 - - [30/Sep/2016:22:25:04 +0300] "GET /direct-tax-code-2011-download-pdf HTTP/1.1" 404 27 "-" "Mozilla/5.0 (Windows NT 10.0; WOW64) AppleWebKit/537.36 (KHTML, like Gecko) Chrome/45.0.2454.93 Safari/537.36"
192.99.144.140 - - [30/Sep/2016:22:31:47 +0300] "PROPFIND /webdav/ HTTP/1.1" 404 27 "-" "WEBDAV Client"
88.105.185.178 - - [30/Sep/2016:22:36:36 +0300] "GET /paskutine-rugsejo-savaite-smarkus-vejas-ir-pliaupiantis-lietus/ HTTP/1.1" 404 47 "http://m.facebook.com/" "Mozilla/5.0 (Linux; Android 5.0.2; SM-T530 Build/LRX22G; wv) AppleWebKit/537.36 (KHTML, like Gecko) Version/4.0 Chrome/53.0.2785.124 Safari/537.36 [FB_IAB/FB4A;FBAV/96.0.0.17.70;]"
170.0.236.103 - - [30/Sep/2016:22:42:38 +0300] "PROPFIND /webdav/ HTTP/1.1" 404 27 "-" "WEBDAV Client"
89.116.214.221 - - [30/Sep/2016:23:00:49 +0300] "GET /paskutine-rugsejo-savaite-smarkus-vejas-ir-pliaupiantis-lietus/ HTTP/1.1" 404 47 "http://m.facebook.com/" "Mozilla/5.0 (Linux; Android 4.4.2; GT-I9195 Build/KOT49H) AppleWebKit/537.36 (KHTML, like Gecko) Version/4.0 Chrome/30.0.0.0 Mobile Safari/537.36 [FB_IAB/FB4A;FBAV/95.0.0.13.69;]"
178.203.120.68 - - [30/Sep/2016:23:02:45 +0300] "GET /robots.txt HTTP/1.0" 404 16 "-" "Mozilla/5.0 (compatible; MJ12bot/v1.4.5; http://www.majestic12.co.uk/bot.php?+)"
178.203.120.68 - - [30/Sep/2016:23:02:47 +0300] "GET /robots.txt HTTP/1.0" 404 16 "-" "Mozilla/5.0 (compatible; MJ12bot/v1.4.5; http://www.majestic12.co.uk/bot.php?+)"
178.203.120.68 - - [30/Sep/2016:23:02:49 +0300] "GET /login HTTP/1.0" 404 16 "-" "Mozilla/5.0 (compatible; MJ12bot/v1.4.5; http://www.majestic12.co.uk/bot.php?+)"
178.203.120.68 - - [30/Sep/2016:23:02:52 +0300] "GET /page/faq HTTP/1.0" 404 16 "-" "Mozilla/5.0 (compatible; MJ12bot/v1.4.5; http://www.majestic12.co.uk/bot.php?+)"
178.203.120.68 - - [30/Sep/2016:23:02:55 +0300] "GET /video/19 HTTP/1.0" 404 16 "-" "Mozilla/5.0 (compatible; MJ12bot/v1.4.5; http://www.majestic12.co.uk/bot.php?+)"
178.203.120.68 - - [30/Sep/2016:23:02:58 +0300] "GET /videos/category/tech HTTP/1.0" 404 16 "-" "Mozilla/5.0 (compatible; MJ12bot/v1.4.5; http://www.majestic12.co.uk/bot.php?+)"
192.99.144.140 - - [30/Sep/2016:23:10:24 +0300] "PROPFIND /webdav/ HTTP/1.1" 404 27 "-" "WEBDAV Client"
157.55.39.219 - - [30/Sep/2016:23:16:48 +0300] "GET /dpcjk2syz0db354/ho-sake-to-rhna-tum-sath-merai-song-downlo.php HTTP/1.1" 404 47 "-" "Mozilla/5.0 (compatible; bingbot/2.0; +http://www.bing.com/bingbot.htm)"
90.140.237.88 - - [30/Sep/2016:23:25:11 +0300] "GET /paskutine-rugsejo-savaite-smarkus-vejas-ir-pliaupiantis-lietus/ HTTP/1.1" 404 47 "http://m.facebook.com/" "Mozilla/5.0 (Linux; Android 6.0.1; E5823 Build/32.2.A.0.253; wv) AppleWebKit/537.36 (KHTML, like Gecko) Version/4.0 Chrome/53.0.2785.124 Mobile Safari/537.36 [FB_IAB/FB4A;FBAV/96.0.0.17.70;]"
167.114.103.142 - - [30/Sep/2016:23:27:32 +0300] "PROPFIND /webdav/ HTTP/1.1" 404 27 "-" "WEBDAV Client"
212.129.54.164 - - [30/Sep/2016:23:34:51 +0300] "PROPFIND /webdav/ HTTP/1.1" 404 27 "-" "WEBDAV Client"
82.140.146.101 - - [30/Sep/2016:23:39:35 +0300] "GET /naktinis-kaunas-nusvis-naujomis-spalvomis/ HTTP/1.1" 404 47 "http://m.facebook.com/" "Mozilla/5.0 (Linux; Android 4.4.2; SM-G355HN Build/KOT49H) AppleWebKit/537.36 (KHTML, like Gecko) Version/4.0 Chrome/30.0.0.0 Mobile Safari/537.36 [FB_IAB/FB4A;FBAV/96.0.0.17.70;]"
170.0.236.103 - - [30/Sep/2016:23:42:21 +0300] "PROPFIND /webdav/ HTTP/1.1" 404 27 "-" "WEBDAV Client"
66.249.79.90 - - [30/Sep/2016:23:57:16 +0300] "GET /robots.txt HTTP/1.1" 404 47 "-" "Mozilla/5.0 (compatible; Googlebot/2.1; +http://www.google.com/bot.html)"
66.249.79.90 - - [30/Sep/2016:23:57:17 +0300] "GET /uizmtyusorjw.html HTTP/1.1" 404 47 "-" "Mozilla/5.0 (compatible; Googlebot/2.1; +http://www.google.com/bot.html)"
207.46.13.31 - - [01/Oct/2016:00:11:33 +0300] "GET /dpcjk2syz0db354/tu-h-to-lagta-h-me-hu-n-ho-to-lagta-h.php HTTP/1.1" 404 47 "-" "Mozilla/5.0 (compatible; bingbot/2.0; +http://www.bing.com/bingbot.htm)"
91.147.242.60 - - [01/Oct/2016:00:12:08 +0300] "GET / HTTP/1.1" 200 69 "-" "curl/7.17.1 (mips-unknown-linux-gnu) libcurl/7.17.1 OpenSSL/0.9.8i zlib/1.2.3"
192.99.144.140 - - [01/Oct/2016:00:13:36 +0300] "PROPFIND /webdav/ HTTP/1.1" 404 27 "-" "WEBDAV Client"
207.46.13.31 - - [01/Oct/2016:00:15:10 +0300] "GET /john-connolly-epub HTTP/1.1" 404 47 "-" "Mozilla/5.0 (compatible; bingbot/2.0; +http://www.bing.com/bingbot.htm)"
167.114.40.7 - - [01/Oct/2016:00:25:29 +0300] "PROPFIND /webdav/ HTTP/1.1" 404 27 "-" "WEBDAV Client"
212.129.54.164 - - [01/Oct/2016:00:28:45 +0300] "PROPFIND /webdav/ HTTP/1.1" 404 27 "-" "WEBDAV Client"
66.249.79.79 - - [01/Oct/2016:01:05:05 +0300] "GET /robots.txt HTTP/1.1" 404 47 "-" "Mozilla/5.0 (compatible; Googlebot/2.1; +http://www.google.com/bot.html)"
66.249.79.90 - - [01/Oct/2016:01:05:07 +0300] "GET /post-10.html HTTP/1.1" 404 47 "-" "Mozilla/5.0 (compatible; Googlebot/2.1; +http://www.google.com/bot.html)"
5.9.85.4 - - [01/Oct/2016:01:09:00 +0300] "GET /robots.txt HTTP/1.0" 404 16 "-" "Mozilla/5.0 (compatible; MJ12bot/v1.4.5; http://www.majestic12.co.uk/bot.php?+)"
5.9.85.4 - - [01/Oct/2016:01:09:03 +0300] "GET /robots.txt HTTP/1.0" 404 16 "-" "Mozilla/5.0 (compatible; MJ12bot/v1.4.5; http://www.majestic12.co.uk/bot.php?+)"
5.9.85.4 - - [01/Oct/2016:01:09:04 +0300] "GET /?C=D;O=A HTTP/1.0" 200 69 "-" "Mozilla/5.0 (compatible; MJ12bot/v1.4.5; http://www.majestic12.co.uk/bot.php?+)"
5.9.85.4 - - [01/Oct/2016:01:09:06 +0300] "GET /robots.txt HTTP/1.0" 404 16 "-" "Mozilla/5.0 (compatible; MJ12bot/v1.4.5; http://www.majestic12.co.uk/bot.php?+)"
5.9.85.4 - - [01/Oct/2016:01:09:10 +0300] "GET /gntv-server.tk/public_html/video/55 HTTP/1.0" 404 16 "-" "Mozilla/5.0 (compatible; MJ12bot/v1.4.5; http://www.majestic12.co.uk/bot.php?+)"
5.9.85.4 - - [01/Oct/2016:01:09:14 +0300] "GET /gntv-server.tk/public_html/video/56 HTTP/1.0" 404 16 "-" "Mozilla/5.0 (compatible; MJ12bot/v1.4.5; http://www.majestic12.co.uk/bot.php?+)"
5.9.85.4 - - [01/Oct/2016:01:09:19 +0300] "GET /gntv-server.tk/public_html/video/57 HTTP/1.0" 404 16 "-" "Mozilla/5.0 (compatible; MJ12bot/v1.4.5; http://www.majestic12.co.uk/bot.php?+)"
5.9.85.4 - - [01/Oct/2016:01:09:23 +0300] "GET /gntv-server.tk/public_html/video/58 HTTP/1.0" 404 16 "-" "Mozilla/5.0 (compatible; MJ12bot/v1.4.5; http://www.majestic12.co.uk/bot.php?+)"
40.77.167.49 - - [01/Oct/2016:01:16:56 +0300] "GET /dpcjk2syz0db354/pokemon-go-for-blackberry-free.php HTTP/1.1" 404 47 "-" "Mozilla/5.0 (compatible; bingbot/2.0; +http://www.bing.com/bingbot.htm)"
141.8.132.28 - - [01/Oct/2016:01:23:06 +0300] "GET /robots.txt HTTP/1.1" 404 27 "-" "Mozilla/5.0 (compatible; YandexBot/3.0; +http://yandex.com/bots)"
141.8.132.28 - - [01/Oct/2016:01:23:10 +0300] "GET /favicon.ico HTTP/1.1" 404 47 "-" "Mozilla/5.0 (compatible; YandexBot/3.0; +http://yandex.com/bots)"
40.77.167.49 - - [01/Oct/2016:01:28:06 +0300] "GET /robots.txt HTTP/1.1" 404 47 "-" "Mozilla/5.0 (compatible; bingbot/2.0; +http://www.bing.com/bingbot.htm)"
66.249.79.79 - - [01/Oct/2016:01:30:36 +0300] "GET /video/44 HTTP/1.1" 404 47 "-" "Mozilla/5.0 (compatible; Googlebot/2.1; +http://www.google.com/bot.html)"
169.229.3.91 - - [01/Oct/2016:01:32:16 +0300] "c\xE1\x87\x0C\x9C\x1Ex\xF3\xC2\x0F\x19\xC6j\x09\xD7o^\x04\x06\x1E\x9C\x96\xF2m\xA3\xE7\xA6\x11\x17.\xB8<L\xB4d\xA4\xFBr\xF7T\xC1T5\xCD\xE4\x15\xC3C\xCBx]\xD8\xA0\xA4NCP\xA3b\xCF\xD5l\xCA\x01" 400 173 "-" "-"
157.55.39.110 - - [01/Oct/2016:01:34:43 +0300] "GET /robots.txt HTTP/1.1" 404 27 "-" "Mozilla/5.0 (compatible; bingbot/2.0; +http://www.bing.com/bingbot.htm)"
40.77.167.49 - - [01/Oct/2016:01:46:32 +0300] "GET /robots.txt HTTP/1.1" 404 47 "-" "Mozilla/5.0 (compatible; bingbot/2.0; +http://www.bing.com/bingbot.htm)"
157.55.39.219 - - [01/Oct/2016:01:51:28 +0300] "GET /the-quest-ebook HTTP/1.1" 404 47 "-" "Mozilla/5.0 (compatible; bingbot/2.0; +http://www.bing.com/bingbot.htm)"
5.9.111.70 - - [01/Oct/2016:01:54:15 +0300] "GET /robots.txt HTTP/1.0" 404 16 "-" "Mozilla/5.0 (compatible; MJ12bot/v1.4.5; http://www.majestic12.co.uk/bot.php?+)"
5.9.111.70 - - [01/Oct/2016:01:54:17 +0300] "GET /robots.txt HTTP/1.0" 404 16 "-" "Mozilla/5.0 (compatible; MJ12bot/v1.4.5; http://www.majestic12.co.uk/bot.php?+)"
5.9.111.70 - - [01/Oct/2016:01:54:18 +0300] "GET /english-skills-john-langan-pdf HTTP/1.0" 404 16 "-" "Mozilla/5.0 (compatible; MJ12bot/v1.4.5; http://www.majestic12.co.uk/bot.php?+)"
5.9.111.70 - - [01/Oct/2016:01:54:21 +0300] "GET /epstopdf-latex-download HTTP/1.0" 404 16 "-" "Mozilla/5.0 (compatible; MJ12bot/v1.4.5; http://www.majestic12.co.uk/bot.php?+)"
5.9.111.70 - - [01/Oct/2016:01:54:24 +0300] "GET /gramatica-didactica-del-euskera-pdf HTTP/1.0" 404 16 "-" "Mozilla/5.0 (compatible; MJ12bot/v1.4.5; http://www.majestic12.co.uk/bot.php?+)"
5.9.111.70 - - [01/Oct/2016:01:54:27 +0300] "GET /wicked-download-ebook HTTP/1.0" 404 16 "-" "Mozilla/5.0 (compatible; MJ12bot/v1.4.5; http://www.majestic12.co.uk/bot.php?+)"
40.77.167.49 - - [01/Oct/2016:01:57:01 +0300] "GET /robots.txt HTTP/1.1" 404 47 "-" "Mozilla/5.0 (compatible; bingbot/2.0; +http://www.bing.com/bingbot.htm)"
212.129.54.164 - - [01/Oct/2016:02:07:08 +0300] "PROPFIND /webdav/ HTTP/1.1" 404 27 "-" "WEBDAV Client"
167.114.103.142 - - [01/Oct/2016:02:50:36 +0300] "PROPFIND /webdav/ HTTP/1.1" 404 27 "-" "WEBDAV Client"
167.114.40.7 - - [01/Oct/2016:02:51:23 +0300] "PROPFIND /webdav/ HTTP/1.1" 404 27 "-" "WEBDAV Client"
66.249.79.79 - - [01/Oct/2016:02:55:15 +0300] "GET /dpcjk2syz0db354/wapking-mp3-ho-sake-to-rehana-sath-mere.php HTTP/1.1" 404 47 "-" "Mozilla/5.0 (compatible; Googlebot/2.1; +http://www.google.com/bot.html)"
66.249.79.79 - - [01/Oct/2016:03:07:26 +0300] "GET /videos/category/kulturos-erdves HTTP/1.1" 404 47 "-" "Mozilla/5.0 (compatible; Googlebot/2.1; +http://www.google.com/bot.html)"
66.249.79.86 - - [01/Oct/2016:03:07:26 +0300] "GET /videos/category/kulturos-erdves HTTP/1.1" 404 47 "-" "Mozilla/5.0 (compatible; Googlebot/2.1; +http://www.google.com/bot.html)"
69.30.213.82 - - [01/Oct/2016:03:08:13 +0300] "GET /robots.txt HTTP/1.0" 404 16 "-" "Mozilla/5.0 (compatible; MJ12bot/v1.4.5; http://www.majestic12.co.uk/bot.php?+)"
69.30.213.82 - - [01/Oct/2016:03:08:17 +0300] "GET /robots.txt HTTP/1.0" 404 16 "-" "Mozilla/5.0 (compatible; MJ12bot/v1.4.5; http://www.majestic12.co.uk/bot.php?+)"
69.30.213.82 - - [01/Oct/2016:03:08:20 +0300] "GET /videos/category/%C5%BEalias-skonis HTTP/1.0" 404 16 "-" "Mozilla/5.0 (compatible; MJ12bot/v1.4.5; http://www.majestic12.co.uk/bot.php?+)"
66.249.79.79 - - [01/Oct/2016:03:12:26 +0300] "GET /videos/category/kodel-gyvenu-panevezyje HTTP/1.1" 404 47 "-" "Mozilla/5.0 (compatible; Googlebot/2.1; +http://www.google.com/bot.html)"
212.129.54.164 - - [01/Oct/2016:03:14:21 +0300] "PROPFIND /webdav/ HTTP/1.1" 404 27 "-" "WEBDAV Client"
66.249.79.90 - - [01/Oct/2016:03:22:26 +0300] "GET /videos/category/jaunimo-palepe HTTP/1.1" 404 47 "-" "Mozilla/5.0 (compatible; Googlebot/2.1; +http://www.google.com/bot.html)"
207.46.13.31 - - [01/Oct/2016:03:25:51 +0300] "GET /dpcjk2syz0db354/satta-lucky-no-of-this-july-month.php HTTP/1.1" 404 47 "-" "Mozilla/5.0 (compatible; bingbot/2.0; +http://www.bing.com/bingbot.htm)"
66.249.79.90 - - [01/Oct/2016:03:32:27 +0300] "GET /page/kontaktai HTTP/1.1" 404 47 "-" "Mozilla/5.0 (compatible; Googlebot/2.1; +http://www.google.com/bot.html)"
192.99.144.140 - - [01/Oct/2016:04:04:29 +0300] "PROPFIND /webdav/ HTTP/1.1" 404 27 "-" "WEBDAV Client"
207.46.13.31 - - [01/Oct/2016:04:04:42 +0300] "GET / HTTP/1.1" 200 69 "-" "Mozilla/5.0 (compatible; bingbot/2.0; +http://www.bing.com/bingbot.htm)"
164.132.201.51 - - [01/Oct/2016:04:06:03 +0300] "PROPFIND /webdav/ HTTP/1.1" 404 27 "-" "WEBDAV Client"
157.55.39.219 - - [01/Oct/2016:04:08:02 +0300] "GET /robots.txt HTTP/1.1" 404 27 "-" "Mozilla/5.0 (compatible; bingbot/2.0; +http://www.bing.com/bingbot.htm)"
157.55.39.219 - - [01/Oct/2016:04:08:07 +0300] "GET /robots.txt HTTP/1.1" 404 47 "-" "Mozilla/5.0 (compatible; bingbot/2.0; +http://www.bing.com/bingbot.htm)"
183.129.160.229 - - [01/Oct/2016:04:13:04 +0300] "GET / HTTP/1.1" 200 69 "-" "Mozilla/5.0 (Macintosh; Intel Mac OS X 10.11; rv:47.0) Gecko/20100101 Firefox/47.0"
164.132.201.51 - - [01/Oct/2016:04:17:56 +0300] "PROPFIND /webdav/ HTTP/1.1" 404 27 "-" "WEBDAV Client"
66.249.79.86 - - [01/Oct/2016:04:18:06 +0300] "GET /videos/category/sekmes-istorijos HTTP/1.1" 404 47 "-" "Mozilla/5.0 (compatible; Googlebot/2.1; +http://www.google.com/bot.html)"
167.114.103.142 - - [01/Oct/2016:04:22:36 +0300] "PROPFIND /webdav/ HTTP/1.1" 404 27 "-" "WEBDAV Client"
157.55.39.24 - - [01/Oct/2016:04:29:52 +0300] "GET /lenovo-s20-30-user-manual-mtk3mza5-pdf HTTP/1.1" 404 47 "-" "Mozilla/5.0 (compatible; bingbot/2.0; +http://www.bing.com/bingbot.htm)"
157.55.39.42 - - [01/Oct/2016:04:36:22 +0300] "GET /image/cache/catalog/product-13-100x90.png HTTP/1.1" 404 47 "-" "Mozilla/5.0 (compatible; bingbot/2.0; +http://www.bing.com/bingbot.htm)"
66.249.79.79 - - [01/Oct/2016:04:38:36 +0300] "GET /videos/category/verslo-logika HTTP/1.1" 404 47 "-" "Mozilla/5.0 (compatible; Googlebot/2.1; +http://www.google.com/bot.html)"
40.77.167.60 - - [01/Oct/2016:04:40:43 +0300] "GET /robots.txt HTTP/1.1" 404 47 "-" "Mozilla/5.0 (compatible; bingbot/2.0; +http://www.bing.com/bingbot.htm)"
66.249.79.90 - - [01/Oct/2016:04:43:46 +0300] "GET /video/57 HTTP/1.1" 404 47 "-" "Mozilla/5.0 (compatible; Googlebot/2.1; +http://www.google.com/bot.html)"
40.77.167.60 - - [01/Oct/2016:04:49:10 +0300] "GET /robots.txt HTTP/1.1" 404 47 "-" "Mozilla/5.0 (compatible; bingbot/2.0; +http://www.bing.com/bingbot.htm)"
157.55.39.42 - - [01/Oct/2016:04:49:35 +0300] "GET /image/cache/catalog/product-40-220x200.png HTTP/1.1" 404 47 "-" "Mozilla/5.0 (compatible; bingbot/2.0; +http://www.bing.com/bingbot.htm)"
170.0.236.103 - - [01/Oct/2016:04:50:22 +0300] "PROPFIND /webdav/ HTTP/1.1" 404 27 "-" "WEBDAV Client"
40.77.167.90 - - [01/Oct/2016:04:58:30 +0300] "GET /robots.txt HTTP/1.1" 404 47 "-" "Mozilla/5.0 (compatible; bingbot/2.0; +http://www.bing.com/bingbot.htm)"
66.249.79.79 - - [01/Oct/2016:04:58:47 +0300] "GET /8te6r3smb6iq0wi/jamiiforu-july-16-2016.php HTTP/1.1" 404 47 "-" "Mozilla/5.0 (compatible; Googlebot/2.1; +http://www.google.com/bot.html)"
192.99.144.140 - - [01/Oct/2016:05:03:04 +0300] "PROPFIND /webdav/ HTTP/1.1" 404 27 "-" "WEBDAV Client"
157.55.39.42 - - [01/Oct/2016:05:03:26 +0300] "GET /image/cache/catalog/product-10-100x90.png HTTP/1.1" 404 47 "-" "Mozilla/5.0 (compatible; bingbot/2.0; +http://www.bing.com/bingbot.htm)"
157.55.39.91 - - [01/Oct/2016:05:03:31 +0300] "GET /image/cache/catalog/banner-1-416x172.jpg HTTP/1.1" 404 47 "-" "Mozilla/5.0 (compatible; bingbot/2.0; +http://www.bing.com/bingbot.htm)"
212.129.54.164 - - [01/Oct/2016:05:07:20 +0300] "PROPFIND /webdav/ HTTP/1.1" 404 27 "-" "WEBDAV Client"
66.249.79.79 - - [01/Oct/2016:05:09:06 +0300] "GET /robots.txt HTTP/1.1" 404 47 "-" "Mozilla/5.0 (compatible; Googlebot/2.1; +http://www.google.com/bot.html)"
66.249.79.90 - - [01/Oct/2016:05:09:08 +0300] "GET / HTTP/1.1" 200 69 "-" "Mozilla/5.0 (compatible; Googlebot/2.1; +http://www.google.com/bot.html)"
144.76.4.148 - - [01/Oct/2016:05:09:40 +0300] "GET /robots.txt HTTP/1.0" 404 16 "-" "Mozilla/5.0 (compatible; MJ12bot/v1.4.5; http://www.majestic12.co.uk/bot.php?+)"
144.76.4.148 - - [01/Oct/2016:05:09:42 +0300] "GET /robots.txt HTTP/1.0" 404 16 "-" "Mozilla/5.0 (compatible; MJ12bot/v1.4.5; http://www.majestic12.co.uk/bot.php?+)"
144.76.4.148 - - [01/Oct/2016:05:09:43 +0300] "GET /gntv-server.tk/public_html/video/56 HTTP/1.0" 404 16 "-" "Mozilla/5.0 (compatible; MJ12bot/v1.4.5; http://www.majestic12.co.uk/bot.php?+)"
144.76.4.148 - - [01/Oct/2016:05:09:46 +0300] "GET /gntv-server.tk/public_html/video/57 HTTP/1.0" 404 16 "-" "Mozilla/5.0 (compatible; MJ12bot/v1.4.5; http://www.majestic12.co.uk/bot.php?+)"
144.76.4.148 - - [01/Oct/2016:05:09:49 +0300] "GET /gntv-server.tk/public_html/video/58 HTTP/1.0" 404 16 "-" "Mozilla/5.0 (compatible; MJ12bot/v1.4.5; http://www.majestic12.co.uk/bot.php?+)"
144.76.4.148 - - [01/Oct/2016:05:09:52 +0300] "GET /login HTTP/1.0" 404 16 "-" "Mozilla/5.0 (compatible; MJ12bot/v1.4.5; http://www.majestic12.co.uk/bot.php?+)"
69.197.163.195 - - [01/Oct/2016:05:12:46 +0300] "GET /robots.txt HTTP/1.0" 404 16 "-" "Mozilla/5.0 (compatible; MJ12bot/v1.4.5; http://www.majestic12.co.uk/bot.php?+)"
69.197.163.195 - - [01/Oct/2016:05:12:49 +0300] "GET /robots.txt HTTP/1.0" 404 16 "-" "Mozilla/5.0 (compatible; MJ12bot/v1.4.5; http://www.majestic12.co.uk/bot.php?+)"
69.197.163.195 - - [01/Oct/2016:05:12:51 +0300] "GET /videos/category/%C5%BEalias-skonis HTTP/1.0" 404 16 "-" "Mozilla/5.0 (compatible; MJ12bot/v1.4.5; http://www.majestic12.co.uk/bot.php?+)"
51.254.131.244 - - [01/Oct/2016:05:18:45 +0300] "GET /robots.txt HTTP/1.0" 404 16 "-" "Mozilla/5.0 (compatible; MJ12bot/v1.4.5; http://www.majestic12.co.uk/bot.php?+)"
51.254.131.244 - - [01/Oct/2016:05:18:48 +0300] "GET /robots.txt HTTP/1.0" 404 16 "-" "Mozilla/5.0 (compatible; MJ12bot/v1.4.5; http://www.majestic12.co.uk/bot.php?+)"
51.254.131.244 - - [01/Oct/2016:05:18:49 +0300] "GET /primopdf-download-for-mac HTTP/1.0" 404 16 "-" "Mozilla/5.0 (compatible; MJ12bot/v1.4.5; http://www.majestic12.co.uk/bot.php?+)"
164.132.201.51 - - [01/Oct/2016:05:20:09 +0300] "PROPFIND /webdav/ HTTP/1.1" 404 27 "-" "WEBDAV Client"
66.249.79.150 - - [01/Oct/2016:05:29:25 +0300] "GET /robots.txt HTTP/1.1" 404 47 "-" "Mozilla/5.0 (compatible; Googlebot/2.1; +http://www.google.com/bot.html)"
66.249.79.158 - - [01/Oct/2016:05:29:26 +0300] "GET / HTTP/1.1" 200 69 "-" "Mozilla/5.0 (compatible; Googlebot/2.1; +http://www.google.com/bot.html)"
167.114.40.7 - - [01/Oct/2016:05:34:48 +0300] "PROPFIND /webdav/ HTTP/1.1" 404 27 "-" "WEBDAV Client"
40.77.167.49 - - [01/Oct/2016:05:44:22 +0300] "GET /robots.txt HTTP/1.1" 404 47 "-" "Mozilla/5.0 (compatible; bingbot/2.0; +http://www.bing.com/bingbot.htm)"
40.77.167.49 - - [01/Oct/2016:05:44:27 +0300] "GET /dpcjk2syz0db354/cara-hp-bb-agar-bisa-nginvite-android.php HTTP/1.1" 404 47 "-" "Mozilla/5.0 (compatible; bingbot/2.0; +http://www.bing.com/bingbot.htm)"
167.114.103.142 - - [01/Oct/2016:05:51:04 +0300] "PROPFIND /webdav/ HTTP/1.1" 404 27 "-" "WEBDAV Client"
66.249.79.41 - - [01/Oct/2016:05:54:35 +0300] "GET /robots.txt HTTP/1.1" 404 47 "-" "Mozilla/5.0 (compatible; Googlebot/2.1; +http://www.google.com/bot.html)"
66.249.79.41 - - [01/Oct/2016:05:54:35 +0300] "GET /apple-app-site-association HTTP/1.1" 404 47 "-" "Mozilla/5.0 (compatible; Googlebot/2.1; +http://www.google.com/bot.html)"
170.0.236.103 - - [01/Oct/2016:06:00:36 +0300] "PROPFIND /webdav/ HTTP/1.1" 404 27 "-" "WEBDAV Client"
212.129.54.164 - - [01/Oct/2016:06:01:59 +0300] "PROPFIND /webdav/ HTTP/1.1" 404 27 "-" "WEBDAV Client"
157.55.39.232 - - [01/Oct/2016:06:02:50 +0300] "GET /dpcjk2syz0db354/lohia-colleg-is-tird-list.php HTTP/1.1" 404 47 "-" "Mozilla/5.0 (iPhone; CPU iPhone OS 7_0 like Mac OS X) AppleWebKit/537.51.1 (KHTML, like Gecko) Version/7.0 Mobile/11A465 Safari/9537.53 (compatible; bingbot/2.0; +http://www.bing.com/bingbot.htm)"
207.46.13.31 - - [01/Oct/2016:06:05:32 +0300] "GET /dpcjk2syz0db354/tumhe-dillagi-bhool-jani-pdegi-new-song-download.php HTTP/1.1" 404 47 "-" "Mozilla/5.0 (compatible; bingbot/2.0; +http://www.bing.com/bingbot.htm)"
66.249.79.170 - - [01/Oct/2016:06:09:35 +0300] "GET /robots.txt HTTP/1.1" 404 47 "-" "Mozilla/5.0 (compatible; Googlebot/2.1; +http://www.google.com/bot.html)"
66.249.79.173 - - [01/Oct/2016:06:09:35 +0300] "GET /.well-known/assetlinks.json HTTP/1.1" 404 47 "-" "Mozilla/5.0 (compatible; Googlebot/2.1; +http://www.google.com/bot.html)"
68.194.90.163 - - [01/Oct/2016:06:10:13 +0300] "GET /naktinis-kaunas-nusvis-naujomis-spalvomis/ HTTP/1.1" 404 47 "http://m.facebook.com/" "Mozilla/5.0 (Linux; Android 5.0.1; GT-I9505 Build/LRX22C; wv) AppleWebKit/537.36 (KHTML, like Gecko) Version/4.0 Chrome/53.0.2785.124 Mobile Safari/537.36 [FB_IAB/FB4A;FBAV/96.0.0.17.70;]"
68.194.90.163 - - [01/Oct/2016:06:10:25 +0300] "GET /paskutine-rugsejo-savaite-smarkus-vejas-ir-pliaupiantis-lietus/ HTTP/1.1" 404 47 "http://m.facebook.com/" "Mozilla/5.0 (Linux; Android 5.0.1; GT-I9505 Build/LRX22C; wv) AppleWebKit/537.36 (KHTML, like Gecko) Version/4.0 Chrome/53.0.2785.124 Mobile Safari/537.36 [FB_IAB/FB4A;FBAV/96.0.0.17.70;]"
66.249.79.142 - - [01/Oct/2016:06:14:45 +0300] "GET /robots.txt HTTP/1.1" 404 47 "-" "Mozilla/5.0 (compatible; Googlebot/2.1; +http://www.google.com/bot.html)"
66.249.79.146 - - [01/Oct/2016:06:14:46 +0300] "GET /.well-known/assetlinks.json HTTP/1.1" 404 47 "-" "Mozilla/5.0 (compatible; Googlebot/2.1; +http://www.google.com/bot.html)"
164.132.201.51 - - [01/Oct/2016:06:18:25 +0300] "PROPFIND /webdav/ HTTP/1.1" 404 27 "-" "WEBDAV Client"
66.249.79.146 - - [01/Oct/2016:06:19:55 +0300] "GET /.well-known/apple-app-site-association HTTP/1.1" 404 47 "-" "Mozilla/5.0 (compatible; Googlebot/2.1; +http://www.google.com/bot.html)"
217.103.97.99 - - [01/Oct/2016:06:23:43 +0300] "GET /robots.txt HTTP/1.0" 404 16 "-" "Mozilla/5.0 (compatible; MJ12bot/v1.4.5; http://www.majestic12.co.uk/bot.php?+)"
217.103.97.99 - - [01/Oct/2016:06:23:46 +0300] "GET /robots.txt HTTP/1.0" 404 16 "-" "Mozilla/5.0 (compatible; MJ12bot/v1.4.5; http://www.majestic12.co.uk/bot.php?+)"
217.103.97.99 - - [01/Oct/2016:06:23:48 +0300] "GET /aviation-weather-faa-pdf HTTP/1.1" 404 27 "-" "Mozilla/5.0 (compatible; MJ12bot/v1.4.5; http://www.majestic12.co.uk/bot.php?+)"
217.103.97.99 - - [01/Oct/2016:06:23:54 +0300] "GET /top-download-ebooks-sites HTTP/1.1" 404 47 "-" "Mozilla/5.0 (compatible; MJ12bot/v1.4.5; http://www.majestic12.co.uk/bot.php?+)"
217.103.97.99 - - [01/Oct/2016:06:23:58 +0300] "GET /um-conto-de-duas-cidades-pdf HTTP/1.1" 404 47 "-" "Mozilla/5.0 (compatible; MJ12bot/v1.4.5; http://www.majestic12.co.uk/bot.php?+)"
217.103.97.99 - - [01/Oct/2016:06:24:02 +0300] "GET /understanding-chess-endgames-john-nunn-pdf HTTP/1.1" 404 47 "-" "Mozilla/5.0 (compatible; MJ12bot/v1.4.5; http://www.majestic12.co.uk/bot.php?+)"
217.103.97.99 - - [01/Oct/2016:06:24:06 +0300] "GET /wearing-the-cape-epub-download HTTP/1.1" 404 47 "-" "Mozilla/5.0 (compatible; MJ12bot/v1.4.5; http://www.majestic12.co.uk/bot.php?+)"
84.200.7.193 - - [01/Oct/2016:06:24:31 +0300] "PROPFIND /webdav/ HTTP/1.1" 404 27 "-" "WEBDAV Client"
69.30.213.82 - - [01/Oct/2016:06:40:11 +0300] "GET /robots.txt HTTP/1.0" 404 16 "-" "Mozilla/5.0 (compatible; MJ12bot/v1.4.5; http://www.majestic12.co.uk/bot.php?+)"
69.30.213.82 - - [01/Oct/2016:06:40:13 +0300] "GET /robots.txt HTTP/1.0" 404 16 "-" "Mozilla/5.0 (compatible; MJ12bot/v1.4.5; http://www.majestic12.co.uk/bot.php?+)"
69.30.213.82 - - [01/Oct/2016:06:40:16 +0300] "GET /gntv-server.tk/public_html/page/apie_mus HTTP/1.0" 404 16 "-" "Mozilla/5.0 (compatible; MJ12bot/v1.4.5; http://www.majestic12.co.uk/bot.php?+)"
69.30.213.82 - - [01/Oct/2016:06:40:20 +0300] "GET /gntv-server.tk/public_html/page/kontaktai HTTP/1.0" 404 16 "-" "Mozilla/5.0 (compatible; MJ12bot/v1.4.5; http://www.majestic12.co.uk/bot.php?+)"
69.30.213.82 - - [01/Oct/2016:06:40:25 +0300] "GET /gntv-server.tk/public_html/page/paslaugos HTTP/1.0" 404 16 "-" "Mozilla/5.0 (compatible; MJ12bot/v1.4.5; http://www.majestic12.co.uk/bot.php?+)"
167.114.103.142 - - [01/Oct/2016:06:40:38 +0300] "PROPFIND /webdav/ HTTP/1.1" 404 27 "-" "WEBDAV Client"
66.249.79.176 - - [01/Oct/2016:06:55:25 +0300] "GET /.well-known/apple-app-site-association HTTP/1.1" 404 47 "-" "Mozilla/5.0 (compatible; Googlebot/2.1; +http://www.google.com/bot.html)"
212.129.54.164 - - [01/Oct/2016:07:06:48 +0300] "PROPFIND /webdav/ HTTP/1.1" 404 27 "-" "WEBDAV Client"
157.55.39.24 - - [01/Oct/2016:07:14:16 +0300] "GET /download-cv-europeo-pdf HTTP/1.1" 404 47 "-" "Mozilla/5.0 (compatible; bingbot/2.0; +http://www.bing.com/bingbot.htm)"
157.55.39.24 - - [01/Oct/2016:07:34:14 +0300] "GET /lds-missionary-handbook-download HTTP/1.1" 404 47 "-" "Mozilla/5.0 (compatible; bingbot/2.0; +http://www.bing.com/bingbot.htm)"
66.249.79.79 - - [01/Oct/2016:07:36:17 +0300] "GET /dpcjk2syz0db354/arti-valak-bahasa-madura.php HTTP/1.1" 404 47 "-" "Mozilla/5.0 (compatible; Googlebot/2.1; +http://www.google.com/bot.html)"
170.0.236.103 - - [01/Oct/2016:07:50:47 +0300] "PROPFIND /webdav/ HTTP/1.1" 404 27 "-" "WEBDAV Client"
188.69.215.126 - - [01/Oct/2016:07:55:59 +0300] "GET /naktinis-kaunas-nusvis-naujomis-spalvomis/ HTTP/1.1" 404 47 "http://m.facebook.com/" "Mozilla/5.0 (Linux; Android 4.4.2; K019 Build/KVT49L) AppleWebKit/537.36 (KHTML, like Gecko) Version/4.0 Chrome/30.0.0.0 Safari/537.36 [FB_IAB/FB4A;FBAV/88.0.0.22.76;]"
66.249.79.86 - - [01/Oct/2016:07:56:36 +0300] "GET /index.php?route=product/manufacturer/info&manufacturer_id=10 HTTP/1.1" 404 47 "-" "Mozilla/5.0 (compatible; Googlebot/2.1; +http://www.google.com/bot.html)"
66.249.79.79 - - [01/Oct/2016:07:56:37 +0300] "GET /index.php?route=product/manufacturer/info&manufacturer_id=10 HTTP/1.1" 404 47 "-" "Mozilla/5.0 (compatible; Googlebot/2.1; +http://www.google.com/bot.html)"
167.114.103.142 - - [01/Oct/2016:07:59:37 +0300] "PROPFIND /webdav/ HTTP/1.1" 404 27 "-" "WEBDAV Client"
84.200.7.193 - - [01/Oct/2016:08:01:12 +0300] "PROPFIND /webdav/ HTTP/1.1" 404 27 "-" "WEBDAV Client"
37.204.110.31 - - [01/Oct/2016:08:08:55 +0300] "GET /wp-content/themes/twentysixteen/js/skip-link-focus-fix.js?ver=20160412 HTTP/1.1" 404 47 "http://46.148.26.67/" "Mozilla/5.0 (Windows NT 6.1; WOW64; rv:23.0) Gecko/20100101 Firefox/23.0"
37.204.110.31 - - [01/Oct/2016:08:08:55 +0300] "GET /wp-content/themes/twentysixteen/genericons/genericons.css?ver=3.4.1 HTTP/1.1" 404 47 "http://46.148.26.67/" "Mozilla/5.0 (Windows NT 6.1; WOW64; rv:23.0) Gecko/20100101 Firefox/23.0"
37.204.110.31 - - [01/Oct/2016:08:08:55 +0300] "GET /wp-content/themes/twentysixteen/js/functions.js?ver=20160412 HTTP/1.1" 404 47 "http://46.148.26.67/" "Mozilla/5.0 (Windows NT 6.1; WOW64; rv:23.0) Gecko/20100101 Firefox/23.0"
37.204.110.31 - - [01/Oct/2016:08:08:55 +0300] "GET /wp-includes/js/jquery/jquery.js?ver=1.12.4 HTTP/1.1" 404 47 "http://46.148.26.67/" "Mozilla/5.0 (Windows NT 6.1; WOW64; rv:23.0) Gecko/20100101 Firefox/23.0"
37.204.110.31 - - [01/Oct/2016:08:08:55 +0300] "GET /wp-includes/js/jquery/jquery-migrate.min.js?ver=1.4.1 HTTP/1.1" 404 47 "http://46.148.26.67/" "Mozilla/5.0 (Windows NT 6.1; WOW64; rv:23.0) Gecko/20100101 Firefox/23.0"
37.204.110.31 - - [01/Oct/2016:08:08:55 +0300] "GET /wp-includes/js/wp-embed.min.js?ver=4.5.3 HTTP/1.1" 404 47 "http://46.148.26.67/" "Mozilla/5.0 (Windows NT 6.1; WOW64; rv:23.0) Gecko/20100101 Firefox/23.0"
37.204.110.31 - - [01/Oct/2016:08:08:55 +0300] "GET /wp-content/themes/twentysixteen/style.css?ver=4.5.3 HTTP/1.1" 404 47 "http://46.148.26.67/" "Mozilla/5.0 (Windows NT 6.1; WOW64; rv:23.0) Gecko/20100101 Firefox/23.0"
37.204.110.31 - - [01/Oct/2016:08:08:56 +0300] "GET /wp-includes/js/wp-emoji-release.min.js?ver=4.5.3 HTTP/1.1" 404 47 "http://46.148.26.67/" "Mozilla/5.0 (Windows NT 6.1; WOW64; rv:23.0) Gecko/20100101 Firefox/23.0"
66.249.79.79 - - [01/Oct/2016:08:16:28 +0300] "GET /catalog/view/javascript/jquery/owl-carousel/owl.carousel.css HTTP/1.1" 404 47 "http://server-status.tk/index.php?route=product/manufacturer/info&manufacturer_id=10&limit=6" "Mozilla/5.0 (compatible; Googlebot/2.1; +http://www.google.com/bot.html)"
66.249.79.79 - - [01/Oct/2016:08:16:28 +0300] "GET /catalog/view/javascript/jquery/datetimepicker/bootstrap-datetimepicker.min.css HTTP/1.1" 404 47 "http://server-status.tk/index.php?route=product/manufacturer/info&manufacturer_id=10&limit=6" "Mozilla/5.0 (compatible; Googlebot/2.1; +http://www.google.com/bot.html)"
66.249.79.79 - - [01/Oct/2016:08:16:29 +0300] "GET /catalog/view/javascript/jquery/datetimepicker/bootstrap-datetimepicker.min.js HTTP/1.1" 404 47 "http://server-status.tk/index.php?route=product/manufacturer/info&manufacturer_id=10&limit=6" "Mozilla/5.0 (compatible; Googlebot/2.1; +http://www.google.com/bot.html)"
66.249.79.79 - - [01/Oct/2016:08:16:29 +0300] "GET /catalog/view/theme/theme613/js/device.min.js HTTP/1.1" 404 47 "http://server-status.tk/index.php?route=product/manufacturer/info&manufacturer_id=10&limit=6" "Mozilla/5.0 (compatible; Googlebot/2.1; +http://www.google.com/bot.html)"
66.249.79.79 - - [01/Oct/2016:08:16:29 +0300] "GET /catalog/view/theme/theme613/stylesheet/magnificent.css HTTP/1.1" 404 47 "http://server-status.tk/index.php?route=product/manufacturer/info&manufacturer_id=10&limit=6" "Mozilla/5.0 (compatible; Googlebot/2.1; +http://www.google.com/bot.html)"
66.249.79.79 - - [01/Oct/2016:08:16:30 +0300] "GET /catalog/view/theme/theme613/js/jquery.bxslider/jquery.bxslider.css HTTP/1.1" 404 47 "http://server-status.tk/index.php?route=product/manufacturer/info&manufacturer_id=10&limit=6" "Mozilla/5.0 (compatible; Googlebot/2.1; +http://www.google.com/bot.html)"
66.249.79.79 - - [01/Oct/2016:08:16:31 +0300] "GET /catalog/view/javascript/bootstrap/js/bootstrap.min.js HTTP/1.1" 404 47 "http://server-status.tk/index.php?route=product/manufacturer/info&manufacturer_id=10&limit=6" "Mozilla/5.0 (compatible; Googlebot/2.1; +http://www.google.com/bot.html)"
66.249.79.79 - - [01/Oct/2016:08:16:31 +0300] "GET /catalog/view/javascript/tmnewsletter/tm_newsletter.css HTTP/1.1" 404 47 "http://server-status.tk/index.php?route=product/manufacturer/info&manufacturer_id=10&limit=6" "Mozilla/5.0 (compatible; Googlebot/2.1; +http://www.google.com/bot.html)"
78.63.128.11 - - [01/Oct/2016:08:16:31 +0300] "GET /horoskopas-daug-kas-baigsis-ir-daug-kas-prasides/ HTTP/1.1" 404 47 "http://m.facebook.com/" "Mozilla/5.0 (Linux; Android 5.1.1; SM-G388F Build/LMY48B; wv) AppleWebKit/537.36 (KHTML, like Gecko) Version/4.0 Chrome/52.0.2743.98 Mobile Safari/537.36 [FB_IAB/FB4A;FBAV/93.0.0.13.69;]"
66.249.79.79 - - [01/Oct/2016:08:16:32 +0300] "GET /catalog/view/theme/theme613/js/fancybox/jquery.fancybox.css HTTP/1.1" 404 47 "http://server-status.tk/index.php?route=product/manufacturer/info&manufacturer_id=10&limit=6" "Mozilla/5.0 (compatible; Googlebot/2.1; +http://www.google.com/bot.html)"
66.249.79.79 - - [01/Oct/2016:08:16:32 +0300] "GET /catalog/view/theme/theme613/stylesheet/material-design.css HTTP/1.1" 404 47 "http://server-status.tk/index.php?route=product/manufacturer/info&manufacturer_id=10&limit=6" "Mozilla/5.0 (compatible; Googlebot/2.1; +http://www.google.com/bot.html)"
66.249.79.79 - - [01/Oct/2016:08:16:33 +0300] "GET /catalog/view/javascript/jquery/jquery-2.1.1.min.js HTTP/1.1" 404 47 "http://server-status.tk/index.php?route=product/manufacturer/info&manufacturer_id=10&limit=6" "Mozilla/5.0 (compatible; Googlebot/2.1; +http://www.google.com/bot.html)"
66.249.79.79 - - [01/Oct/2016:08:16:33 +0300] "GET /catalog/view/theme/theme613/stylesheet/material-icons.css HTTP/1.1" 404 47 "http://server-status.tk/index.php?route=product/manufacturer/info&manufacturer_id=10&limit=6" "Mozilla/5.0 (compatible; Googlebot/2.1; +http://www.google.com/bot.html)"
66.249.79.79 - - [01/Oct/2016:08:16:34 +0300] "GET /catalog/view/theme/theme613/stylesheet/photoswipe.css HTTP/1.1" 404 47 "http://server-status.tk/index.php?route=product/manufacturer/info&manufacturer_id=10&limit=6" "Mozilla/5.0 (compatible; Googlebot/2.1; +http://www.google.com/bot.html)"
66.249.79.79 - - [01/Oct/2016:08:16:34 +0300] "GET /catalog/view/theme/theme613/js/livesearch.js HTTP/1.1" 404 47 "http://server-status.tk/index.php?route=product/manufacturer/info&manufacturer_id=10&limit=6" "Mozilla/5.0 (compatible; Googlebot/2.1; +http://www.google.com/bot.html)"
66.249.79.79 - - [01/Oct/2016:08:16:35 +0300] "GET /catalog/view/javascript/jquery/owl-carousel/owl.carousel.min.js HTTP/1.1" 404 47 "http://server-status.tk/index.php?route=product/manufacturer/info&manufacturer_id=10&limit=6" "Mozilla/5.0 (compatible; Googlebot/2.1; +http://www.google.com/bot.html)"
66.249.79.79 - - [01/Oct/2016:08:16:35 +0300] "GET /catalog/view/theme/theme613/stylesheet/stylesheet.css HTTP/1.1" 404 47 "http://server-status.tk/index.php?route=product/manufacturer/info&manufacturer_id=10&limit=6" "Mozilla/5.0 (compatible; Googlebot/2.1; +http://www.google.com/bot.html)"
66.249.79.79 - - [01/Oct/2016:08:16:36 +0300] "GET /catalog/view/theme/theme613/js/common.js HTTP/1.1" 404 47 "http://server-status.tk/index.php?route=product/manufacturer/info&manufacturer_id=10&limit=6" "Mozilla/5.0 (compatible; Googlebot/2.1; +http://www.google.com/bot.html)"
66.249.79.79 - - [01/Oct/2016:08:16:36 +0300] "GET /catalog/view/javascript/bootstrap/css/bootstrap.min.css HTTP/1.1" 404 47 "http://server-status.tk/index.php?route=product/manufacturer/info&manufacturer_id=10&limit=6" "Mozilla/5.0 (compatible; Googlebot/2.1; +http://www.google.com/bot.html)"
66.249.79.79 - - [01/Oct/2016:08:16:37 +0300] "GET /catalog/view/javascript/tmcategory/tm_category_menu.css HTTP/1.1" 404 47 "http://server-status.tk/index.php?route=product/manufacturer/info&manufacturer_id=10&limit=6" "Mozilla/5.0 (compatible; Googlebot/2.1; +http://www.google.com/bot.html)"
66.249.79.79 - - [01/Oct/2016:08:16:37 +0300] "GET /catalog/view/javascript/jquery/datetimepicker/moment.js HTTP/1.1" 404 47 "http://server-status.tk/index.php?route=product/manufacturer/info&manufacturer_id=10&limit=6" "Mozilla/5.0 (compatible; Googlebot/2.1; +http://www.google.com/bot.html)"
66.249.79.79 - - [01/Oct/2016:08:17:05 +0300] "GET /catalog/view/theme/theme613/js/script.js HTTP/1.1" 404 47 "http://server-status.tk/index.php?route=product/manufacturer/info&manufacturer_id=10&limit=50" "Mozilla/5.0 (compatible; Googlebot/2.1; +http://www.google.com/bot.html)"
66.249.79.79 - - [01/Oct/2016:08:31:56 +0300] "GET /index.php?route=product/manufacturer/info&manufacturer_id=6 HTTP/1.1" 404 47 "-" "Mozilla/5.0 (compatible; Googlebot/2.1; +http://www.google.com/bot.html)"
142.54.184.90 - - [01/Oct/2016:08:36:32 +0300] "GET /robots.txt HTTP/1.0" 404 16 "-" "Mozilla/5.0 (compatible; MJ12bot/v1.4.5; http://www.majestic12.co.uk/bot.php?+)"
142.54.184.90 - - [01/Oct/2016:08:36:35 +0300] "GET /robots.txt HTTP/1.0" 404 16 "-" "Mozilla/5.0 (compatible; MJ12bot/v1.4.5; http://www.majestic12.co.uk/bot.php?+)"
142.54.184.90 - - [01/Oct/2016:08:36:37 +0300] "GET /03oivulrtryege0/badsha-jeet-new-movie-download.php HTTP/1.0" 404 16 "-" "Mozilla/5.0 (compatible; MJ12bot/v1.4.5; http://www.majestic12.co.uk/bot.php?+)"
142.54.184.90 - - [01/Oct/2016:08:36:43 +0300] "GET /03oivulrtryege0/badsha-movi-2016-mp3-song.php HTTP/1.0" 404 16 "-" "Mozilla/5.0 (compatible; MJ12bot/v1.4.5; http://www.majestic12.co.uk/bot.php?+)"
142.54.184.90 - - [01/Oct/2016:08:36:48 +0300] "GET /03oivulrtryege0/bagaimana-cara-instal-pokemon-go-di-blackberry-z3.php HTTP/1.0" 404 16 "-" "Mozilla/5.0 (compatible; MJ12bot/v1.4.5; http://www.majestic12.co.uk/bot.php?+)"
142.54.184.90 - - [01/Oct/2016:08:36:52 +0300] "GET /03oivulrtryege0/bangladeshi-sex-choti.php HTTP/1.0" 404 16 "-" "Mozilla/5.0 (compatible; MJ12bot/v1.4.5; http://www.majestic12.co.uk/bot.php?+)"
213.197.187.30 - - [01/Oct/2016:08:36:54 +0300] "GET /naktinis-kaunas-nusvis-naujomis-spalvomis/ HTTP/1.1" 404 47 "http://m.facebook.com/" "Mozilla/5.0 (Linux; Android 5.1.1; SM-G531F Build/LMY48B; wv) AppleWebKit/537.36 (KHTML, like Gecko) Version/4.0 Chrome/48.0.2564.106 Mobile Safari/537.36 [FB_IAB/FB4A;FBAV/96.0.0.17.70;]"
142.54.184.90 - - [01/Oct/2016:08:36:58 +0300] "GET /03oivulrtryege0/bb-ke-android-susa-berteman-di-bm.php HTTP/1.0" 404 16 "-" "Mozilla/5.0 (compatible; MJ12bot/v1.4.5; http://www.majestic12.co.uk/bot.php?+)"
142.54.184.90 - - [01/Oct/2016:08:37:02 +0300] "GET /03oivulrtryege0/cara-download-instal-pokrmon-go-agar-dapat.php HTTP/1.0" 404 16 "-" "Mozilla/5.0 (compatible; MJ12bot/v1.4.5; http://www.majestic12.co.uk/bot.php?+)"
142.54.184.90 - - [01/Oct/2016:08:37:06 +0300] "GET /03oivulrtryege0/cara-hack-gift-bigo-live.php HTTP/1.0" 404 16 "-" "Mozilla/5.0 (compatible; MJ12bot/v1.4.5; http://www.majestic12.co.uk/bot.php?+)"
142.54.184.90 - - [01/Oct/2016:08:37:12 +0300] "GET /03oivulrtryege0/chodano-magir-guder-chobi.php HTTP/1.0" 404 16 "-" "Mozilla/5.0 (compatible; MJ12bot/v1.4.5; http://www.majestic12.co.uk/bot.php?+)"
142.54.184.90 - - [01/Oct/2016:08:37:17 +0300] "GET /03oivulrtryege0/dawloat-lagu-yang-dinyanyikan-oleh-gibran-di-pemainan-senetron-senandung.php HTTP/1.0" 404 16 "-" "Mozilla/5.0 (compatible; MJ12bot/v1.4.5; http://www.majestic12.co.uk/bot.php?+)"
142.54.184.90 - - [01/Oct/2016:08:37:21 +0300] "GET /03oivulrtryege0/dowload-song-tumho-toh-from-shan.php HTTP/1.0" 404 16 "-" "Mozilla/5.0 (compatible; MJ12bot/v1.4.5; http://www.majestic12.co.uk/bot.php?+)"
142.54.184.90 - - [01/Oct/2016:08:37:25 +0300] "GET /03oivulrtryege0/download-album-song-ho-sake-to-rehna-tum-sath-mere.php HTTP/1.0" 404 16 "-" "Mozilla/5.0 (compatible; MJ12bot/v1.4.5; http://www.majestic12.co.uk/bot.php?+)"
142.54.184.90 - - [01/Oct/2016:08:37:29 +0300] "GET /03oivulrtryege0/download-female.php HTTP/1.0" 404 16 "-" "Mozilla/5.0 (compatible; MJ12bot/v1.4.5; http://www.majestic12.co.uk/bot.php?+)"
142.54.184.90 - - [01/Oct/2016:08:37:33 +0300] "GET /03oivulrtryege0/download-lagu-disadarinya-jini-re-jini.php HTTP/1.0" 404 16 "-" "Mozilla/5.0 (compatible; MJ12bot/v1.4.5; http://www.majestic12.co.uk/bot.php?+)"
142.54.184.90 - - [01/Oct/2016:08:37:37 +0300] "GET /03oivulrtryege0/download-lagu-drive-ku-sayang-dia.php HTTP/1.0" 404 16 "-" "Mozilla/5.0 (compatible; MJ12bot/v1.4.5; http://www.majestic12.co.uk/bot.php?+)"
142.54.184.90 - - [01/Oct/2016:08:37:40 +0300] "GET /03oivulrtryege0/download-lagu-drive-oh-tuhan-kucinta.php HTTP/1.0" 404 16 "-" "Mozilla/5.0 (compatible; MJ12bot/v1.4.5; http://www.majestic12.co.uk/bot.php?+)"
142.54.184.90 - - [01/Oct/2016:08:37:44 +0300] "GET /03oivulrtryege0/download-new-song-3gp-mein-batmiz-meri-adat-kharab.php HTTP/1.0" 404 16 "-" "Mozilla/5.0 (compatible; MJ12bot/v1.4.5; http://www.majestic12.co.uk/bot.php?+)"
142.54.184.90 - - [01/Oct/2016:08:37:47 +0300] "GET /03oivulrtryege0/drive-ku-cinta-dia.php HTTP/1.0" 404 16 "-" "Mozilla/5.0 (compatible; MJ12bot/v1.4.5; http://www.majestic12.co.uk/bot.php?+)"
142.54.184.90 - - [01/Oct/2016:08:37:51 +0300] "GET /03oivulrtryege0/gel-wali-gani-song-mp3.php HTTP/1.0" 404 16 "-" "Mozilla/5.0 (compatible; MJ12bot/v1.4.5; http://www.majestic12.co.uk/bot.php?+)"
142.54.184.90 - - [01/Oct/2016:08:37:58 +0300] "GET /03oivulrtryege0/gifs-de-mateo-soy-luna.php HTTP/1.0" 404 16 "-" "Mozilla/5.0 (compatible; MJ12bot/v1.4.5; http://www.majestic12.co.uk/bot.php?+)"
142.54.184.90 - - [01/Oct/2016:08:38:02 +0300] "GET /03oivulrtryege0/ho-bura-ya-ache-halat-mere.php HTTP/1.0" 404 16 "-" "Mozilla/5.0 (compatible; MJ12bot/v1.4.5; http://www.majestic12.co.uk/bot.php?+)"
142.54.184.90 - - [01/Oct/2016:08:38:06 +0300] "GET /03oivulrtryege0/ho-sake-to-rahena-tum.php HTTP/1.0" 404 16 "-" "Mozilla/5.0 (compatible; MJ12bot/v1.4.5; http://www.majestic12.co.uk/bot.php?+)"
142.54.184.90 - - [01/Oct/2016:08:38:09 +0300] "GET /03oivulrtryege0/ho-sake-to-rehna-sath-mere-mp3-downlo.php HTTP/1.0" 404 16 "-" "Mozilla/5.0 (compatible; MJ12bot/v1.4.5; http://www.majestic12.co.uk/bot.php?+)"
142.54.184.90 - - [01/Oct/2016:08:38:13 +0300] "GET /03oivulrtryege0/ho-sake-to-rehna-tum-sath-mere-song-download-free.php HTTP/1.0" 404 16 "-" "Mozilla/5.0 (compatible; MJ12bot/v1.4.5; http://www.majestic12.co.uk/bot.php?+)"
142.54.184.90 - - [01/Oct/2016:08:38:17 +0300] "GET /03oivulrtryege0/ho-sake-to-songs-download.php HTTP/1.0" 404 16 "-" "Mozilla/5.0 (compatible; MJ12bot/v1.4.5; http://www.majestic12.co.uk/bot.php?+)"
142.54.184.90 - - [01/Oct/2016:08:38:21 +0300] "GET /03oivulrtryege0/ho-ske-to-rahnaa-tum-sth-mere-album-bhushan-kumar.php HTTP/1.0" 404 16 "-" "Mozilla/5.0 (compatible; MJ12bot/v1.4.5; http://www.majestic12.co.uk/bot.php?+)"
142.54.184.90 - - [01/Oct/2016:08:38:25 +0300] "GET /03oivulrtryege0/image-of-tv-seriel-actor-sartaj-gill-zee.php HTTP/1.0" 404 16 "-" "Mozilla/5.0 (compatible; MJ12bot/v1.4.5; http://www.majestic12.co.uk/bot.php?+)"
142.54.184.90 - - [01/Oct/2016:08:38:29 +0300] "GET /03oivulrtryege0/india-got-telent-2016-sulemat-basuri-video.php HTTP/1.0" 404 16 "-" "Mozilla/5.0 (compatible; MJ12bot/v1.4.5; http://www.majestic12.co.uk/bot.php?+)"
142.54.184.90 - - [01/Oct/2016:08:38:35 +0300] "GET /03oivulrtryege0/istri-indro-di-film-warkop.php HTTP/1.0" 404 16 "-" "Mozilla/5.0 (compatible; MJ12bot/v1.4.5; http://www.majestic12.co.uk/bot.php?+)"
142.54.184.90 - - [01/Oct/2016:08:38:38 +0300] "GET /03oivulrtryege0/jadwal.php HTTP/1.0" 404 16 "-" "Mozilla/5.0 (compatible; MJ12bot/v1.4.5; http://www.majestic12.co.uk/bot.php?+)"
142.54.184.90 - - [01/Oct/2016:08:38:42 +0300] "GET /03oivulrtryege0/jag-gumiya-tare-jaesa-nakoi-song-mp3.php HTTP/1.0" 404 16 "-" "Mozilla/5.0 (compatible; MJ12bot/v1.4.5; http://www.majestic12.co.uk/bot.php?+)"
142.54.184.90 - - [01/Oct/2016:08:38:45 +0300] "GET /03oivulrtryege0/jatt-da-pajama-song.php HTTP/1.0" 404 16 "-" "Mozilla/5.0 (compatible; MJ12bot/v1.4.5; http://www.majestic12.co.uk/bot.php?+)"
142.54.184.90 - - [01/Oct/2016:08:38:48 +0300] "GET /03oivulrtryege0/jawani-bhojpuri-songs-hd.php HTTP/1.0" 404 16 "-" "Mozilla/5.0 (compatible; MJ12bot/v1.4.5; http://www.majestic12.co.uk/bot.php?+)"
212.129.54.164 - - [01/Oct/2016:08:38:52 +0300] "PROPFIND /webdav/ HTTP/1.1" 404 27 "-" "WEBDAV Client"
142.54.184.90 - - [01/Oct/2016:08:38:53 +0300] "GET /03oivulrtryege0/jug-ghumiya-mp3-download.php HTTP/1.0" 404 16 "-" "Mozilla/5.0 (compatible; MJ12bot/v1.4.5; http://www.majestic12.co.uk/bot.php?+)"
142.54.184.90 - - [01/Oct/2016:08:38:57 +0300] "GET /03oivulrtryege0/kenapa-tidak-bisa-di-instal-game-pokemon-go-dan-t.php HTTP/1.0" 404 16 "-" "Mozilla/5.0 (compatible; MJ12bot/v1.4.5; http://www.majestic12.co.uk/bot.php?+)"
142.54.184.90 - - [01/Oct/2016:08:39:03 +0300] "GET /03oivulrtryege0/lagu-super-puber---ini-sebuah-kisah.php HTTP/1.0" 404 16 "-" "Mozilla/5.0 (compatible; MJ12bot/v1.4.5; http://www.majestic12.co.uk/bot.php?+)"
142.54.184.90 - - [01/Oct/2016:08:39:06 +0300] "GET /03oivulrtryege0/lagu-yg-dinyanyika.php HTTP/1.0" 404 16 "-" "Mozilla/5.0 (compatible; MJ12bot/v1.4.5; http://www.majestic12.co.uk/bot.php?+)"
142.54.184.90 - - [01/Oct/2016:08:39:10 +0300] "GET /03oivulrtryege0/lagu2-d-film-ranveer-dan-isyani.php HTTP/1.0" 404 16 "-" "Mozilla/5.0 (compatible; MJ12bot/v1.4.5; http://www.majestic12.co.uk/bot.php?+)"
142.54.184.90 - - [01/Oct/2016:08:39:13 +0300] "GET /03oivulrtryege0/lirik-lagu-jimi-jimi-di-film-ranveer-dan-ishani.php HTTP/1.0" 404 16 "-" "Mozilla/5.0 (compatible; MJ12bot/v1.4.5; http://www.majestic12.co.uk/bot.php?+)"
142.54.184.90 - - [01/Oct/2016:08:39:17 +0300] "GET /03oivulrtryege0/lirik-lagu-raya-asmaul-husna.php HTTP/1.0" 404 16 "-" "Mozilla/5.0 (compatible; MJ12bot/v1.4.5; http://www.majestic12.co.uk/bot.php?+)"
142.54.184.90 - - [01/Oct/2016:08:39:21 +0300] "GET /03oivulrtryege0/liriklaguindiarejinirejinirejin.php HTTP/1.0" 404 16 "-" "Mozilla/5.0 (compatible; MJ12bot/v1.4.5; http://www.majestic12.co.uk/bot.php?+)"
142.54.184.90 - - [01/Oct/2016:08:39:27 +0300] "GET /03oivulrtryege0/majina-ya-wanafunzi-wa-special-diploma-walio-chaguliwa-udom.php HTTP/1.0" 404 16 "-" "Mozilla/5.0 (compatible; MJ12bot/v1.4.5; http://www.majestic12.co.uk/bot.php?+)"
142.54.184.90 - - [01/Oct/2016:08:39:30 +0300] "GET /03oivulrtryege0/mara-gou-ka-pine-thara-lag.php HTTP/1.0" 404 16 "-" "Mozilla/5.0 (compatible; MJ12bot/v1.4.5; http://www.majestic12.co.uk/bot.php?+)"
142.54.184.90 - - [01/Oct/2016:08:39:38 +0300] "GET /03oivulrtryege0/materi-pengenalan-lingkungan-sekol.php HTTP/1.0" 404 16 "-" "Mozilla/5.0 (compatible; MJ12bot/v1.4.5; http://www.majestic12.co.uk/bot.php?+)"
170.0.236.103 - - [01/Oct/2016:08:39:41 +0300] "PROPFIND /webdav/ HTTP/1.1" 404 27 "-" "WEBDAV Client"
142.54.184.90 - - [01/Oct/2016:08:39:41 +0300] "GET /03oivulrtryege0/mengatasi-stuck-pada-pokemon.php HTTP/1.0" 404 16 "-" "Mozilla/5.0 (compatible; MJ12bot/v1.4.5; http://www.majestic12.co.uk/bot.php?+)"
142.54.184.90 - - [01/Oct/2016:08:39:49 +0300] "GET /03oivulrtryege0/menggunakan-kamera-ar-pokemon.php HTTP/1.0" 404 16 "-" "Mozilla/5.0 (compatible; MJ12bot/v1.4.5; http://www.majestic12.co.uk/bot.php?+)"
142.54.184.90 - - [01/Oct/2016:08:39:52 +0300] "GET /03oivulrtryege0/na-na-krdi-v-margi-s.php HTTP/1.0" 404 16 "-" "Mozilla/5.0 (compatible; MJ12bot/v1.4.5; http://www.majestic12.co.uk/bot.php?+)"
142.54.184.90 - - [01/Oct/2016:08:39:55 +0300] "GET /03oivulrtryege0/nahi-bhulana-there-jaisa-na-koi.php HTTP/1.0" 404 16 "-" "Mozilla/5.0 (compatible; MJ12bot/v1.4.5; http://www.majestic12.co.uk/bot.php?+)"
142.54.184.90 - - [01/Oct/2016:08:39:59 +0300] "GET /03oivulrtryege0/nane-gentalmen-mo.php HTTP/1.0" 404 16 "-" "Mozilla/5.0 (compatible; MJ12bot/v1.4.5; http://www.majestic12.co.uk/bot.php?+)"
142.54.184.90 - - [01/Oct/2016:08:40:02 +0300] "GET /03oivulrtryege0/new-song-sutkarda-video-song.php HTTP/1.0" 404 16 "-" "Mozilla/5.0 (compatible; MJ12bot/v1.4.5; http://www.majestic12.co.uk/bot.php?+)"
142.54.184.90 - - [01/Oct/2016:08:40:06 +0300] "GET /03oivulrtryege0/nokia-520-reiniciando-toda-hora.php HTTP/1.0" 404 16 "-" "Mozilla/5.0 (compatible; MJ12bot/v1.4.5; http://www.majestic12.co.uk/bot.php?+)"
142.54.184.90 - - [01/Oct/2016:08:40:09 +0300] "GET /03oivulrtryege0/parmish-hairst.php HTTP/1.0" 404 16 "-" "Mozilla/5.0 (compatible; MJ12bot/v1.4.5; http://www.majestic12.co.uk/bot.php?+)"
142.54.184.90 - - [01/Oct/2016:08:40:15 +0300] "GET /03oivulrtryege0/pnajbhi-song-chara-masum-ta-aanu-ta-chata-satani-song-downold.php HTTP/1.0" 404 16 "-" "Mozilla/5.0 (compatible; MJ12bot/v1.4.5; http://www.majestic12.co.uk/bot.php?+)"
142.54.184.90 - - [01/Oct/2016:08:40:19 +0300] "GET /03oivulrtryege0/pokemon-go-bisa-tidak-instal-di-samsun.php HTTP/1.0" 404 16 "-" "Mozilla/5.0 (compatible; MJ12bot/v1.4.5; http://www.majestic12.co.uk/bot.php?+)"
