46.4.120.3 - - [02/Oct/2016:04:07:20 +0300] "GET /livros-download-pdf-direito HTTP/1.0" 404 16 "-" "Mozilla/5.0 (compatible; MJ12bot/v1.4.5; http://www.majestic12.co.uk/bot.php?+)"
46.4.120.3 - - [02/Oct/2016:04:07:22 +0300] "GET /my-ebook-library-1-0-download HTTP/1.0" 404 16 "-" "Mozilla/5.0 (compatible; MJ12bot/v1.4.5; http://www.majestic12.co.uk/bot.php?+)"
46.4.120.3 - - [02/Oct/2016:04:07:25 +0300] "GET /nec3-pdf-download HTTP/1.0" 404 16 "-" "Mozilla/5.0 (compatible; MJ12bot/v1.4.5; http://www.majestic12.co.uk/bot.php?+)"
66.249.79.79 - - [02/Oct/2016:04:14:18 +0300] "GET /robots.txt HTTP/1.1" 404 47 "-" "Mozilla/5.0 (compatible; Googlebot/2.1; +http://www.google.com/bot.html)"
66.249.79.90 - - [02/Oct/2016:04:14:19 +0300] "GET /index.php?route=common/home HTTP/1.1" 404 47 "-" "Mozilla/5.0 (compatible; Googlebot/2.1; +http://www.google.com/bot.html)"
212.129.54.164 - - [02/Oct/2016:04:31:06 +0300] "PROPFIND /webdav/ HTTP/1.1" 404 27 "-" "WEBDAV Client"
151.80.31.182 - - [02/Oct/2016:04:40:52 +0300] "GET /robots.txt HTTP/1.1" 404 47 "-" "Mozilla/5.0 (compatible; AhrefsBot/5.1; +http://ahrefs.com/robot/)"
136.243.152.18 - - [02/Oct/2016:04:46:07 +0300] "GET /robots.txt HTTP/1.0" 404 16 "-" "Mozilla/5.0 (compatible; MJ12bot/v1.4.5; http://www.majestic12.co.uk/bot.php?+)"
136.243.152.18 - - [02/Oct/2016:04:46:09 +0300] "GET /robots.txt HTTP/1.0" 404 16 "-" "Mozilla/5.0 (compatible; MJ12bot/v1.4.5; http://www.majestic12.co.uk/bot.php?+)"
136.243.152.18 - - [02/Oct/2016:04:46:11 +0300] "GET /index.php?route=product/manufacturer/info&manufacturer_id=8&page=1 HTTP/1.0" 404 16 "-" "Mozilla/5.0 (compatible; MJ12bot/v1.4.5; http://www.majestic12.co.uk/bot.php?+)"
136.243.152.18 - - [02/Oct/2016:04:46:14 +0300] "GET /index.php?route=product/product&manufacturer_id=10&product_id=33 HTTP/1.0" 404 16 "-" "Mozilla/5.0 (compatible; MJ12bot/v1.4.5; http://www.majestic12.co.uk/bot.php?+)"
136.243.152.18 - - [02/Oct/2016:04:46:17 +0300] "GET /index.php?route=product/product&manufacturer_id=10&product_id=46 HTTP/1.0" 404 16 "-" "Mozilla/5.0 (compatible; MJ12bot/v1.4.5; http://www.majestic12.co.uk/bot.php?+)"
136.243.152.18 - - [02/Oct/2016:04:46:21 +0300] "GET /index.php?route=product/product&manufacturer_id=6&product_id=29 HTTP/1.0" 404 16 "-" "Mozilla/5.0 (compatible; MJ12bot/v1.4.5; http://www.majestic12.co.uk/bot.php?+)"
136.243.152.18 - - [02/Oct/2016:04:46:24 +0300] "GET /index.php?route=product/product&path=18&product_id=36 HTTP/1.0" 404 16 "-" "Mozilla/5.0 (compatible; MJ12bot/v1.4.5; http://www.majestic12.co.uk/bot.php?+)"
167.114.103.142 - - [02/Oct/2016:05:00:33 +0300] "PROPFIND /webdav/ HTTP/1.1" 404 27 "-" "WEBDAV Client"
84.200.7.193 - - [02/Oct/2016:05:17:18 +0300] "PROPFIND /webdav/ HTTP/1.1" 404 27 "-" "WEBDAV Client"
199.58.86.211 - - [02/Oct/2016:05:21:05 +0300] "GET /robots.txt HTTP/1.0" 404 16 "-" "Mozilla/5.0 (compatible; MJ12bot/v1.4.5; http://www.majestic12.co.uk/bot.php?+)"
199.58.86.211 - - [02/Oct/2016:05:21:10 +0300] "GET /robots.txt HTTP/1.0" 404 16 "-" "Mozilla/5.0 (compatible; MJ12bot/v1.4.5; http://www.majestic12.co.uk/bot.php?+)"
199.58.86.211 - - [02/Oct/2016:05:21:16 +0300] "GET /videos/tag/hug%20it%20out HTTP/1.0" 404 16 "-" "Mozilla/5.0 (compatible; MJ12bot/v1.4.5; http://www.majestic12.co.uk/bot.php?+)"
207.46.13.44 - - [02/Oct/2016:05:22:37 +0300] "GET /dpcjk2syz0db354/tum-ho-to-lagta-albm-song2016.php HTTP/1.1" 404 47 "-" "Mozilla/5.0 (compatible; bingbot/2.0; +http://www.bing.com/bingbot.htm)"
66.249.79.79 - - [02/Oct/2016:05:35:57 +0300] "GET / HTTP/1.1" 200 69 "-" "Mozilla/5.0 (compatible; Googlebot/2.1; +http://www.google.com/bot.html)"
66.249.79.154 - - [02/Oct/2016:05:41:06 +0300] "GET /robots.txt HTTP/1.1" 404 47 "-" "Mozilla/5.0 (compatible; Googlebot/2.1; +http://www.google.com/bot.html)"
66.249.79.158 - - [02/Oct/2016:05:41:07 +0300] "GET / HTTP/1.1" 200 69 "-" "Mozilla/5.0 (compatible; Googlebot/2.1; +http://www.google.com/bot.html)"
167.114.103.142 - - [02/Oct/2016:06:16:16 +0300] "PROPFIND /webdav/ HTTP/1.1" 404 27 "-" "WEBDAV Client"
157.55.39.42 - - [02/Oct/2016:06:24:35 +0300] "GET /robots.txt HTTP/1.1" 404 27 "-" "Mozilla/5.0 (compatible; bingbot/2.0; +http://www.bing.com/bingbot.htm)"
170.0.236.103 - - [02/Oct/2016:06:26:18 +0300] "PROPFIND /webdav/ HTTP/1.1" 404 27 "-" "WEBDAV Client"
212.129.54.164 - - [02/Oct/2016:06:27:01 +0300] "PROPFIND /webdav/ HTTP/1.1" 404 27 "-" "WEBDAV Client"
157.55.39.163 - - [02/Oct/2016:06:27:56 +0300] "GET /dpcjk2syz0db354/alabam-tum-ho-toh-sang-in.php HTTP/1.1" 404 47 "-" "Mozilla/5.0 (compatible; bingbot/2.0; +http://www.bing.com/bingbot.htm)"
192.99.144.140 - - [02/Oct/2016:06:33:59 +0300] "PROPFIND /webdav/ HTTP/1.1" 404 27 "-" "WEBDAV Client"
173.252.88.85 - - [02/Oct/2016:06:34:33 +0300] "GET /naujas.gif HTTP/1.1" 404 47 "-" "facebookexternalhit/1.1 (+http://www.facebook.com/externalhit_uatext.php)"
66.249.79.86 - - [02/Oct/2016:06:46:36 +0300] "GET /robots.txt HTTP/1.1" 404 47 "-" "Mozilla/5.0 (compatible; Googlebot/2.1; +http://www.google.com/bot.html)"
66.249.79.79 - - [02/Oct/2016:06:51:59 +0300] "GET /index.php?route=product/manufacturer/info&manufacturer_id=10&limit=50 HTTP/1.1" 404 47 "-" "Mozilla/5.0 (compatible; Googlebot/2.1; +http://www.google.com/bot.html)"
164.132.201.51 - - [02/Oct/2016:06:54:57 +0300] "PROPFIND /webdav/ HTTP/1.1" 404 27 "-" "WEBDAV Client"
157.55.39.42 - - [02/Oct/2016:07:03:03 +0300] "GET /image/cache/catalog/product-55-220x200.png HTTP/1.1" 404 47 "-" "Mozilla/5.0 (compatible; bingbot/2.0; +http://www.bing.com/bingbot.htm)"
167.114.103.142 - - [02/Oct/2016:07:03:57 +0300] "PROPFIND /webdav/ HTTP/1.1" 404 27 "-" "WEBDAV Client"
84.200.7.193 - - [02/Oct/2016:07:16:11 +0300] "PROPFIND /webdav/ HTTP/1.1" 404 27 "-" "WEBDAV Client"
40.77.167.33 - - [02/Oct/2016:07:26:45 +0300] "GET /g9slagzeffz7wxw/s5gimhey.php HTTP/1.1" 404 47 "-" "Mozilla/5.0 (compatible; bingbot/2.0; +http://www.bing.com/bingbot.htm)"
66.249.79.79 - - [02/Oct/2016:07:32:47 +0300] "GET /index.php?route=product/manufacturer/info&manufacturer_id=10&limit=75 HTTP/1.1" 404 47 "-" "Mozilla/5.0 (compatible; Googlebot/2.1; +http://www.google.com/bot.html)"
84.200.7.193 - - [02/Oct/2016:07:33:16 +0300] "PROPFIND /webdav/ HTTP/1.1" 404 27 "-" "WEBDAV Client"
157.55.39.122 - - [02/Oct/2016:07:35:24 +0300] "GET /dpcjk2syz0db354/gambar-alika-saat-dibunuh.php HTTP/1.1" 404 47 "-" "Mozilla/5.0 (compatible; bingbot/2.0; +http://www.bing.com/bingbot.htm)"
192.99.144.140 - - [02/Oct/2016:07:38:06 +0300] "PROPFIND /webdav/ HTTP/1.1" 404 27 "-" "WEBDAV Client"
46.4.120.3 - - [02/Oct/2016:08:06:16 +0300] "GET /robots.txt HTTP/1.0" 404 16 "-" "Mozilla/5.0 (compatible; MJ12bot/v1.4.5; http://www.majestic12.co.uk/bot.php?+)"
46.4.120.3 - - [02/Oct/2016:08:06:18 +0300] "GET /robots.txt HTTP/1.0" 404 16 "-" "Mozilla/5.0 (compatible; MJ12bot/v1.4.5; http://www.majestic12.co.uk/bot.php?+)"
46.4.120.3 - - [02/Oct/2016:08:06:19 +0300] "GET /?feed=rss2 HTTP/1.0" 200 69 "-" "Mozilla/5.0 (compatible; MJ12bot/v1.4.5; http://www.majestic12.co.uk/bot.php?+)"
46.4.120.3 - - [02/Oct/2016:08:06:33 +0300] "GET /?m=201605 HTTP/1.0" 200 69 "-" "Mozilla/5.0 (compatible; MJ12bot/v1.4.5; http://www.majestic12.co.uk/bot.php?+)"
46.4.120.3 - - [02/Oct/2016:08:06:36 +0300] "GET /?p=1 HTTP/1.0" 200 69 "-" "Mozilla/5.0 (compatible; MJ12bot/v1.4.5; http://www.majestic12.co.uk/bot.php?+)"
46.4.120.3 - - [02/Oct/2016:08:06:38 +0300] "GET /pages HTTP/1.0" 404 16 "-" "Mozilla/5.0 (compatible; MJ12bot/v1.4.5; http://www.majestic12.co.uk/bot.php?+)"
167.114.103.142 - - [02/Oct/2016:08:26:55 +0300] "PROPFIND /webdav/ HTTP/1.1" 404 27 "-" "WEBDAV Client"
66.249.79.79 - - [02/Oct/2016:08:37:59 +0300] "GET /robots.txt HTTP/1.1" 404 47 "-" "Mozilla/5.0 (compatible; Googlebot/2.1; +http://www.google.com/bot.html)"
66.249.79.90 - - [02/Oct/2016:08:38:00 +0300] "GET /page/kontaktai HTTP/1.1" 404 47 "-" "Mozilla/5.0 (Linux; Android 6.0.1; Nexus 5X Build/MMB29P) AppleWebKit/537.36 (KHTML, like Gecko) Chrome/41.0.2272.96 Mobile Safari/537.36 (compatible; Googlebot/2.1; +http://www.google.com/bot.html)"
192.99.144.140 - - [02/Oct/2016:08:58:06 +0300] "PROPFIND /webdav/ HTTP/1.1" 404 27 "-" "WEBDAV Client"
207.46.13.175 - - [02/Oct/2016:08:59:58 +0300] "GET /robots.txt HTTP/1.1" 404 27 "-" "Mozilla/5.0 (compatible; bingbot/2.0; +http://www.bing.com/bingbot.htm)"
212.129.54.164 - - [02/Oct/2016:09:01:41 +0300] "PROPFIND /webdav/ HTTP/1.1" 404 27 "-" "WEBDAV Client"
27.10.19.252 - - [02/Oct/2016:09:11:35 +0300] "GET / HTTP/1.1" 200 69 "-" "Mozilla/5.0 (X11; Linux x86_64) AppleWebKit/537.36 (KHTML, like Gecko) Ubuntu Chromium/34.0.1847.116 Chrome/34.0.1847.116 Safari/537.36"
220.173.17.22 - - [02/Oct/2016:09:11:35 +0300] "GET / HTTP/1.1" 200 69 "-" "Mozilla/5.0 (X11; Linux x86_64) AppleWebKit/537.36 (KHTML, like Gecko) Ubuntu Chromium/34.0.1847.116 Chrome/34.0.1847.116 Safari/537.36"
59.174.46.102 - - [02/Oct/2016:09:11:37 +0300] "GET / HTTP/1.1" 200 69 "-" "Python-urllib/2.7"
175.184.162.245 - - [02/Oct/2016:09:11:37 +0300] "GET / HTTP/1.1" 200 69 "-" "Mozilla/5.0 (X11; Linux x86_64) AppleWebKit/537.36 (KHTML, like Gecko) Ubuntu Chromium/34.0.1847.116 Chrome/34.0.1847.116 Safari/537.36"
121.42.0.62 - - [02/Oct/2016:09:11:38 +0300] "GET / HTTP/1.1" 200 69 "-" "Mozilla/5.0 (iPhone; CPU iPhone OS 6_1_3 like Mac OS X) AppleWebKit/536.26 (KHTML, like Gecko) Version/6.0 Mobile/WK10171 Safari/8536.25"
14.104.190.13 - - [02/Oct/2016:09:11:54 +0300] "GET / HTTP/1.1" 200 69 "-" "Mozilla/5.0 (X11; Linux x86_64) AppleWebKit/537.36 (KHTML, like Gecko) Ubuntu Chromium/34.0.1847.116 Chrome/34.0.1847.116 Safari/537.36"
40.77.167.33 - - [02/Oct/2016:09:13:29 +0300] "GET /download-file-pdf-adobe HTTP/1.1" 404 47 "-" "Mozilla/5.0 (compatible; bingbot/2.0; +http://www.bing.com/bingbot.htm)"
164.132.201.51 - - [02/Oct/2016:09:25:57 +0300] "PROPFIND /webdav/ HTTP/1.1" 404 27 "-" "WEBDAV Client"
62.210.148.247 - - [02/Oct/2016:09:26:46 +0300] "GET /robots.txt HTTP/1.0" 404 16 "-" "Mozilla/5.0 (compatible; MJ12bot/v1.4.5; http://www.majestic12.co.uk/bot.php?+)"
62.210.148.247 - - [02/Oct/2016:09:26:48 +0300] "GET /robots.txt HTTP/1.0" 404 16 "-" "Mozilla/5.0 (compatible; MJ12bot/v1.4.5; http://www.majestic12.co.uk/bot.php?+)"
62.210.148.247 - - [02/Oct/2016:09:26:53 +0300] "GET /english-skills-john-langan-pdf HTTP/1.0" 404 16 "-" "Mozilla/5.0 (compatible; MJ12bot/v1.4.5; http://www.majestic12.co.uk/bot.php?+)"
62.210.148.247 - - [02/Oct/2016:09:26:57 +0300] "GET /epstopdf-latex-download HTTP/1.0" 404 16 "-" "Mozilla/5.0 (compatible; MJ12bot/v1.4.5; http://www.majestic12.co.uk/bot.php?+)"
62.210.148.247 - - [02/Oct/2016:09:27:00 +0300] "GET /gramatica-didactica-del-euskera-pdf HTTP/1.0" 404 16 "-" "Mozilla/5.0 (compatible; MJ12bot/v1.4.5; http://www.majestic12.co.uk/bot.php?+)"
62.210.148.247 - - [02/Oct/2016:09:27:07 +0300] "GET /wicked-download-ebook HTTP/1.0" 404 16 "-" "Mozilla/5.0 (compatible; MJ12bot/v1.4.5; http://www.majestic12.co.uk/bot.php?+)"
62.210.148.247 - - [02/Oct/2016:09:37:30 +0300] "GET /robots.txt HTTP/1.0" 404 16 "-" "Mozilla/5.0 (compatible; MJ12bot/v1.4.5; http://www.majestic12.co.uk/bot.php?+)"
62.210.148.247 - - [02/Oct/2016:09:37:33 +0300] "GET /robots.txt HTTP/1.0" 404 16 "-" "Mozilla/5.0 (compatible; MJ12bot/v1.4.5; http://www.majestic12.co.uk/bot.php?+)"
62.210.148.247 - - [02/Oct/2016:09:37:34 +0300] "GET / HTTP/1.0" 200 69 "-" "Mozilla/5.0 (compatible; MJ12bot/v1.4.5; http://www.majestic12.co.uk/bot.php?+)"
212.129.54.164 - - [02/Oct/2016:09:46:52 +0300] "PROPFIND /webdav/ HTTP/1.1" 404 27 "-" "WEBDAV Client"
167.114.103.142 - - [02/Oct/2016:10:02:14 +0300] "PROPFIND /webdav/ HTTP/1.1" 404 27 "-" "WEBDAV Client"
66.249.79.86 - - [02/Oct/2016:10:13:49 +0300] "GET /robots.txt HTTP/1.1" 404 47 "-" "Mozilla/5.0 (compatible; Googlebot/2.1; +http://www.google.com/bot.html)"
66.249.79.86 - - [02/Oct/2016:10:13:49 +0300] "GET /8te6r3smb6iq0wi/cara-ampuh-megatsi-force-close-pd-pokemon.php HTTP/1.1" 404 47 "-" "Mozilla/5.0 (compatible; Googlebot/2.1; +http://www.google.com/bot.html)"
192.99.144.140 - - [02/Oct/2016:10:16:38 +0300] "PROPFIND /webdav/ HTTP/1.1" 404 27 "-" "WEBDAV Client"
216.218.206.68 - - [02/Oct/2016:10:18:24 +0300] "GET / HTTP/1.1" 200 69 "-" "-"
5.9.8.150 - - [02/Oct/2016:10:20:45 +0300] "GET /robots.txt HTTP/1.0" 404 16 "-" "Mozilla/5.0 (compatible; MJ12bot/v1.4.5; http://www.majestic12.co.uk/bot.php?+)"
5.9.8.150 - - [02/Oct/2016:10:20:48 +0300] "GET /robots.txt HTTP/1.0" 404 16 "-" "Mozilla/5.0 (compatible; MJ12bot/v1.4.5; http://www.majestic12.co.uk/bot.php?+)"
5.9.8.150 - - [02/Oct/2016:10:21:08 +0300] "GET / HTTP/1.0" 200 69 "-" "Mozilla/5.0 (compatible; MJ12bot/v1.4.5; http://www.majestic12.co.uk/bot.php?+)"
163.172.49.61 - - [02/Oct/2016:10:26:38 +0300] "GET /robots.txt HTTP/1.0" 404 16 "-" "Mozilla/5.0 (compatible; MJ12bot/v1.4.5; http://www.majestic12.co.uk/bot.php?+)"
163.172.49.61 - - [02/Oct/2016:10:26:45 +0300] "GET /robots.txt HTTP/1.0" 404 16 "-" "Mozilla/5.0 (compatible; MJ12bot/v1.4.5; http://www.majestic12.co.uk/bot.php?+)"
163.172.49.61 - - [02/Oct/2016:10:26:50 +0300] "GET /gntv-server.tk/ HTTP/1.0" 404 16 "-" "Mozilla/5.0 (compatible; MJ12bot/v1.4.5; http://www.majestic12.co.uk/bot.php?+)"
164.132.201.51 - - [02/Oct/2016:10:32:31 +0300] "PROPFIND /webdav/ HTTP/1.1" 404 27 "-" "WEBDAV Client"
62.210.148.246 - - [02/Oct/2016:10:36:13 +0300] "GET /robots.txt HTTP/1.0" 404 16 "-" "Mozilla/5.0 (compatible; MJ12bot/v1.4.5; http://www.majestic12.co.uk/bot.php?+)"
62.210.148.246 - - [02/Oct/2016:10:36:16 +0300] "GET /robots.txt HTTP/1.0" 404 16 "-" "Mozilla/5.0 (compatible; MJ12bot/v1.4.5; http://www.majestic12.co.uk/bot.php?+)"
62.210.148.246 - - [02/Oct/2016:10:36:21 +0300] "GET /sony-vegas-pdf-download HTTP/1.0" 404 16 "-" "Mozilla/5.0 (compatible; MJ12bot/v1.4.5; http://www.majestic12.co.uk/bot.php?+)"
62.210.148.246 - - [02/Oct/2016:10:36:45 +0300] "GET /spe-565-teaching-toolbox-pdf HTTP/1.0" 404 16 "-" "Mozilla/5.0 (compatible; MJ12bot/v1.4.5; http://www.majestic12.co.uk/bot.php?+)"
62.210.148.246 - - [02/Oct/2016:10:37:16 +0300] "GET /system-verilog-golden-reference-guide-doulos-pdf HTTP/1.0" 404 16 "-" "Mozilla/5.0 (compatible; MJ12bot/v1.4.5; http://www.majestic12.co.uk/bot.php?+)"
167.114.103.142 - - [02/Oct/2016:10:59:57 +0300] "PROPFIND /webdav/ HTTP/1.1" 404 27 "-" "WEBDAV Client"
212.129.54.164 - - [02/Oct/2016:11:04:30 +0300] "PROPFIND /webdav/ HTTP/1.1" 404 27 "-" "WEBDAV Client"
62.210.97.48 - - [02/Oct/2016:11:13:32 +0300] "GET /robots.txt HTTP/1.0" 404 16 "-" "Mozilla/5.0 (compatible; MJ12bot/v1.4.5; http://www.majestic12.co.uk/bot.php?+)"
62.210.97.48 - - [02/Oct/2016:11:13:37 +0300] "GET /robots.txt HTTP/1.0" 404 16 "-" "Mozilla/5.0 (compatible; MJ12bot/v1.4.5; http://www.majestic12.co.uk/bot.php?+)"
62.210.97.48 - - [02/Oct/2016:11:13:39 +0300] "GET /videos/tag/salmon HTTP/1.0" 404 16 "-" "Mozilla/5.0 (compatible; MJ12bot/v1.4.5; http://www.majestic12.co.uk/bot.php?+)"
173.252.90.229 - - [02/Oct/2016:11:15:55 +0300] "GET /naujas.gif HTTP/1.1" 404 47 "-" "facebookexternalhit/1.1 (+http://www.facebook.com/externalhit_uatext.php)"
51.254.121.187 - - [02/Oct/2016:11:17:08 +0300] "GET /robots.txt HTTP/1.0" 404 16 "-" "Mozilla/5.0 (compatible; MJ12bot/v1.4.5; http://www.majestic12.co.uk/bot.php?+)"
51.254.121.187 - - [02/Oct/2016:11:17:14 +0300] "GET /robots.txt HTTP/1.0" 404 16 "-" "Mozilla/5.0 (compatible; MJ12bot/v1.4.5; http://www.majestic12.co.uk/bot.php?+)"
51.254.121.187 - - [02/Oct/2016:11:17:16 +0300] "GET /03oivulrtryege0/du-doan-cap-so-ra-hom-nay.php HTTP/1.0" 404 16 "-" "Mozilla/5.0 (compatible; MJ12bot/v1.4.5; http://www.majestic12.co.uk/bot.php?+)"
51.254.121.187 - - [02/Oct/2016:11:17:20 +0300] "GET /page/faq HTTP/1.0" 404 16 "-" "Mozilla/5.0 (compatible; MJ12bot/v1.4.5; http://www.majestic12.co.uk/bot.php?+)"
66.249.79.86 - - [02/Oct/2016:11:17:53 +0300] "GET /index.php?route=product/manufacturer/info&manufacturer_id=6&sort=p.price&order=DESC HTTP/1.1" 404 47 "-" "Mozilla/5.0 (compatible; Googlebot/2.1; +http://www.google.com/bot.html)"
192.99.144.140 - - [02/Oct/2016:11:38:36 +0300] "PROPFIND /webdav/ HTTP/1.1" 404 27 "-" "WEBDAV Client"
170.0.236.103 - - [02/Oct/2016:11:53:53 +0300] "PROPFIND /webdav/ HTTP/1.1" 404 27 "-" "WEBDAV Client"
212.52.45.120 - - [02/Oct/2016:11:56:49 +0300] "GET /naktinis-kaunas-nusvis-naujomis-spalvomis/ HTTP/1.1" 404 47 "http://m.facebook.com/" "Mozilla/5.0 (Linux; Android 5.1.1; C6903 Build/14.6.A.1.236; wv) AppleWebKit/537.36 (KHTML, like Gecko) Version/4.0 Chrome/51.0.2704.81 Mobile Safari/537.36 [FB_IAB/FB4A;FBAV/87.0.0.17.79;]"
93.158.152.83 - - [02/Oct/2016:11:59:54 +0300] "GET /robots.txt HTTP/1.1" 404 27 "-" "Mozilla/5.0 (compatible; YandexBot/3.0; +http://yandex.com/bots)"
93.158.152.83 - - [02/Oct/2016:11:59:58 +0300] "GET /the-american-songbook HTTP/1.1" 404 47 "-" "Mozilla/5.0 (compatible; YandexBot/3.0; +http://yandex.com/bots)"
40.77.167.33 - - [02/Oct/2016:12:06:26 +0300] "GET /8te6r3smb6iq0wi/sajan-raji-ho-jayso-g-downlid.php HTTP/1.1" 404 47 "-" "Mozilla/5.0 (compatible; bingbot/2.0; +http://www.bing.com/bingbot.htm)"
40.77.167.33 - - [02/Oct/2016:12:06:26 +0300] "GET /new-jedi-order-books HTTP/1.1" 404 47 "-" "Mozilla/5.0 (compatible; bingbot/2.0; +http://www.bing.com/bingbot.htm)"
66.249.79.79 - - [02/Oct/2016:12:07:17 +0300] "GET /index.php?route=product/manufacturer/info&manufacturer_id=6&sort=p.price&order=DESC HTTP/1.1" 404 47 "-" "Mozilla/5.0 (compatible; Googlebot/2.1; +http://www.google.com/bot.html)"
141.8.142.36 - - [02/Oct/2016:12:09:55 +0300] "GET /book-pro-applications HTTP/1.1" 404 47 "-" "Mozilla/5.0 (compatible; YandexBot/3.0; +http://yandex.com/bots)"
141.8.132.28 - - [02/Oct/2016:12:18:50 +0300] "GET /html-lessons-for-beginners-pdf HTTP/1.1" 404 47 "-" "Mozilla/5.0 (compatible; YandexBot/3.0; +http://yandex.com/bots)"
66.249.79.90 - - [02/Oct/2016:12:30:08 +0300] "GET /video/57 HTTP/1.1" 404 47 "-" "Mozilla/5.0 (Linux; Android 6.0.1; Nexus 5X Build/MMB29P) AppleWebKit/537.36 (KHTML, like Gecko) Chrome/41.0.2272.96 Mobile Safari/537.36 (compatible; Googlebot/2.1; +http://www.google.com/bot.html)"
69.197.177.26 - - [02/Oct/2016:12:44:38 +0300] "GET /robots.txt HTTP/1.0" 404 16 "-" "Mozilla/5.0 (compatible; MJ12bot/v1.4.5; http://www.majestic12.co.uk/bot.php?+)"
69.197.177.26 - - [02/Oct/2016:12:44:41 +0300] "GET /robots.txt HTTP/1.0" 404 16 "-" "Mozilla/5.0 (compatible; MJ12bot/v1.4.5; http://www.majestic12.co.uk/bot.php?+)"
69.197.177.26 - - [02/Oct/2016:12:44:43 +0300] "GET /smart-study-series-anatomy-pdf HTTP/1.0" 404 16 "-" "Mozilla/5.0 (compatible; MJ12bot/v1.4.5; http://www.majestic12.co.uk/bot.php?+)"
91.147.242.60 - - [02/Oct/2016:12:47:37 +0300] "GET / HTTP/1.1" 200 69 "-" "curl/7.17.1 (mips-unknown-linux-gnu) libcurl/7.17.1 OpenSSL/0.9.8i zlib/1.2.3"
212.129.54.164 - - [02/Oct/2016:12:49:19 +0300] "PROPFIND /webdav/ HTTP/1.1" 404 27 "-" "WEBDAV Client"
89.117.23.77 - - [02/Oct/2016:12:56:26 +0300] "GET /pyr HTTP/1.1" 404 47 "http://m.facebook.com/" "Mozilla/5.0 (Linux; Android 5.1.1; SM-J500FN Build/LMY48B; wv) AppleWebKit/537.36 (KHTML, like Gecko) Version/4.0 Chrome/53.0.2785.124 Mobile Safari/537.36 [FB_IAB/FB4A;FBAV/96.0.0.17.70;]"
84.200.7.193 - - [02/Oct/2016:13:00:36 +0300] "PROPFIND /webdav/ HTTP/1.1" 404 27 "-" "WEBDAV Client"
62.210.90.118 - - [02/Oct/2016:13:03:24 +0300] "GET /robots.txt HTTP/1.0" 404 16 "-" "Mozilla/5.0 (compatible; MJ12bot/v1.4.5; http://www.majestic12.co.uk/bot.php?+)"
62.210.90.118 - - [02/Oct/2016:13:03:26 +0300] "GET /robots.txt HTTP/1.0" 404 16 "-" "Mozilla/5.0 (compatible; MJ12bot/v1.4.5; http://www.majestic12.co.uk/bot.php?+)"
62.210.90.118 - - [02/Oct/2016:13:03:27 +0300] "GET / HTTP/1.0" 200 69 "-" "Mozilla/5.0 (compatible; MJ12bot/v1.4.5; http://www.majestic12.co.uk/bot.php?+)"
62.210.90.118 - - [02/Oct/2016:13:03:29 +0300] "GET /robots.txt HTTP/1.0" 404 16 "-" "Mozilla/5.0 (compatible; MJ12bot/v1.4.5; http://www.majestic12.co.uk/bot.php?+)"
62.210.90.118 - - [02/Oct/2016:13:03:32 +0300] "GET / HTTP/1.0" 200 69 "-" "Mozilla/5.0 (compatible; MJ12bot/v1.4.5; http://www.majestic12.co.uk/bot.php?+)"
91.244.170.210 - - [02/Oct/2016:13:09:33 +0300] "GET / HTTP/1.1" 200 69 "-" "curl/7.17.1 (mips-unknown-linux-gnu) libcurl/7.17.1 OpenSSL/0.9.8i zlib/1.2.3"
68.180.230.189 - - [02/Oct/2016:13:32:20 +0300] "GET /robots.txt HTTP/1.1" 404 27 "-" "Mozilla/5.0 (compatible; Yahoo! Slurp; http://help.yahoo.com/help/us/ysearch/slurp)"
68.180.228.171 - - [02/Oct/2016:13:32:34 +0300] "GET /robots.txt HTTP/1.1" 404 27 "-" "Mozilla/5.0 (compatible; Yahoo! Slurp; http://help.yahoo.com/help/us/ysearch/slurp)"
68.180.228.171 - - [02/Oct/2016:13:32:35 +0300] "GET /03oivulrtryege0/raina-dan-jastin.php HTTP/1.1" 404 47 "-" "Mozilla/5.0 (compatible; Yahoo! Slurp; http://help.yahoo.com/help/us/ysearch/slurp)"
62.138.2.243 - - [02/Oct/2016:13:37:16 +0300] "GET /robots.txt HTTP/1.0" 404 16 "-" "Mozilla/5.0 (compatible; MJ12bot/v1.4.5; http://www.majestic12.co.uk/bot.php?+)"
62.138.2.243 - - [02/Oct/2016:13:37:18 +0300] "GET /robots.txt HTTP/1.0" 404 16 "-" "Mozilla/5.0 (compatible; MJ12bot/v1.4.5; http://www.majestic12.co.uk/bot.php?+)"
62.138.2.243 - - [02/Oct/2016:13:37:20 +0300] "GET /login HTTP/1.0" 404 16 "-" "Mozilla/5.0 (compatible; MJ12bot/v1.4.5; http://www.majestic12.co.uk/bot.php?+)"
62.138.2.243 - - [02/Oct/2016:13:37:22 +0300] "GET /page/faq HTTP/1.0" 404 16 "-" "Mozilla/5.0 (compatible; MJ12bot/v1.4.5; http://www.majestic12.co.uk/bot.php?+)"
62.138.2.243 - - [02/Oct/2016:13:37:25 +0300] "GET /video/19 HTTP/1.0" 404 16 "-" "Mozilla/5.0 (compatible; MJ12bot/v1.4.5; http://www.majestic12.co.uk/bot.php?+)"
62.138.2.243 - - [02/Oct/2016:13:37:29 +0300] "GET /videos/category/tech HTTP/1.0" 404 16 "-" "Mozilla/5.0 (compatible; MJ12bot/v1.4.5; http://www.majestic12.co.uk/bot.php?+)"
212.129.54.164 - - [02/Oct/2016:13:48:11 +0300] "PROPFIND /webdav/ HTTP/1.1" 404 27 "-" "WEBDAV Client"
199.58.86.206 - - [02/Oct/2016:14:03:31 +0300] "GET /robots.txt HTTP/1.0" 404 16 "-" "Mozilla/5.0 (compatible; MJ12bot/v1.4.5; http://www.majestic12.co.uk/bot.php?+)"
199.58.86.206 - - [02/Oct/2016:14:03:34 +0300] "GET /robots.txt HTTP/1.0" 404 16 "-" "Mozilla/5.0 (compatible; MJ12bot/v1.4.5; http://www.majestic12.co.uk/bot.php?+)"
199.58.86.206 - - [02/Oct/2016:14:03:37 +0300] "GET / HTTP/1.0" 200 69 "-" "Mozilla/5.0 (compatible; MJ12bot/v1.4.5; http://www.majestic12.co.uk/bot.php?+)"
212.129.54.164 - - [02/Oct/2016:14:16:16 +0300] "PROPFIND /webdav/ HTTP/1.1" 404 27 "-" "WEBDAV Client"
141.8.142.100 - - [02/Oct/2016:14:19:50 +0300] "GET /witching-hour-download-ebook HTTP/1.1" 404 47 "-" "Mozilla/5.0 (compatible; YandexBot/3.0; +http://yandex.com/bots)"
164.132.201.51 - - [02/Oct/2016:14:21:17 +0300] "PROPFIND /webdav/ HTTP/1.1" 404 27 "-" "WEBDAV Client"
157.55.39.163 - - [02/Oct/2016:14:21:20 +0300] "GET /8te6r3smb6iq0wi/kenapa-blackberry-cdma-ga-bisa-invit-android.php HTTP/1.1" 404 47 "-" "Mozilla/5.0 (compatible; bingbot/2.0; +http://www.bing.com/bingbot.htm)"
163.172.32.175 - - [02/Oct/2016:14:25:06 +0300] "GET /robots.txt HTTP/1.0" 404 16 "-" "Mozilla/5.0 (compatible; MJ12bot/v1.4.5; http://www.majestic12.co.uk/bot.php?+)"
163.172.32.175 - - [02/Oct/2016:14:25:08 +0300] "GET /robots.txt HTTP/1.0" 404 16 "-" "Mozilla/5.0 (compatible; MJ12bot/v1.4.5; http://www.majestic12.co.uk/bot.php?+)"
163.172.32.175 - - [02/Oct/2016:14:25:10 +0300] "GET /add-pdf-download-link-dreamweaver HTTP/1.0" 404 16 "-" "Mozilla/5.0 (compatible; MJ12bot/v1.4.5; http://www.majestic12.co.uk/bot.php?+)"
163.172.32.175 - - [02/Oct/2016:14:25:14 +0300] "GET /ag-book-font-download HTTP/1.0" 404 16 "-" "Mozilla/5.0 (compatible; MJ12bot/v1.4.5; http://www.majestic12.co.uk/bot.php?+)"
163.172.32.175 - - [02/Oct/2016:14:25:19 +0300] "GET /ahora-descubra-sus-fortalezas-libro-pdf HTTP/1.0" 404 16 "-" "Mozilla/5.0 (compatible; MJ12bot/v1.4.5; http://www.majestic12.co.uk/bot.php?+)"
163.172.32.175 - - [02/Oct/2016:14:25:22 +0300] "GET /aldous-huxley-brave-new-world-pdf-download HTTP/1.0" 404 16 "-" "Mozilla/5.0 (compatible; MJ12bot/v1.4.5; http://www.majestic12.co.uk/bot.php?+)"
66.249.79.79 - - [02/Oct/2016:14:29:48 +0300] "GET /posts/category/pagr HTTP/1.1" 404 47 "-" "Mozilla/5.0 (compatible; Googlebot/2.1; +http://www.google.com/bot.html)"
180.76.15.12 - - [02/Oct/2016:14:32:17 +0300] "GET /photography-design-pdf HTTP/1.1" 404 27 "-" "Mozilla/5.0 (compatible; Baiduspider/2.0; +http://www.baidu.com/search/spider.html)"
66.249.79.86 - - [02/Oct/2016:14:34:47 +0300] "GET /login HTTP/1.1" 404 47 "-" "Mozilla/5.0 (compatible; Googlebot/2.1; +http://www.google.com/bot.html)"
66.249.79.79 - - [02/Oct/2016:14:34:48 +0300] "GET /videos/category/greicio-linija HTTP/1.1" 404 47 "-" "Mozilla/5.0 (compatible; Googlebot/2.1; +http://www.google.com/bot.html)"
192.99.144.140 - - [02/Oct/2016:14:38:44 +0300] "PROPFIND /webdav/ HTTP/1.1" 404 27 "-" "WEBDAV Client"
66.249.79.86 - - [02/Oct/2016:14:39:57 +0300] "GET /video/55 HTTP/1.1" 404 47 "-" "Mozilla/5.0 (compatible; Googlebot/2.1; +http://www.google.com/bot.html)"
69.30.234.2 - - [02/Oct/2016:14:44:14 +0300] "GET /robots.txt HTTP/1.0" 404 16 "-" "Mozilla/5.0 (compatible; MJ12bot/v1.4.5; http://www.majestic12.co.uk/bot.php?+)"
69.30.234.2 - - [02/Oct/2016:14:44:18 +0300] "GET /robots.txt HTTP/1.0" 404 16 "-" "Mozilla/5.0 (compatible; MJ12bot/v1.4.5; http://www.majestic12.co.uk/bot.php?+)"
69.30.234.2 - - [02/Oct/2016:14:44:20 +0300] "GET /epub-karin-slau HTTP/1.0" 404 16 "-" "Mozilla/5.0 (compatible; MJ12bot/v1.4.5; http://www.majestic12.co.uk/bot.php?+)"
69.30.234.2 - - [02/Oct/2016:14:44:24 +0300] "GET /esquire-uk-big-black-book HTTP/1.0" 404 16 "-" "Mozilla/5.0 (compatible; MJ12bot/v1.4.5; http://www.majestic12.co.uk/bot.php?+)"
69.30.234.2 - - [02/Oct/2016:14:44:29 +0300] "GET /essential-linux-device-driver-book-download HTTP/1.0" 404 16 "-" "Mozilla/5.0 (compatible; MJ12bot/v1.4.5; http://www.majestic12.co.uk/bot.php?+)"
69.30.234.2 - - [02/Oct/2016:14:44:34 +0300] "GET /ettv-book-of-negroes HTTP/1.0" 404 16 "-" "Mozilla/5.0 (compatible; MJ12bot/v1.4.5; http://www.majestic12.co.uk/bot.php?+)"
69.30.234.2 - - [02/Oct/2016:14:44:40 +0300] "GET /final-fantasy-xiii-guide-download-pdf HTTP/1.0" 404 16 "-" "Mozilla/5.0 (compatible; MJ12bot/v1.4.5; http://www.majestic12.co.uk/bot.php?+)"
69.30.234.2 - - [02/Oct/2016:14:44:45 +0300] "GET /flip-book-maker-pro-3-6-6 HTTP/1.0" 404 16 "-" "Mozilla/5.0 (compatible; MJ12bot/v1.4.5; http://www.majestic12.co.uk/bot.php?+)"
69.30.234.2 - - [02/Oct/2016:14:44:49 +0300] "GET /fluid-mechanics-text-book HTTP/1.0" 404 16 "-" "Mozilla/5.0 (compatible; MJ12bot/v1.4.5; http://www.majestic12.co.uk/bot.php?+)"
69.30.234.2 - - [02/Oct/2016:14:44:53 +0300] "GET /food-culture-in-india-pdf HTTP/1.0" 404 16 "-" "Mozilla/5.0 (compatible; MJ12bot/v1.4.5; http://www.majestic12.co.uk/bot.php?+)"
69.30.234.2 - - [02/Oct/2016:14:44:57 +0300] "GET /forgotten-god-workbook-download HTTP/1.0" 404 16 "-" "Mozilla/5.0 (compatible; MJ12bot/v1.4.5; http://www.majestic12.co.uk/bot.php?+)"
66.249.79.90 - - [02/Oct/2016:14:44:58 +0300] "GET /videos/category/grozis-stilius-sveikata HTTP/1.1" 404 47 "-" "Mozilla/5.0 (compatible; Googlebot/2.1; +http://www.google.com/bot.html)"
69.30.234.2 - - [02/Oct/2016:14:45:04 +0300] "GET /foundations-of-casualty-actuarial-science--pdf HTTP/1.0" 404 16 "-" "Mozilla/5.0 (compatible; MJ12bot/v1.4.5; http://www.majestic12.co.uk/bot.php?+)"
69.30.234.2 - - [02/Oct/2016:14:45:09 +0300] "GET /game-of-thrones-audio-books HTTP/1.0" 404 16 "-" "Mozilla/5.0 (compatible; MJ12bot/v1.4.5; http://www.majestic12.co.uk/bot.php?+)"
69.30.234.2 - - [02/Oct/2016:14:45:20 +0300] "GET /ge-dishwasher-repair-manual-pdf HTTP/1.0" 404 16 "-" "Mozilla/5.0 (compatible; MJ12bot/v1.4.5; http://www.majestic12.co.uk/bot.php?+)"
69.30.234.2 - - [02/Oct/2016:14:45:23 +0300] "GET /go-math-5th-grade-workbook-chapter-7 HTTP/1.0" 404 16 "-" "Mozilla/5.0 (compatible; MJ12bot/v1.4.5; http://www.majestic12.co.uk/bot.php?+)"
69.30.234.2 - - [02/Oct/2016:14:45:27 +0300] "GET /google-chrome-pdf-plugin-download HTTP/1.0" 404 16 "-" "Mozilla/5.0 (compatible; MJ12bot/v1.4.5; http://www.majestic12.co.uk/bot.php?+)"
69.30.234.2 - - [02/Oct/2016:14:45:31 +0300] "GET /gossip-girl-pdf-download HTTP/1.0" 404 16 "-" "Mozilla/5.0 (compatible; MJ12bot/v1.4.5; http://www.majestic12.co.uk/bot.php?+)"
69.30.234.2 - - [02/Oct/2016:14:45:34 +0300] "GET /gravitation-and-spacetime-pdf HTTP/1.0" 404 16 "-" "Mozilla/5.0 (compatible; MJ12bot/v1.4.5; http://www.majestic12.co.uk/bot.php?+)"
69.30.234.2 - - [02/Oct/2016:14:45:38 +0300] "GET /green-for-life-pdf HTTP/1.0" 404 16 "-" "Mozilla/5.0 (compatible; MJ12bot/v1.4.5; http://www.majestic12.co.uk/bot.php?+)"
69.30.234.2 - - [02/Oct/2016:14:45:43 +0300] "GET /grimoire-for-the-green-witch-a-complete-book HTTP/1.0" 404 16 "-" "Mozilla/5.0 (compatible; MJ12bot/v1.4.5; http://www.majestic12.co.uk/bot.php?+)"
69.30.234.2 - - [02/Oct/2016:14:45:56 +0300] "GET /half-life-2-raising-the-bar-pdf HTTP/1.0" 404 16 "-" "Mozilla/5.0 (compatible; MJ12bot/v1.4.5; http://www.majestic12.co.uk/bot.php?+)"
69.30.234.2 - - [02/Oct/2016:14:45:59 +0300] "GET /handbook-of-forensic-drug-analysis HTTP/1.0" 404 16 "-" "Mozilla/5.0 (compatible; MJ12bot/v1.4.5; http://www.majestic12.co.uk/bot.php?+)"
69.30.234.2 - - [02/Oct/2016:14:46:03 +0300] "GET /harry-potter-book-in-epub HTTP/1.0" 404 16 "-" "Mozilla/5.0 (compatible; MJ12bot/v1.4.5; http://www.majestic12.co.uk/bot.php?+)"
207.46.13.44 - - [02/Oct/2016:14:46:07 +0300] "GET /?zaidimas=832 HTTP/1.1" 200 69 "-" "Mozilla/5.0 (compatible; bingbot/2.0; +http://www.bing.com/bingbot.htm)"
69.30.234.2 - - [02/Oct/2016:14:46:07 +0300] "GET /health-republic-insurance-ny-reviews HTTP/1.0" 404 16 "-" "Mozilla/5.0 (compatible; MJ12bot/v1.4.5; http://www.majestic12.co.uk/bot.php?+)"
69.30.234.2 - - [02/Oct/2016:14:46:11 +0300] "GET /user-models-in-dialog-systems-pdf HTTP/1.0" 404 16 "-" "Mozilla/5.0 (compatible; MJ12bot/v1.4.5; http://www.majestic12.co.uk/bot.php?+)"
69.30.234.2 - - [02/Oct/2016:14:46:14 +0300] "GET /usmle-step-1-books HTTP/1.0" 404 16 "-" "Mozilla/5.0 (compatible; MJ12bot/v1.4.5; http://www.majestic12.co.uk/bot.php?+)"
69.30.234.2 - - [02/Oct/2016:14:46:19 +0300] "GET /vcp-510-pdf-download HTTP/1.0" 404 16 "-" "Mozilla/5.0 (compatible; MJ12bot/v1.4.5; http://www.majestic12.co.uk/bot.php?+)"
69.30.234.2 - - [02/Oct/2016:14:46:23 +0300] "GET /visual-basicnet-black-book-by-steve-holzner HTTP/1.0" 404 16 "-" "Mozilla/5.0 (compatible; MJ12bot/v1.4.5; http://www.majestic12.co.uk/bot.php?+)"
69.30.234.2 - - [02/Oct/2016:14:46:27 +0300] "GET /vlsi-book-kang-download HTTP/1.0" 404 16 "-" "Mozilla/5.0 (compatible; MJ12bot/v1.4.5; http://www.majestic12.co.uk/bot.php?+)"
69.30.234.2 - - [02/Oct/2016:14:46:31 +0300] "GET /vw-passat-owners-handbook-download HTTP/1.0" 404 16 "-" "Mozilla/5.0 (compatible; MJ12bot/v1.4.5; http://www.majestic12.co.uk/bot.php?+)"
69.30.234.2 - - [02/Oct/2016:14:46:37 +0300] "GET /water-for-elephants-book-review-new-york-times HTTP/1.0" 404 16 "-" "Mozilla/5.0 (compatible; MJ12bot/v1.4.5; http://www.majestic12.co.uk/bot.php?+)"
66.249.79.79 - - [02/Oct/2016:14:50:07 +0300] "GET /signup HTTP/1.1" 404 47 "-" "Mozilla/5.0 (compatible; Googlebot/2.1; +http://www.google.com/bot.html)"
66.249.79.90 - - [02/Oct/2016:14:50:08 +0300] "GET /videos/category/faktas HTTP/1.1" 404 47 "-" "Mozilla/5.0 (compatible; Googlebot/2.1; +http://www.google.com/bot.html)"
66.249.79.90 - - [02/Oct/2016:14:55:07 +0300] "GET /videos/category/cia-ir-dabar-reportazai HTTP/1.1" 404 47 "-" "Mozilla/5.0 (compatible; Googlebot/2.1; +http://www.google.com/bot.html)"
164.132.201.51 - - [02/Oct/2016:14:58:25 +0300] "PROPFIND /webdav/ HTTP/1.1" 404 27 "-" "WEBDAV Client"
66.249.79.90 - - [02/Oct/2016:15:00:18 +0300] "GET /video/54 HTTP/1.1" 404 47 "-" "Mozilla/5.0 (compatible; Googlebot/2.1; +http://www.google.com/bot.html)"
66.249.79.90 - - [02/Oct/2016:15:00:18 +0300] "GET /page/apie_mus HTTP/1.1" 404 47 "-" "Mozilla/5.0 (compatible; Googlebot/2.1; +http://www.google.com/bot.html)"
167.114.103.142 - - [02/Oct/2016:15:01:23 +0300] "PROPFIND /webdav/ HTTP/1.1" 404 27 "-" "WEBDAV Client"
40.77.167.33 - - [02/Oct/2016:15:02:16 +0300] "GET /post-4.html HTTP/1.1" 404 47 "-" "Mozilla/5.0 (compatible; bingbot/2.0; +http://www.bing.com/bingbot.htm)"
66.249.79.90 - - [02/Oct/2016:15:05:27 +0300] "GET /videos/category/pypliukas HTTP/1.1" 404 47 "-" "Mozilla/5.0 (compatible; Googlebot/2.1; +http://www.google.com/bot.html)"
69.63.188.100 - - [02/Oct/2016:15:15:51 +0300] "GET /naujas.gif HTTP/1.1" 404 47 "-" "facebookexternalhit/1.1 (+http://www.facebook.com/externalhit_uatext.php)"
78.63.111.21 - - [02/Oct/2016:15:15:52 +0300] "GET /naujas.gif HTTP/1.1" 404 47 "http://m.facebook.com/" "Mozilla/5.0 (Linux; Android 5.0.1; GT-I9515 Build/LRX22C; wv) AppleWebKit/537.36 (KHTML, like Gecko) Version/4.0 Chrome/45.0.2454.95 Mobile Safari/537.36 [FB_IAB/FB4A;FBAV/94.0.0.17.68;]"
66.249.79.86 - - [02/Oct/2016:15:25:23 +0300] "GET /robots.txt HTTP/1.1" 404 47 "-" "Mozilla/5.0 (compatible; Googlebot/2.1; +http://www.google.com/bot.html)"
66.249.79.79 - - [02/Oct/2016:15:25:25 +0300] "GET /8te6r3smb6iq0wi/ost-ranveer-dan-ishani-yg-nyani-perempuan.php HTTP/1.1" 404 47 "-" "Mozilla/5.0 (compatible; Googlebot/2.1; +http://www.google.com/bot.html)"
212.129.54.164 - - [02/Oct/2016:15:37:49 +0300] "PROPFIND /webdav/ HTTP/1.1" 404 27 "-" "WEBDAV Client"
164.132.201.51 - - [02/Oct/2016:15:42:39 +0300] "PROPFIND /webdav/ HTTP/1.1" 404 27 "-" "WEBDAV Client"
207.46.13.44 - - [02/Oct/2016:15:56:12 +0300] "GET /03oivulrtryege0/na-na-krdi-v-margi-s.php HTTP/1.1" 404 47 "-" "Mozilla/5.0 (compatible; bingbot/2.0; +http://www.bing.com/bingbot.htm)"
192.99.144.140 - - [02/Oct/2016:16:18:15 +0300] "PROPFIND /webdav/ HTTP/1.1" 404 27 "-" "WEBDAV Client"
66.249.79.79 - - [02/Oct/2016:16:25:13 +0300] "GET / HTTP/1.1" 200 69 "-" "Mozilla/5.0 (Linux; Android 6.0.1; Nexus 5X Build/MMB29P) AppleWebKit/537.36 (KHTML, like Gecko) Chrome/41.0.2272.96 Mobile Safari/537.36 (compatible; Googlebot/2.1; +http://www.google.com/bot.html)"
37.115.185.215 - - [02/Oct/2016:17:20:03 +0300] "GET /index.php HTTP/1.0" 404 16 "https://files.viralinthebox.com/index.php" "Mozilla/5.0 (Windows NT 10.0; WOW64; rv:43.0) Gecko/20100101 Firefox/43.0"
93.158.152.83 - - [02/Oct/2016:17:21:07 +0300] "GET /robots.txt HTTP/1.1" 404 27 "-" "Mozilla/5.0 (compatible; YandexBot/3.0; +http://yandex.com/bots)"
93.158.152.83 - - [02/Oct/2016:17:21:11 +0300] "GET /the-hours-audio-book HTTP/1.1" 404 47 "-" "Mozilla/5.0 (compatible; YandexBot/3.0; +http://yandex.com/bots)"
66.249.79.86 - - [02/Oct/2016:17:22:18 +0300] "GET /robots.txt HTTP/1.1" 404 47 "-" "Mozilla/5.0 (compatible; Googlebot/2.1; +http://www.google.com/bot.html)"
167.114.103.142 - - [02/Oct/2016:17:26:17 +0300] "PROPFIND /webdav/ HTTP/1.1" 404 27 "-" "WEBDAV Client"
46.4.120.3 - - [02/Oct/2016:17:38:31 +0300] "GET /robots.txt HTTP/1.0" 404 16 "-" "Mozilla/5.0 (compatible; MJ12bot/v1.4.5; http://www.majestic12.co.uk/bot.php?+)"
46.4.120.3 - - [02/Oct/2016:17:38:33 +0300] "GET /robots.txt HTTP/1.0" 404 16 "-" "Mozilla/5.0 (compatible; MJ12bot/v1.4.5; http://www.majestic12.co.uk/bot.php?+)"
46.4.120.3 - - [02/Oct/2016:17:38:34 +0300] "GET /videos/category/%C5%BEalias-skonis HTTP/1.0" 404 16 "-" "Mozilla/5.0 (compatible; MJ12bot/v1.4.5; http://www.majestic12.co.uk/bot.php?+)"
180.76.15.34 - - [02/Oct/2016:18:05:51 +0300] "GET /robots.txt HTTP/1.1" 404 27 "-" "Mozilla/5.0 (Windows NT 5.1; rv:6.0.2) Gecko/20100101 Firefox/6.0.2"
180.76.15.7 - - [02/Oct/2016:18:05:51 +0300] "GET /robots.txt HTTP/1.1" 404 27 "-" "Mozilla/5.0 (Windows NT 5.1; rv:6.0.2) Gecko/20100101 Firefox/6.0.2"
207.46.13.44 - - [02/Oct/2016:18:32:36 +0300] "GET /dpcjk2syz0db354/tum-ho-tho-lagtha-ringtone-downlord-20.php HTTP/1.1" 404 47 "-" "Mozilla/5.0 (compatible; bingbot/2.0; +http://www.bing.com/bingbot.htm)"
192.187.104.235 - - [02/Oct/2016:18:48:36 +0300] "GET /robots.txt HTTP/1.0" 404 16 "-" "Mozilla/5.0 (compatible; MJ12bot/v1.4.5; http://www.majestic12.co.uk/bot.php?+)"
192.187.104.235 - - [02/Oct/2016:18:48:40 +0300] "GET /robots.txt HTTP/1.0" 404 16 "-" "Mozilla/5.0 (compatible; MJ12bot/v1.4.5; http://www.majestic12.co.uk/bot.php?+)"
192.187.104.235 - - [02/Oct/2016:18:48:42 +0300] "GET /index.php?route=product/product&manufacturer_id=8&product_id=36&page=2 HTTP/1.0" 404 16 "-" "Mozilla/5.0 (compatible; MJ12bot/v1.4.5; http://www.majestic12.co.uk/bot.php?+)"
192.187.104.235 - - [02/Oct/2016:18:48:45 +0300] "GET /index.php?route=product/product&manufacturer_id=8&product_id=42&page=2 HTTP/1.0" 404 16 "-" "Mozilla/5.0 (compatible; MJ12bot/v1.4.5; http://www.majestic12.co.uk/bot.php?+)"
192.187.104.235 - - [02/Oct/2016:18:48:50 +0300] "GET /index.php?route=product/product&manufacturer_id=8&product_id=45&page=2 HTTP/1.0" 404 16 "-" "Mozilla/5.0 (compatible; MJ12bot/v1.4.5; http://www.majestic12.co.uk/bot.php?+)"
192.187.104.235 - - [02/Oct/2016:18:48:54 +0300] "GET /index.php?route=product/product&path=18&product_id=35 HTTP/1.0" 404 16 "-" "Mozilla/5.0 (compatible; MJ12bot/v1.4.5; http://www.majestic12.co.uk/bot.php?+)"
167.114.103.142 - - [02/Oct/2016:18:49:20 +0300] "PROPFIND /webdav/ HTTP/1.1" 404 27 "-" "WEBDAV Client"
192.99.144.140 - - [02/Oct/2016:18:55:20 +0300] "PROPFIND /webdav/ HTTP/1.1" 404 27 "-" "WEBDAV Client"
91.209.51.22 - - [02/Oct/2016:19:09:34 +0300] "GET /robots.txt HTTP/1.0" 404 16 "-" "Mozilla/5.0 (compatible; MJ12bot/v1.4.5; http://www.majestic12.co.uk/bot.php?+)"
91.209.51.22 - - [02/Oct/2016:19:09:38 +0300] "GET /robots.txt HTTP/1.0" 404 16 "-" "Mozilla/5.0 (compatible; MJ12bot/v1.4.5; http://www.majestic12.co.uk/bot.php?+)"
91.209.51.22 - - [02/Oct/2016:19:09:40 +0300] "GET /?C=N;O=A HTTP/1.1" 200 69 "-" "Mozilla/5.0 (compatible; MJ12bot/v1.4.5; http://www.majestic12.co.uk/bot.php?+)"
91.209.51.22 - - [02/Oct/2016:19:09:47 +0300] "GET /?feed=comments-rss2 HTTP/1.1" 200 69 "-" "Mozilla/5.0 (compatible; MJ12bot/v1.4.5; http://www.majestic12.co.uk/bot.php?+)"
91.209.51.22 - - [02/Oct/2016:19:09:51 +0300] "GET /?feed=rss2&p=1 HTTP/1.1" 200 69 "-" "Mozilla/5.0 (compatible; MJ12bot/v1.4.5; http://www.majestic12.co.uk/bot.php?+)"
173.252.88.91 - - [02/Oct/2016:19:13:36 +0300] "GET /naujas.gif HTTP/1.1" 404 47 "-" "facebookexternalhit/1.1 (+http://www.facebook.com/externalhit_uatext.php)"
157.55.39.122 - - [02/Oct/2016:19:49:06 +0300] "GET /dpcjk2syz0db354/download-lagu-semprul-gamma-1.php HTTP/1.1" 404 47 "-" "Mozilla/5.0 (compatible; bingbot/2.0; +http://www.bing.com/bingbot.htm)"
192.99.144.140 - - [02/Oct/2016:19:50:16 +0300] "PROPFIND /webdav/ HTTP/1.1" 404 27 "-" "WEBDAV Client"
144.76.29.162 - - [02/Oct/2016:19:58:32 +0300] "GET /robots.txt HTTP/1.0" 404 16 "-" "Mozilla/5.0 (compatible; MJ12bot/v1.4.5; http://www.majestic12.co.uk/bot.php?+)"
144.76.29.162 - - [02/Oct/2016:19:58:35 +0300] "GET /robots.txt HTTP/1.0" 404 16 "-" "Mozilla/5.0 (compatible; MJ12bot/v1.4.5; http://www.majestic12.co.uk/bot.php?+)"
144.76.29.162 - - [02/Oct/2016:19:58:36 +0300] "GET /gntv-server.tk/public_html/videos/category/%C5%BEalias-skonis HTTP/1.0" 404 16 "-" "Mozilla/5.0 (compatible; MJ12bot/v1.4.5; http://www.majestic12.co.uk/bot.php?+)"
212.129.54.164 - - [02/Oct/2016:20:23:51 +0300] "PROPFIND /webdav/ HTTP/1.1" 404 27 "-" "WEBDAV Client"
66.249.79.79 - - [02/Oct/2016:20:26:50 +0300] "GET /videos/category/jaunimo-palepe HTTP/1.1" 404 47 "-" "Mozilla/5.0 (Linux; Android 6.0.1; Nexus 5X Build/MMB29P) AppleWebKit/537.36 (KHTML, like Gecko) Chrome/41.0.2272.96 Mobile Safari/537.36 (compatible; Googlebot/2.1; +http://www.google.com/bot.html)"
192.34.60.103 - - [02/Oct/2016:20:30:15 +0300] "GET / HTTP/1.0" 200 69 "91.211.244.127" "Mozilla/5.0 (Windows NT 6.1; WOW64; rv:33.0) Gecko/20100101 Firefox/33.0"
66.249.79.86 - - [02/Oct/2016:20:40:30 +0300] "GET /robots.txt HTTP/1.1" 404 47 "-" "Mozilla/5.0 (compatible; Googlebot/2.1; +http://www.google.com/bot.html)"
66.249.79.79 - - [02/Oct/2016:20:40:31 +0300] "GET /videos HTTP/1.1" 404 47 "-" "Mozilla/5.0 (Linux; Android 6.0.1; Nexus 5X Build/MMB29P) AppleWebKit/537.36 (KHTML, like Gecko) Chrome/41.0.2272.96 Mobile Safari/537.36 (compatible; Googlebot/2.1; +http://www.google.com/bot.html)"
84.200.7.193 - - [02/Oct/2016:20:41:39 +0300] "PROPFIND /webdav/ HTTP/1.1" 404 27 "-" "WEBDAV Client"
207.46.13.44 - - [02/Oct/2016:20:46:01 +0300] "GET /go-math-5th-grade-workbook-chapter-7 HTTP/1.1" 404 47 "-" "Mozilla/5.0 (compatible; bingbot/2.0; +http://www.bing.com/bingbot.htm)"
157.55.39.42 - - [02/Oct/2016:20:59:23 +0300] "GET /robots.txt HTTP/1.1" 404 27 "-" "Mozilla/5.0 (compatible; bingbot/2.0; +http://www.bing.com/bingbot.htm)"
164.132.201.51 - - [02/Oct/2016:21:00:36 +0300] "PROPFIND /webdav/ HTTP/1.1" 404 27 "-" "WEBDAV Client"
157.55.39.42 - - [02/Oct/2016:21:00:58 +0300] "GET /image/cache/catalog/product-55-220x200.png HTTP/1.1" 404 47 "-" "Mozilla/5.0 (compatible; bingbot/2.0; +http://www.bing.com/bingbot.htm)"
69.30.213.82 - - [02/Oct/2016:21:12:08 +0300] "GET /robots.txt HTTP/1.0" 404 16 "-" "Mozilla/5.0 (compatible; MJ12bot/v1.4.5; http://www.majestic12.co.uk/bot.php?+)"
69.30.213.82 - - [02/Oct/2016:21:12:15 +0300] "GET /robots.txt HTTP/1.0" 404 16 "-" "Mozilla/5.0 (compatible; MJ12bot/v1.4.5; http://www.majestic12.co.uk/bot.php?+)"
69.30.213.82 - - [02/Oct/2016:21:12:18 +0300] "GET /sibat.php HTTP/1.0" 404 16 "-" "Mozilla/5.0 (compatible; MJ12bot/v1.4.5; http://www.majestic12.co.uk/bot.php?+)"
69.30.213.82 - - [02/Oct/2016:21:12:20 +0300] "GET /robots.txt HTTP/1.0" 404 16 "-" "Mozilla/5.0 (compatible; MJ12bot/v1.4.5; http://www.majestic12.co.uk/bot.php?+)"
69.30.213.82 - - [02/Oct/2016:21:12:28 +0300] "GET /sibat.tk/?C=D;O=A HTTP/1.0" 404 16 "-" "Mozilla/5.0 (compatible; MJ12bot/v1.4.5; http://www.majestic12.co.uk/bot.php?+)"
69.30.213.82 - - [02/Oct/2016:21:12:32 +0300] "GET /robots.txt HTTP/1.0" 404 16 "-" "Mozilla/5.0 (compatible; MJ12bot/v1.4.5; http://www.majestic12.co.uk/bot.php?+)"
69.30.213.82 - - [02/Oct/2016:21:12:35 +0300] "GET /robots.txt HTTP/1.0" 404 16 "-" "Mozilla/5.0 (compatible; MJ12bot/v1.4.5; http://www.majestic12.co.uk/bot.php?+)"
69.30.213.82 - - [02/Oct/2016:21:12:37 +0300] "GET /sibat.tk/?C=M;O=A HTTP/1.0" 404 16 "-" "Mozilla/5.0 (compatible; MJ12bot/v1.4.5; http://www.majestic12.co.uk/bot.php?+)"
69.30.213.82 - - [02/Oct/2016:21:12:41 +0300] "GET /robots.txt HTTP/1.0" 404 16 "-" "Mozilla/5.0 (compatible; MJ12bot/v1.4.5; http://www.majestic12.co.uk/bot.php?+)"
69.30.213.82 - - [02/Oct/2016:21:12:46 +0300] "GET /robots.txt HTTP/1.0" 404 16 "-" "Mozilla/5.0 (compatible; MJ12bot/v1.4.5; http://www.majestic12.co.uk/bot.php?+)"
69.30.213.82 - - [02/Oct/2016:21:12:48 +0300] "GET /sibat.tk/?C=N;O=D HTTP/1.0" 404 16 "-" "Mozilla/5.0 (compatible; MJ12bot/v1.4.5; http://www.majestic12.co.uk/bot.php?+)"
66.249.79.79 - - [02/Oct/2016:21:13:28 +0300] "GET /index.php?route=product/manufacturer/info&manufacturer_id=6&sort=p.model&order=DESC HTTP/1.1" 404 47 "-" "Mozilla/5.0 (compatible; Googlebot/2.1; +http://www.google.com/bot.html)"
40.77.167.33 - - [02/Oct/2016:21:26:20 +0300] "GET /download-de-gibis-em-pdf HTTP/1.1" 404 47 "-" "Mozilla/5.0 (compatible; bingbot/2.0; +http://www.bing.com/bingbot.htm)"
220.181.108.104 - - [02/Oct/2016:21:30:27 +0300] "GET /robots.txt HTTP/1.1" 404 27 "-" "Mozilla/5.0 (compatible; Baiduspider/2.0; +http://www.baidu.com/search/spider.html)"
157.55.39.163 - - [02/Oct/2016:21:37:20 +0300] "GET /dpcjk2syz0db354/prediksi-shio-sgp-minggu-17-juli-2016.php HTTP/1.1" 404 47 "-" "Mozilla/5.0 (compatible; bingbot/2.0; +http://www.bing.com/bingbot.htm)"
212.129.54.164 - - [02/Oct/2016:21:45:16 +0300] "PROPFIND /webdav/ HTTP/1.1" 404 27 "-" "WEBDAV Client"
192.99.144.140 - - [02/Oct/2016:21:46:43 +0300] "PROPFIND /webdav/ HTTP/1.1" 404 27 "-" "WEBDAV Client"
66.249.79.90 - - [02/Oct/2016:21:47:41 +0300] "GET /?cat=1 HTTP/1.1" 200 69 "-" "Mozilla/5.0 (compatible; Googlebot/2.1; +http://www.google.com/bot.html)"
144.76.8.132 - - [02/Oct/2016:21:51:44 +0300] "GET /robots.txt HTTP/1.0" 404 16 "-" "Mozilla/5.0 (compatible; MJ12bot/v1.4.5; http://www.majestic12.co.uk/bot.php?+)"
144.76.8.132 - - [02/Oct/2016:21:51:47 +0300] "GET /robots.txt HTTP/1.0" 404 16 "-" "Mozilla/5.0 (compatible; MJ12bot/v1.4.5; http://www.majestic12.co.uk/bot.php?+)"
144.76.8.132 - - [02/Oct/2016:21:51:48 +0300] "GET /videos/category/%C5%BEalias-skonis HTTP/1.0" 404 16 "-" "Mozilla/5.0 (compatible; MJ12bot/v1.4.5; http://www.majestic12.co.uk/bot.php?+)"
66.249.79.86 - - [02/Oct/2016:21:52:41 +0300] "GET /index.php?route=product/manufacturer/info&manufacturer_id=10&limit=50 HTTP/1.1" 404 47 "-" "Mozilla/5.0 (compatible; Googlebot/2.1; +http://www.google.com/bot.html)"
66.249.79.86 - - [02/Oct/2016:21:55:19 +0300] "GET /03oivulrtryege0/atasi-lag-instal-app-apk-di-blackberry-z10.php HTTP/1.1" 404 47 "-" "Mozilla/5.0 (compatible; Googlebot/2.1; +http://www.google.com/bot.html)"
66.249.79.90 - - [02/Oct/2016:21:57:41 +0300] "GET /?m=201605 HTTP/1.1" 200 69 "-" "Mozilla/5.0 (compatible; Googlebot/2.1; +http://www.google.com/bot.html)"
66.249.79.90 - - [02/Oct/2016:21:57:41 +0300] "GET /video/58 HTTP/1.1" 404 47 "-" "Mozilla/5.0 (compatible; Googlebot/2.1; +http://www.google.com/bot.html)"
164.132.201.51 - - [02/Oct/2016:22:00:18 +0300] "PROPFIND /webdav/ HTTP/1.1" 404 27 "-" "WEBDAV Client"
207.46.13.44 - - [02/Oct/2016:22:32:19 +0300] "GET /robots.txt HTTP/1.1" 404 27 "-" "Mozilla/5.0 (compatible; bingbot/2.0; +http://www.bing.com/bingbot.htm)"
207.46.13.44 - - [02/Oct/2016:22:32:25 +0300] "GET /8te6r3smb6iq0wi/krishi-full-story-on-zee-world-tv.php HTTP/1.1" 404 47 "-" "Mozilla/5.0 (compatible; bingbot/2.0; +http://www.bing.com/bingbot.htm)"
212.129.54.164 - - [02/Oct/2016:22:41:13 +0300] "PROPFIND /webdav/ HTTP/1.1" 404 27 "-" "WEBDAV Client"
180.76.15.31 - - [02/Oct/2016:22:43:04 +0300] "GET /generation-kill-mobi HTTP/1.1" 404 27 "-" "Mozilla/5.0 (compatible; Baiduspider/2.0; +http://www.baidu.com/search/spider.html)"
167.114.103.142 - - [02/Oct/2016:22:52:58 +0300] "PROPFIND /webdav/ HTTP/1.1" 404 27 "-" "WEBDAV Client"
164.132.201.51 - - [02/Oct/2016:22:54:55 +0300] "PROPFIND /webdav/ HTTP/1.1" 404 27 "-" "WEBDAV Client"
192.99.144.140 - - [02/Oct/2016:23:00:05 +0300] "PROPFIND /webdav/ HTTP/1.1" 404 27 "-" "WEBDAV Client"
212.129.54.164 - - [02/Oct/2016:23:08:38 +0300] "PROPFIND /webdav/ HTTP/1.1" 404 27 "-" "WEBDAV Client"
157.55.39.73 - - [02/Oct/2016:23:13:35 +0300] "GET /robots.txt HTTP/1.1" 404 27 "-" "Mozilla/5.0 (compatible; bingbot/2.0; +http://www.bing.com/bingbot.htm)"
52.78.170.138 - - [02/Oct/2016:23:26:39 +0300] "HEAD /web-console/ServerInfo.jsp HTTP/1.1" 404 0 "-" "Mozilla/5.0 (Windows NT 5.1; rv:40.0) Gecko/20100101 Firefox/40.0"
52.78.170.138 - - [02/Oct/2016:23:26:41 +0300] "HEAD /jmx-console/HtmlAdaptor?action=inspectMBean&name=jboss.system:type=ServerInfo HTTP/1.1" 404 0 "-" "Mozilla/5.0 (Windows NT 5.1; rv:40.0) Gecko/20100101 Firefox/40.0"
52.78.170.138 - - [02/Oct/2016:23:26:42 +0300] "GET /if%20youve%20had%20a%20dose%20of%20a%20freaky%20ghost HTTP/1.1" 404 47 "-" "Mozilla/5.0 (Windows NT 5.1; rv:40.0) Gecko/20100101 Firefox/40.0"
52.78.170.138 - - [02/Oct/2016:23:26:43 +0300] "HEAD /invoker/JMXInvokerServlet HTTP/1.1" 404 0 "-" "Mozilla/5.0 (Windows NT 5.1; rv:40.0) Gecko/20100101 Firefox/40.0"
52.78.170.138 - - [02/Oct/2016:23:26:44 +0300] "GET /status?full=true HTTP/1.1" 404 47 "-" "Mozilla/5.0 (Windows NT 5.1; rv:40.0) Gecko/20100101 Firefox/40.0"
180.76.15.15 - - [02/Oct/2016:23:30:06 +0300] "GET /?rest_route=/ HTTP/1.1" 200 69 "-" "Mozilla/5.0 (compatible; Baiduspider/2.0; +http://www.baidu.com/search/spider.html)"
149.202.54.50 - - [02/Oct/2016:23:34:21 +0300] "GET /robots.txt HTTP/1.0" 404 16 "-" "Mozilla/5.0 (compatible; MJ12bot/v1.4.5; http://www.majestic12.co.uk/bot.php?+)"
149.202.54.50 - - [02/Oct/2016:23:34:25 +0300] "GET /robots.txt HTTP/1.0" 404 16 "-" "Mozilla/5.0 (compatible; MJ12bot/v1.4.5; http://www.majestic12.co.uk/bot.php?+)"
149.202.54.50 - - [02/Oct/2016:23:34:27 +0300] "GET /videos/category/%C5%BEalias-skonis HTTP/1.0" 404 16 "-" "Mozilla/5.0 (compatible; MJ12bot/v1.4.5; http://www.majestic12.co.uk/bot.php?+)"
180.76.15.25 - - [02/Oct/2016:23:37:46 +0300] "GET /robots.txt HTTP/1.1" 404 27 "-" "Mozilla/5.0 (Windows NT 5.1; rv:6.0.2) Gecko/20100101 Firefox/6.0.2"
180.76.15.27 - - [02/Oct/2016:23:37:47 +0300] "GET /robots.txt HTTP/1.1" 404 27 "-" "Mozilla/5.0 (Windows NT 5.1; rv:6.0.2) Gecko/20100101 Firefox/6.0.2"
66.249.79.86 - - [02/Oct/2016:23:40:00 +0300] "GET /robots.txt HTTP/1.1" 404 47 "-" "Mozilla/5.0 (compatible; Googlebot/2.1; +http://www.google.com/bot.html)"
202.46.57.120 - - [02/Oct/2016:23:41:01 +0300] "GET /x-wing-mercy-kill-epub-download HTTP/1.1" 404 27 "-" "Mozilla/5.0 (Windows NT 10.0; WOW64) AppleWebKit/537.36 (KHTML, like Gecko) Chrome/45.0.2454.93 Safari/537.36"
66.249.79.86 - - [02/Oct/2016:23:43:40 +0300] "GET /qfapocxunsj.html HTTP/1.1" 404 47 "-" "Mozilla/5.0 (compatible; Googlebot/2.1; +http://www.google.com/bot.html)"
66.249.79.86 - - [02/Oct/2016:23:45:00 +0300] "GET /videos/category/%C5%BEalias-skonis HTTP/1.1" 404 47 "-" "Mozilla/5.0 (compatible; Googlebot/2.1; +http://www.google.com/bot.html)"
69.30.213.82 - - [02/Oct/2016:23:46:02 +0300] "GET /robots.txt HTTP/1.0" 404 16 "-" "Mozilla/5.0 (compatible; MJ12bot/v1.4.5; http://www.majestic12.co.uk/bot.php?+)"
69.30.213.82 - - [02/Oct/2016:23:46:07 +0300] "GET /robots.txt HTTP/1.0" 404 16 "-" "Mozilla/5.0 (compatible; MJ12bot/v1.4.5; http://www.majestic12.co.uk/bot.php?+)"
69.30.213.82 - - [02/Oct/2016:23:46:11 +0300] "GET /one-grave-at-a-time-audiobook HTTP/1.0" 404 16 "-" "Mozilla/5.0 (compatible; MJ12bot/v1.4.5; http://www.majestic12.co.uk/bot.php?+)"
69.30.213.82 - - [02/Oct/2016:23:46:14 +0300] "GET /robots.txt HTTP/1.0" 404 16 "-" "Mozilla/5.0 (compatible; MJ12bot/v1.4.5; http://www.majestic12.co.uk/bot.php?+)"
69.30.213.82 - - [02/Oct/2016:23:46:18 +0300] "GET /robots.txt HTTP/1.0" 404 16 "-" "Mozilla/5.0 (compatible; MJ12bot/v1.4.5; http://www.majestic12.co.uk/bot.php?+)"
