46.165.197.141 - - [28/Sep/2016:13:45:52 +0300] "GET /index.php?route=product/product&manufacturer_id=8&page=2&product_id=45 HTTP/1.0" 404 16 "-" "Mozilla/5.0 (compatible; MJ12bot/v1.4.5; http://www.majestic12.co.uk/bot.php?+)"
46.165.197.141 - - [28/Sep/2016:13:45:56 +0300] "GET /index.php?route=product/product&manufacturer_id=8&product_id=34&page=1 HTTP/1.0" 404 16 "-" "Mozilla/5.0 (compatible; MJ12bot/v1.4.5; http://www.majestic12.co.uk/bot.php?+)"
46.165.197.141 - - [28/Sep/2016:13:46:01 +0300] "GET /index.php?route=product/product&manufacturer_id=8&product_id=40&page=1 HTTP/1.0" 404 16 "-" "Mozilla/5.0 (compatible; MJ12bot/v1.4.5; http://www.majestic12.co.uk/bot.php?+)"
46.165.197.141 - - [28/Sep/2016:13:46:04 +0300] "GET /index.php?route=product/product&manufacturer_id=8&product_id=41&page=1 HTTP/1.0" 404 16 "-" "Mozilla/5.0 (compatible; MJ12bot/v1.4.5; http://www.majestic12.co.uk/bot.php?+)"
46.165.197.141 - - [28/Sep/2016:13:46:07 +0300] "GET /index.php?route=product/product&manufacturer_id=8&product_id=43&page=1 HTTP/1.0" 404 16 "-" "Mozilla/5.0 (compatible; MJ12bot/v1.4.5; http://www.majestic12.co.uk/bot.php?+)"
46.165.197.141 - - [28/Sep/2016:13:46:11 +0300] "GET /index.php?route=product/product&manufacturer_id=8&product_id=44&page=1 HTTP/1.0" 404 16 "-" "Mozilla/5.0 (compatible; MJ12bot/v1.4.5; http://www.majestic12.co.uk/bot.php?+)"
46.165.197.141 - - [28/Sep/2016:13:46:13 +0300] "GET /index.php?route=product/product&manufacturer_id=8&product_id=48&page=1 HTTP/1.0" 404 16 "-" "Mozilla/5.0 (compatible; MJ12bot/v1.4.5; http://www.majestic12.co.uk/bot.php?+)"
46.165.197.141 - - [28/Sep/2016:13:46:17 +0300] "GET /index.php?route=product/product&page=2&product_id=29 HTTP/1.0" 404 16 "-" "Mozilla/5.0 (compatible; MJ12bot/v1.4.5; http://www.majestic12.co.uk/bot.php?+)"
46.165.197.141 - - [28/Sep/2016:13:46:20 +0300] "GET /index.php?route=product/product&page=2&product_id=32 HTTP/1.0" 404 16 "-" "Mozilla/5.0 (compatible; MJ12bot/v1.4.5; http://www.majestic12.co.uk/bot.php?+)"
46.165.197.141 - - [28/Sep/2016:13:46:23 +0300] "GET /index.php?route=product/product&page=2&product_id=33 HTTP/1.0" 404 16 "-" "Mozilla/5.0 (compatible; MJ12bot/v1.4.5; http://www.majestic12.co.uk/bot.php?+)"
46.165.197.141 - - [28/Sep/2016:13:46:26 +0300] "GET /index.php?route=product/product&page=2&product_id=42 HTTP/1.0" 404 16 "-" "Mozilla/5.0 (compatible; MJ12bot/v1.4.5; http://www.majestic12.co.uk/bot.php?+)"
46.165.197.141 - - [28/Sep/2016:13:46:30 +0300] "GET /index.php?route=product/product&page=2&product_id=45 HTTP/1.0" 404 16 "-" "Mozilla/5.0 (compatible; MJ12bot/v1.4.5; http://www.majestic12.co.uk/bot.php?+)"
46.165.197.141 - - [28/Sep/2016:13:46:33 +0300] "GET /index.php?route=product/product&page=2&product_id=49 HTTP/1.0" 404 16 "-" "Mozilla/5.0 (compatible; MJ12bot/v1.4.5; http://www.majestic12.co.uk/bot.php?+)"
46.165.197.141 - - [28/Sep/2016:13:46:36 +0300] "GET /index.php?route=product/product&path=18&product_id=33 HTTP/1.0" 404 16 "-" "Mozilla/5.0 (compatible; MJ12bot/v1.4.5; http://www.majestic12.co.uk/bot.php?+)"
46.165.197.141 - - [28/Sep/2016:13:46:39 +0300] "GET /index.php?route=product/product&path=40&product_id=30 HTTP/1.0" 404 16 "-" "Mozilla/5.0 (compatible; MJ12bot/v1.4.5; http://www.majestic12.co.uk/bot.php?+)"
46.165.197.141 - - [28/Sep/2016:13:46:42 +0300] "GET /index.php?route=product/product&path=40&product_id=33 HTTP/1.0" 404 16 "-" "Mozilla/5.0 (compatible; MJ12bot/v1.4.5; http://www.majestic12.co.uk/bot.php?+)"
46.165.197.141 - - [28/Sep/2016:13:46:45 +0300] "GET /index.php?route=product/product&path=40&product_id=41 HTTP/1.0" 404 16 "-" "Mozilla/5.0 (compatible; MJ12bot/v1.4.5; http://www.majestic12.co.uk/bot.php?+)"
46.165.197.141 - - [28/Sep/2016:13:46:48 +0300] "GET /index.php?route=product/product&path=40&product_id=42 HTTP/1.0" 404 16 "-" "Mozilla/5.0 (compatible; MJ12bot/v1.4.5; http://www.majestic12.co.uk/bot.php?+)"
46.165.197.141 - - [28/Sep/2016:13:46:51 +0300] "GET /index.php?route=product/product&path=41&product_id=33 HTTP/1.0" 404 16 "-" "Mozilla/5.0 (compatible; MJ12bot/v1.4.5; http://www.majestic12.co.uk/bot.php?+)"
46.165.197.141 - - [28/Sep/2016:13:46:54 +0300] "GET /index.php?route=product/product&path=41&product_id=41 HTTP/1.0" 404 16 "-" "Mozilla/5.0 (compatible; MJ12bot/v1.4.5; http://www.majestic12.co.uk/bot.php?+)"
78.62.58.48 - - [28/Sep/2016:13:46:56 +0300] "GET /kaunieciams-nemokamos-ekskursijos-ir-galimybe-geriau-pazinti-savo-miesta/ HTTP/1.1" 404 47 "http://m.facebook.com/" "Mozilla/5.0 (Linux; Android 5.0.1; GT-I9505 Build/LRX22C; wv) AppleWebKit/537.36 (KHTML, like Gecko) Version/4.0 Chrome/53.0.2785.124 Mobile Safari/537.36 [FB_IAB/FB4A;FBAV/95.0.0.13.69;]"
46.165.197.141 - - [28/Sep/2016:13:46:57 +0300] "GET /index.php?route=product/product&path=41&product_id=44 HTTP/1.0" 404 16 "-" "Mozilla/5.0 (compatible; MJ12bot/v1.4.5; http://www.majestic12.co.uk/bot.php?+)"
46.165.197.141 - - [28/Sep/2016:13:47:00 +0300] "GET /index.php?route=product/product&path=42&product_id=30 HTTP/1.0" 404 16 "-" "Mozilla/5.0 (compatible; MJ12bot/v1.4.5; http://www.majestic12.co.uk/bot.php?+)"
46.165.197.141 - - [28/Sep/2016:13:47:03 +0300] "GET /index.php?route=product/product&path=42&product_id=35 HTTP/1.0" 404 16 "-" "Mozilla/5.0 (compatible; MJ12bot/v1.4.5; http://www.majestic12.co.uk/bot.php?+)"
46.165.197.141 - - [28/Sep/2016:13:47:07 +0300] "GET /index.php?route=product/product&path=42&product_id=41 HTTP/1.0" 404 16 "-" "Mozilla/5.0 (compatible; MJ12bot/v1.4.5; http://www.majestic12.co.uk/bot.php?+)"
46.165.197.141 - - [28/Sep/2016:13:47:10 +0300] "GET /index.php?route=product/product&product_id=28 HTTP/1.0" 404 16 "-" "Mozilla/5.0 (compatible; MJ12bot/v1.4.5; http://www.majestic12.co.uk/bot.php?+)"
46.165.197.141 - - [28/Sep/2016:13:47:13 +0300] "GET /index.php?route=product/product&product_id=28&page=1 HTTP/1.0" 404 16 "-" "Mozilla/5.0 (compatible; MJ12bot/v1.4.5; http://www.majestic12.co.uk/bot.php?+)"
46.165.197.141 - - [28/Sep/2016:13:47:16 +0300] "GET /index.php?route=product/product&product_id=29 HTTP/1.0" 404 16 "-" "Mozilla/5.0 (compatible; MJ12bot/v1.4.5; http://www.majestic12.co.uk/bot.php?+)"
46.165.197.141 - - [28/Sep/2016:13:47:19 +0300] "GET /index.php?route=product/product&product_id=30 HTTP/1.0" 404 16 "-" "Mozilla/5.0 (compatible; MJ12bot/v1.4.5; http://www.majestic12.co.uk/bot.php?+)"
46.165.197.141 - - [28/Sep/2016:13:47:23 +0300] "GET /index.php?route=product/product&product_id=30&page=1 HTTP/1.0" 404 16 "-" "Mozilla/5.0 (compatible; MJ12bot/v1.4.5; http://www.majestic12.co.uk/bot.php?+)"
46.165.197.141 - - [28/Sep/2016:13:47:38 +0300] "GET /index.php?route=product/product&product_id=31 HTTP/1.0" 404 16 "-" "Mozilla/5.0 (compatible; MJ12bot/v1.4.5; http://www.majestic12.co.uk/bot.php?+)"
46.165.197.141 - - [28/Sep/2016:13:47:41 +0300] "GET /index.php?route=product/product&product_id=32 HTTP/1.0" 404 16 "-" "Mozilla/5.0 (compatible; MJ12bot/v1.4.5; http://www.majestic12.co.uk/bot.php?+)"
46.165.197.141 - - [28/Sep/2016:13:47:44 +0300] "GET /index.php?route=product/product&product_id=33 HTTP/1.0" 404 16 "-" "Mozilla/5.0 (compatible; MJ12bot/v1.4.5; http://www.majestic12.co.uk/bot.php?+)"
46.165.197.141 - - [28/Sep/2016:13:47:47 +0300] "GET /index.php?route=product/product&product_id=34 HTTP/1.0" 404 16 "-" "Mozilla/5.0 (compatible; MJ12bot/v1.4.5; http://www.majestic12.co.uk/bot.php?+)"
46.165.197.141 - - [28/Sep/2016:13:47:49 +0300] "GET /index.php?route=product/product&product_id=35 HTTP/1.0" 404 16 "-" "Mozilla/5.0 (compatible; MJ12bot/v1.4.5; http://www.majestic12.co.uk/bot.php?+)"
46.165.197.141 - - [28/Sep/2016:13:47:52 +0300] "GET /index.php?route=product/product&product_id=36 HTTP/1.0" 404 16 "-" "Mozilla/5.0 (compatible; MJ12bot/v1.4.5; http://www.majestic12.co.uk/bot.php?+)"
46.165.197.141 - - [28/Sep/2016:13:47:55 +0300] "GET /index.php?route=product/product&product_id=40 HTTP/1.0" 404 16 "-" "Mozilla/5.0 (compatible; MJ12bot/v1.4.5; http://www.majestic12.co.uk/bot.php?+)"
46.165.197.141 - - [28/Sep/2016:13:47:58 +0300] "GET /index.php?route=product/product&product_id=41 HTTP/1.0" 404 16 "-" "Mozilla/5.0 (compatible; MJ12bot/v1.4.5; http://www.majestic12.co.uk/bot.php?+)"
46.165.197.141 - - [28/Sep/2016:13:48:00 +0300] "GET /index.php?route=product/product&product_id=41&page=1 HTTP/1.0" 404 16 "-" "Mozilla/5.0 (compatible; MJ12bot/v1.4.5; http://www.majestic12.co.uk/bot.php?+)"
46.165.197.141 - - [28/Sep/2016:13:48:03 +0300] "GET /index.php?route=product/product&product_id=42 HTTP/1.0" 404 16 "-" "Mozilla/5.0 (compatible; MJ12bot/v1.4.5; http://www.majestic12.co.uk/bot.php?+)"
46.165.197.141 - - [28/Sep/2016:13:48:06 +0300] "GET /index.php?route=product/product&product_id=43 HTTP/1.0" 404 16 "-" "Mozilla/5.0 (compatible; MJ12bot/v1.4.5; http://www.majestic12.co.uk/bot.php?+)"
46.165.197.141 - - [28/Sep/2016:13:48:09 +0300] "GET /index.php?route=product/product&product_id=43&page=1 HTTP/1.0" 404 16 "-" "Mozilla/5.0 (compatible; MJ12bot/v1.4.5; http://www.majestic12.co.uk/bot.php?+)"
46.165.197.141 - - [28/Sep/2016:13:48:12 +0300] "GET /index.php?route=product/product&product_id=44 HTTP/1.0" 404 16 "-" "Mozilla/5.0 (compatible; MJ12bot/v1.4.5; http://www.majestic12.co.uk/bot.php?+)"
46.165.197.141 - - [28/Sep/2016:13:48:14 +0300] "GET /index.php?route=product/product&product_id=44&page=1 HTTP/1.0" 404 16 "-" "Mozilla/5.0 (compatible; MJ12bot/v1.4.5; http://www.majestic12.co.uk/bot.php?+)"
46.165.197.141 - - [28/Sep/2016:13:48:17 +0300] "GET /index.php?route=product/product&product_id=45 HTTP/1.0" 404 16 "-" "Mozilla/5.0 (compatible; MJ12bot/v1.4.5; http://www.majestic12.co.uk/bot.php?+)"
46.165.197.141 - - [28/Sep/2016:13:48:20 +0300] "GET /index.php?route=product/product&product_id=47 HTTP/1.0" 404 16 "-" "Mozilla/5.0 (compatible; MJ12bot/v1.4.5; http://www.majestic12.co.uk/bot.php?+)"
46.165.197.141 - - [28/Sep/2016:13:48:23 +0300] "GET /index.php?route=product/product&product_id=47&page=1 HTTP/1.0" 404 16 "-" "Mozilla/5.0 (compatible; MJ12bot/v1.4.5; http://www.majestic12.co.uk/bot.php?+)"
46.165.197.141 - - [28/Sep/2016:13:48:26 +0300] "GET /index.php?route=product/product&product_id=49 HTTP/1.0" 404 16 "-" "Mozilla/5.0 (compatible; MJ12bot/v1.4.5; http://www.majestic12.co.uk/bot.php?+)"
46.165.197.141 - - [28/Sep/2016:13:48:29 +0300] "GET /index.php?route=product/special HTTP/1.0" 404 16 "-" "Mozilla/5.0 (compatible; MJ12bot/v1.4.5; http://www.majestic12.co.uk/bot.php?+)"
46.165.197.141 - - [28/Sep/2016:13:48:32 +0300] "GET /lt HTTP/1.0" 404 16 "-" "Mozilla/5.0 (compatible; MJ12bot/v1.4.5; http://www.majestic12.co.uk/bot.php?+)"
212.129.54.164 - - [28/Sep/2016:14:09:28 +0300] "PROPFIND /webdav/ HTTP/1.1" 404 27 "-" "WEBDAV Client"
91.200.12.38 - - [28/Sep/2016:14:15:42 +0300] "GET /g9slagzeffz7wxw/p6ffxzco.php HTTP/1.0" 404 16 "http://files.viralinthebox.com/g9slagzeffz7wxw/p6ffxzco.php" "Mozilla/5.0 (Windows NT 5.1; rv:43.0) Gecko/20100101 Firefox/43.0"
91.200.12.38 - - [28/Sep/2016:14:15:42 +0300] "GET / HTTP/1.0" 200 69 "http://extratv.lt/" "Mozilla/5.0 (Windows NT 5.1; rv:43.0) Gecko/20100101 Firefox/43.0"
91.200.12.38 - - [28/Sep/2016:14:15:42 +0300] "GET / HTTP/1.0" 200 69 "http://forum.extratv.lt/" "Mozilla/5.0 (Windows NT 5.1; rv:43.0) Gecko/20100101 Firefox/43.0"
66.249.73.154 - - [28/Sep/2016:14:20:19 +0300] "GET /robots.txt HTTP/1.1" 404 47 "-" "Mozilla/5.0 (compatible; Googlebot/2.1; +http://www.google.com/bot.html)"
66.249.73.143 - - [28/Sep/2016:14:20:24 +0300] "GET /8te6r3smb6iq0wi/the-kapil-sharma-show-series-download.php HTTP/1.1" 404 47 "-" "Mozilla/5.0 (compatible; Googlebot/2.1; +http://www.google.com/bot.html)"
212.129.54.164 - - [28/Sep/2016:14:32:19 +0300] "PROPFIND /webdav/ HTTP/1.1" 404 27 "-" "WEBDAV Client"
51.254.130.58 - - [28/Sep/2016:14:32:33 +0300] "GET /robots.txt HTTP/1.0" 404 16 "-" "Mozilla/5.0 (compatible; MJ12bot/v1.4.5; http://www.majestic12.co.uk/bot.php?+)"
51.254.130.58 - - [28/Sep/2016:14:32:37 +0300] "GET /robots.txt HTTP/1.0" 404 16 "-" "Mozilla/5.0 (compatible; MJ12bot/v1.4.5; http://www.majestic12.co.uk/bot.php?+)"
51.254.130.58 - - [28/Sep/2016:14:32:39 +0300] "GET /index.php?route=product/product&manufacturer_id=8&page=2&product_id=42 HTTP/1.0" 404 16 "-" "Mozilla/5.0 (compatible; MJ12bot/v1.4.5; http://www.majestic12.co.uk/bot.php?+)"
167.114.103.142 - - [28/Sep/2016:14:52:56 +0300] "PROPFIND /webdav/ HTTP/1.1" 404 27 "-" "WEBDAV Client"
192.99.144.140 - - [28/Sep/2016:15:12:50 +0300] "PROPFIND /webdav/ HTTP/1.1" 404 27 "-" "WEBDAV Client"
89.240.76.82 - - [28/Sep/2016:15:29:56 +0300] "GET /kaunieciams-nemokamos-ekskursijos-ir-galimybe-geriau-pazinti-savo-miesta/ HTTP/1.1" 404 47 "http://m.facebook.com/" "Mozilla/5.0 (Linux; Android 4.4.4; Vodafone 890N Build/KTU84P) AppleWebKit/537.36 (KHTML, like Gecko) Version/4.0 Chrome/33.0.0.0 Mobile Safari/537.36 [FB_IAB/FB4A;FBAV/92.0.0.16.72;]"
202.46.58.118 - - [28/Sep/2016:15:40:07 +0300] "GET /generation-kill-mobi HTTP/1.1" 404 27 "-" "Mozilla/5.0 (Windows NT 10.0; WOW64) AppleWebKit/537.36 (KHTML, like Gecko) Chrome/45.0.2454.93 Safari/537.36"
170.0.236.103 - - [28/Sep/2016:15:41:47 +0300] "PROPFIND /webdav/ HTTP/1.1" 404 27 "-" "WEBDAV Client"
51.254.143.238 - - [28/Sep/2016:15:55:36 +0300] "GET /robots.txt HTTP/1.0" 404 16 "-" "Mozilla/5.0 (compatible; MJ12bot/v1.4.5; http://www.majestic12.co.uk/bot.php?+)"
51.254.143.238 - - [28/Sep/2016:15:55:39 +0300] "GET /robots.txt HTTP/1.0" 404 16 "-" "Mozilla/5.0 (compatible; MJ12bot/v1.4.5; http://www.majestic12.co.uk/bot.php?+)"
51.254.143.238 - - [28/Sep/2016:15:55:40 +0300] "GET /index.php?route=information/information/agree&information_id=4 HTTP/1.0" 404 16 "-" "Mozilla/5.0 (compatible; MJ12bot/v1.4.5; http://www.majestic12.co.uk/bot.php?+)"
51.254.143.238 - - [28/Sep/2016:15:55:44 +0300] "GET /index.php?route=product/category&path=18&page=1 HTTP/1.0" 404 16 "-" "Mozilla/5.0 (compatible; MJ12bot/v1.4.5; http://www.majestic12.co.uk/bot.php?+)"
51.254.143.238 - - [28/Sep/2016:15:55:49 +0300] "GET /index.php?route=product/category&path=20&page=1 HTTP/1.0" 404 16 "-" "Mozilla/5.0 (compatible; MJ12bot/v1.4.5; http://www.majestic12.co.uk/bot.php?+)"
51.254.143.238 - - [28/Sep/2016:15:55:53 +0300] "GET /index.php?route=product/category&path=25&page=1 HTTP/1.0" 404 16 "-" "Mozilla/5.0 (compatible; MJ12bot/v1.4.5; http://www.majestic12.co.uk/bot.php?+)"
51.254.143.238 - - [28/Sep/2016:15:55:56 +0300] "GET /index.php?route=product/category&path=25_29&page=1 HTTP/1.0" 404 16 "-" "Mozilla/5.0 (compatible; MJ12bot/v1.4.5; http://www.majestic12.co.uk/bot.php?+)"
51.254.143.238 - - [28/Sep/2016:15:55:59 +0300] "GET /index.php?route=product/category&path=29&page=1 HTTP/1.0" 404 16 "-" "Mozilla/5.0 (compatible; MJ12bot/v1.4.5; http://www.majestic12.co.uk/bot.php?+)"
51.254.143.238 - - [28/Sep/2016:15:56:03 +0300] "GET /index.php?route=product/category&path=34&page=1 HTTP/1.0" 404 16 "-" "Mozilla/5.0 (compatible; MJ12bot/v1.4.5; http://www.majestic12.co.uk/bot.php?+)"
51.254.143.238 - - [28/Sep/2016:15:56:07 +0300] "GET /index.php?route=product/p%20%20%20%20%20%20%20%20%20%20%20%20%20%20%20%20%20%20%20%20%20%20%20%20%20%20%20%20%20%20%20%20%20%20%20%20%20%20%20%20src= HTTP/1.0" 404 16 "-" "Mozilla/5.0 (compatible; MJ12bot/v1.4.5; http://www.majestic12.co.uk/bot.php?+)"
51.254.143.238 - - [28/Sep/2016:15:56:10 +0300] "GET /index.php?route=product/product&manufacturer_id=8&product_id=32&page=2 HTTP/1.0" 404 16 "-" "Mozilla/5.0 (compatible; MJ12bot/v1.4.5; http://www.majestic12.co.uk/bot.php?+)"
51.254.143.238 - - [28/Sep/2016:15:56:13 +0300] "GET /index.php?route=product/product&manufacturer_id=8&product_id=36&page=2 HTTP/1.0" 404 16 "-" "Mozilla/5.0 (compatible; MJ12bot/v1.4.5; http://www.majestic12.co.uk/bot.php?+)"
51.254.143.238 - - [28/Sep/2016:15:56:16 +0300] "GET /index.php?route=product/product&manufacturer_id=8&product_id=42&page=2 HTTP/1.0" 404 16 "-" "Mozilla/5.0 (compatible; MJ12bot/v1.4.5; http://www.majestic12.co.uk/bot.php?+)"
51.254.143.238 - - [28/Sep/2016:15:56:20 +0300] "GET /index.php?route=product/product&manufacturer_id=8&product_id=45&page=2 HTTP/1.0" 404 16 "-" "Mozilla/5.0 (compatible; MJ12bot/v1.4.5; http://www.majestic12.co.uk/bot.php?+)"
51.254.143.238 - - [28/Sep/2016:15:56:23 +0300] "GET /index.php?route=product/product&path=18&product_id=35 HTTP/1.0" 404 16 "-" "Mozilla/5.0 (compatible; MJ12bot/v1.4.5; http://www.majestic12.co.uk/bot.php?+)"
51.254.143.238 - - [28/Sep/2016:15:56:26 +0300] "GET /index.php?route=product/product&path=18&product_id=46 HTTP/1.0" 404 16 "-" "Mozilla/5.0 (compatible; MJ12bot/v1.4.5; http://www.majestic12.co.uk/bot.php?+)"
51.254.143.238 - - [28/Sep/2016:15:56:30 +0300] "GET /index.php?route=product/product&path=18&product_id=49 HTTP/1.0" 404 16 "-" "Mozilla/5.0 (compatible; MJ12bot/v1.4.5; http://www.majestic12.co.uk/bot.php?+)"
51.254.143.238 - - [28/Sep/2016:15:56:35 +0300] "GET /index.php?route=product/product&path=20&product_id=29 HTTP/1.0" 404 16 "-" "Mozilla/5.0 (compatible; MJ12bot/v1.4.5; http://www.majestic12.co.uk/bot.php?+)"
51.254.143.238 - - [28/Sep/2016:15:56:39 +0300] "GET /index.php?route=product/product&path=20&product_id=31 HTTP/1.0" 404 16 "-" "Mozilla/5.0 (compatible; MJ12bot/v1.4.5; http://www.majestic12.co.uk/bot.php?+)"
51.254.143.238 - - [28/Sep/2016:15:56:42 +0300] "GET /index.php?route=product/product&path=20&product_id=33 HTTP/1.0" 404 16 "-" "Mozilla/5.0 (compatible; MJ12bot/v1.4.5; http://www.majestic12.co.uk/bot.php?+)"
51.254.143.238 - - [28/Sep/2016:15:56:48 +0300] "GET /index.php?route=product/product&path=20&product_id=35 HTTP/1.0" 404 16 "-" "Mozilla/5.0 (compatible; MJ12bot/v1.4.5; http://www.majestic12.co.uk/bot.php?+)"
51.254.143.238 - - [28/Sep/2016:15:56:52 +0300] "GET /index.php?route=product/product&path=20&product_id=36 HTTP/1.0" 404 16 "-" "Mozilla/5.0 (compatible; MJ12bot/v1.4.5; http://www.majestic12.co.uk/bot.php?+)"
51.254.143.238 - - [28/Sep/2016:15:56:55 +0300] "GET /index.php?route=product/product&path=20&product_id=42 HTTP/1.0" 404 16 "-" "Mozilla/5.0 (compatible; MJ12bot/v1.4.5; http://www.majestic12.co.uk/bot.php?+)"
51.254.143.238 - - [28/Sep/2016:15:56:59 +0300] "GET /index.php?route=product/product&path=20&product_id=44 HTTP/1.0" 404 16 "-" "Mozilla/5.0 (compatible; MJ12bot/v1.4.5; http://www.majestic12.co.uk/bot.php?+)"
51.254.143.238 - - [28/Sep/2016:15:57:03 +0300] "GET /index.php?route=product/product&path=20&product_id=46 HTTP/1.0" 404 16 "-" "Mozilla/5.0 (compatible; MJ12bot/v1.4.5; http://www.majestic12.co.uk/bot.php?+)"
51.254.143.238 - - [28/Sep/2016:15:57:06 +0300] "GET /index.php?route=product/product&path=20&product_id=49 HTTP/1.0" 404 16 "-" "Mozilla/5.0 (compatible; MJ12bot/v1.4.5; http://www.majestic12.co.uk/bot.php?+)"
51.254.143.238 - - [28/Sep/2016:15:57:10 +0300] "GET /index.php?route=product/product&path=25&product_id=42 HTTP/1.0" 404 16 "-" "Mozilla/5.0 (compatible; MJ12bot/v1.4.5; http://www.majestic12.co.uk/bot.php?+)"
51.254.143.238 - - [28/Sep/2016:15:57:14 +0300] "GET /index.php?route=product/product&path=25&product_id=46 HTTP/1.0" 404 16 "-" "Mozilla/5.0 (compatible; MJ12bot/v1.4.5; http://www.majestic12.co.uk/bot.php?+)"
51.254.143.238 - - [28/Sep/2016:15:57:19 +0300] "GET /index.php?route=product/product&path=25&product_id=49 HTTP/1.0" 404 16 "-" "Mozilla/5.0 (compatible; MJ12bot/v1.4.5; http://www.majestic12.co.uk/bot.php?+)"
51.254.143.238 - - [28/Sep/2016:15:57:22 +0300] "GET /index.php?route=product/product&path=25_29&product_id=42 HTTP/1.0" 404 16 "-" "Mozilla/5.0 (compatible; MJ12bot/v1.4.5; http://www.majestic12.co.uk/bot.php?+)"
51.254.143.238 - - [28/Sep/2016:15:57:27 +0300] "GET /index.php?route=product/product&path=29&product_id=42 HTTP/1.0" 404 16 "-" "Mozilla/5.0 (compatible; MJ12bot/v1.4.5; http://www.majestic12.co.uk/bot.php?+)"
51.254.143.238 - - [28/Sep/2016:15:57:31 +0300] "GET /index.php?route=product/product&path=34&product_id=32 HTTP/1.0" 404 16 "-" "Mozilla/5.0 (compatible; MJ12bot/v1.4.5; http://www.majestic12.co.uk/bot.php?+)"
51.254.143.238 - - [28/Sep/2016:15:57:34 +0300] "GET /index.php?route=product/product&path=34&product_id=36 HTTP/1.0" 404 16 "-" "Mozilla/5.0 (compatible; MJ12bot/v1.4.5; http://www.majestic12.co.uk/bot.php?+)"
51.254.143.238 - - [28/Sep/2016:15:57:38 +0300] "GET /index.php?route=product/product&path=34&product_id=42 HTTP/1.0" 404 16 "-" "Mozilla/5.0 (compatible; MJ12bot/v1.4.5; http://www.majestic12.co.uk/bot.php?+)"
51.254.143.238 - - [28/Sep/2016:15:57:41 +0300] "GET /index.php?route=product/product&product_id=29&page=2 HTTP/1.0" 404 16 "-" "Mozilla/5.0 (compatible; MJ12bot/v1.4.5; http://www.majestic12.co.uk/bot.php?+)"
51.254.143.238 - - [28/Sep/2016:15:57:44 +0300] "GET /index.php?route=product/product&product_id=32&page=2 HTTP/1.0" 404 16 "-" "Mozilla/5.0 (compatible; MJ12bot/v1.4.5; http://www.majestic12.co.uk/bot.php?+)"
51.254.143.238 - - [28/Sep/2016:15:57:50 +0300] "GET /index.php?route=product/product&product_id=33&page=2 HTTP/1.0" 404 16 "-" "Mozilla/5.0 (compatible; MJ12bot/v1.4.5; http://www.majestic12.co.uk/bot.php?+)"
51.254.143.238 - - [28/Sep/2016:15:57:53 +0300] "GET /index.php?route=product/product&product_id=42&page=2 HTTP/1.0" 404 16 "-" "Mozilla/5.0 (compatible; MJ12bot/v1.4.5; http://www.majestic12.co.uk/bot.php?+)"
51.254.143.238 - - [28/Sep/2016:15:57:56 +0300] "GET /index.php?route=product/product&product_id=45&page=2 HTTP/1.0" 404 16 "-" "Mozilla/5.0 (compatible; MJ12bot/v1.4.5; http://www.majestic12.co.uk/bot.php?+)"
51.254.143.238 - - [28/Sep/2016:15:57:59 +0300] "GET /index.php?route=product/product&product_id=48 HTTP/1.0" 404 16 "-" "Mozilla/5.0 (compatible; MJ12bot/v1.4.5; http://www.majestic12.co.uk/bot.php?+)"
51.254.143.238 - - [28/Sep/2016:15:58:02 +0300] "GET /index.php?route=product/product&product_id=49&page=2 HTTP/1.0" 404 16 "-" "Mozilla/5.0 (compatible; MJ12bot/v1.4.5; http://www.majestic12.co.uk/bot.php?+)"
51.254.143.238 - - [28/Sep/2016:15:58:04 +0300] "GET /index.php?route=product/special&page=1 HTTP/1.0" 404 16 "-" "Mozilla/5.0 (compatible; MJ12bot/v1.4.5; http://www.majestic12.co.uk/bot.php?+)"
31.193.197.24 - - [28/Sep/2016:16:00:21 +0300] "GET / HTTP/1.1" 200 69 "-" "Mozilla/4.0 (compatible; MSIE 8.0; Windows NT 6.1; Trident/4.0; SLCC2; .NET CLR 2.0.50727; .NET CLR 3.5.30729; .NET CLR 3.0.30729; Media Center PC 6.0)"
31.193.197.24 - - [28/Sep/2016:16:00:21 +0300] "GET /favicon.ico HTTP/1.1" 404 47 "-" "Mozilla/4.0 (compatible; MSIE 8.0; Windows NT 6.1; Trident/4.0; SLCC2; .NET CLR 2.0.50727; .NET CLR 3.5.30729; .NET CLR 3.0.30729; Media Center PC 6.0)"
212.129.54.164 - - [28/Sep/2016:16:15:36 +0300] "PROPFIND /webdav/ HTTP/1.1" 404 27 "-" "WEBDAV Client"
90.134.62.245 - - [28/Sep/2016:16:15:46 +0300] "GET /paskutines-rugsejo-savaites-orai-bus-visko/ HTTP/1.1" 404 47 "http://m.facebook.com/" "Mozilla/5.0 (Linux; Android 4.4.2; GT-I9505 Build/KOT49H) AppleWebKit/537.36 (KHTML, like Gecko) Version/4.0 Chrome/30.0.0.0 Mobile Safari/537.36 [FB_IAB/FB4A;FBAV/83.0.0.20.71;]"
144.76.29.162 - - [28/Sep/2016:16:18:09 +0300] "GET /robots.txt HTTP/1.0" 404 16 "-" "Mozilla/5.0 (compatible; MJ12bot/v1.4.5; http://www.majestic12.co.uk/bot.php?+)"
144.76.29.162 - - [28/Sep/2016:16:18:11 +0300] "GET /robots.txt HTTP/1.0" 404 16 "-" "Mozilla/5.0 (compatible; MJ12bot/v1.4.5; http://www.majestic12.co.uk/bot.php?+)"
144.76.29.162 - - [28/Sep/2016:16:18:14 +0300] "GET /videos/category/%C5%BEalias-skonis HTTP/1.0" 404 16 "-" "Mozilla/5.0 (compatible; MJ12bot/v1.4.5; http://www.majestic12.co.uk/bot.php?+)"
149.56.28.239 - - [28/Sep/2016:16:28:15 +0300] "PROPFIND /webdav/ HTTP/1.1" 404 27 "-" "WEBDAV Client"
66.249.73.150 - - [28/Sep/2016:16:38:14 +0300] "GET /robots.txt HTTP/1.1" 404 47 "-" "Mozilla/5.0 (compatible; Googlebot/2.1; +http://www.google.com/bot.html)"
66.249.73.150 - - [28/Sep/2016:16:38:15 +0300] "GET /videos/category/cia-ir-dabar HTTP/1.1" 404 47 "-" "Mozilla/5.0 (compatible; Googlebot/2.1; +http://www.google.com/bot.html)"
37.157.145.103 - - [28/Sep/2016:17:06:20 +0300] "GET /kaunieciams-nemokamos-ekskursijos-ir-galimybe-geriau-pazinti-savo-miesta/ HTTP/1.1" 404 47 "http://m.facebook.com/" "Mozilla/5.0 (Linux; Android 5.0.2; SM-T530 Build/LRX22G; wv) AppleWebKit/537.36 (KHTML, like Gecko) Version/4.0 Chrome/53.0.2785.124 Safari/537.36 [FB_IAB/FB4A;FBAV/95.0.0.13.69;]"
216.218.206.67 - - [28/Sep/2016:17:19:50 +0300] "GET / HTTP/1.1" 200 69 "-" "-"
164.132.201.51 - - [28/Sep/2016:17:21:54 +0300] "PROPFIND /webdav/ HTTP/1.1" 404 27 "-" "WEBDAV Client"
149.56.28.239 - - [28/Sep/2016:17:29:10 +0300] "PROPFIND /webdav/ HTTP/1.1" 404 27 "-" "WEBDAV Client"
69.30.213.202 - - [28/Sep/2016:17:37:41 +0300] "GET /robots.txt HTTP/1.0" 404 16 "-" "Mozilla/5.0 (compatible; MJ12bot/v1.4.5; http://www.majestic12.co.uk/bot.php?+)"
69.30.213.202 - - [28/Sep/2016:17:37:44 +0300] "GET /robots.txt HTTP/1.0" 404 16 "-" "Mozilla/5.0 (compatible; MJ12bot/v1.4.5; http://www.majestic12.co.uk/bot.php?+)"
69.30.213.202 - - [28/Sep/2016:17:37:46 +0300] "GET /gntv-server.tk/public_html/page/apie_mus HTTP/1.0" 404 16 "-" "Mozilla/5.0 (compatible; MJ12bot/v1.4.5; http://www.majestic12.co.uk/bot.php?+)"
69.30.213.202 - - [28/Sep/2016:17:37:47 +0300] "GET /robots.txt HTTP/1.0" 404 16 "-" "Mozilla/5.0 (compatible; MJ12bot/v1.4.5; http://www.majestic12.co.uk/bot.php?+)"
69.30.213.202 - - [28/Sep/2016:17:37:50 +0300] "GET /robots.txt HTTP/1.0" 404 16 "-" "Mozilla/5.0 (compatible; MJ12bot/v1.4.5; http://www.majestic12.co.uk/bot.php?+)"
69.30.213.202 - - [28/Sep/2016:17:37:53 +0300] "GET /gntv-server.tk/public_html/page/kontaktai HTTP/1.0" 404 16 "-" "Mozilla/5.0 (compatible; MJ12bot/v1.4.5; http://www.majestic12.co.uk/bot.php?+)"
69.30.213.202 - - [28/Sep/2016:17:37:55 +0300] "GET /robots.txt HTTP/1.0" 404 16 "-" "Mozilla/5.0 (compatible; MJ12bot/v1.4.5; http://www.majestic12.co.uk/bot.php?+)"
69.30.213.202 - - [28/Sep/2016:17:37:58 +0300] "GET /robots.txt HTTP/1.0" 404 16 "-" "Mozilla/5.0 (compatible; MJ12bot/v1.4.5; http://www.majestic12.co.uk/bot.php?+)"
69.30.213.202 - - [28/Sep/2016:17:38:00 +0300] "GET /gntv-server.tk/public_html/page/paslaugos HTTP/1.0" 404 16 "-" "Mozilla/5.0 (compatible; MJ12bot/v1.4.5; http://www.majestic12.co.uk/bot.php?+)"
170.0.236.103 - - [28/Sep/2016:17:51:44 +0300] "PROPFIND /webdav/ HTTP/1.1" 404 27 "-" "WEBDAV Client"
173.252.88.90 - - [28/Sep/2016:18:13:34 +0300] "GET /naujas.gif HTTP/1.1" 404 47 "-" "facebookexternalhit/1.1 (+http://www.facebook.com/externalhit_uatext.php)"
66.249.65.21 - - [28/Sep/2016:18:19:11 +0300] "GET /content/themes/sleek/assets/css/video-js.css HTTP/1.1" 404 47 "http://gntv-server.tk/video/58" "Mozilla/5.0 (compatible; Googlebot/2.1; +http://www.google.com/bot.html)"
54.167.0.4 - - [28/Sep/2016:18:20:54 +0300] "GET /robots.txt HTTP/1.0" 404 16 "-" "CCBot/2.0 (http://commoncrawl.org/faq/)"
54.167.0.4 - - [28/Sep/2016:18:20:55 +0300] "GET /robots.txt HTTP/1.0" 404 16 "-" "CCBot/2.0 (http://commoncrawl.org/faq/)"
54.167.0.4 - - [28/Sep/2016:18:20:55 +0300] "GET / HTTP/1.0" 200 69 "-" "CCBot/2.0 (http://commoncrawl.org/faq/)"
149.56.28.239 - - [28/Sep/2016:18:25:28 +0300] "PROPFIND /webdav/ HTTP/1.1" 404 27 "-" "WEBDAV Client"
149.202.47.161 - - [28/Sep/2016:18:41:52 +0300] "GET /robots.txt HTTP/1.0" 404 16 "-" "Mozilla/5.0 (compatible; MJ12bot/v1.4.5; http://www.majestic12.co.uk/bot.php?+)"
149.202.47.161 - - [28/Sep/2016:18:41:57 +0300] "GET /robots.txt HTTP/1.0" 404 16 "-" "Mozilla/5.0 (compatible; MJ12bot/v1.4.5; http://www.majestic12.co.uk/bot.php?+)"
149.202.47.161 - - [28/Sep/2016:18:41:59 +0300] "GET /en HTTP/1.0" 404 16 "-" "Mozilla/5.0 (compatible; MJ12bot/v1.4.5; http://www.majestic12.co.uk/bot.php?+)"
149.202.47.161 - - [28/Sep/2016:18:42:03 +0300] "GET /index.php?route=product/product&path=41&product_id=33 HTTP/1.0" 404 16 "-" "Mozilla/5.0 (compatible; MJ12bot/v1.4.5; http://www.majestic12.co.uk/bot.php?+)"
78.58.5.123 - - [28/Sep/2016:18:46:03 +0300] "GET /savaites-horoskopas-laikas-keistis/ HTTP/1.1" 404 47 "-" "Mozilla/5.0 (Linux; Android 4.4.2; GT-I9301I Build/KOT49H) AppleWebKit/537.36 (KHTML, like Gecko) Version/4.0 Chrome/30.0.0.0 Mobile Safari/537.36 [FB_IAB/FB4A;FBAV/96.0.0.17.70;]"
212.129.54.164 - - [28/Sep/2016:18:52:59 +0300] "PROPFIND /webdav/ HTTP/1.1" 404 27 "-" "WEBDAV Client"
188.69.207.195 - - [28/Sep/2016:18:53:15 +0300] "GET /savaites-horoskopas-laikas-keistis/ HTTP/1.1" 404 47 "http://m.facebook.com/" "Mozilla/5.0 (Linux; Android 4.4.4; SM-G357FZ Build/KTU84P) AppleWebKit/537.36 (KHTML, like Gecko) Version/4.0 Chrome/33.0.0.0 Mobile Safari/537.36 [FB_IAB/FB4A;FBAV/93.0.0.13.69;]"
188.69.207.195 - - [28/Sep/2016:18:53:17 +0300] "GET /savaites-horoskopas-laikas-keistis/ HTTP/1.1" 404 47 "http://m.facebook.com/" "Mozilla/5.0 (Linux; Android 4.4.4; SM-G357FZ Build/KTU84P) AppleWebKit/537.36 (KHTML, like Gecko) Version/4.0 Chrome/33.0.0.0 Mobile Safari/537.36 [FB_IAB/FB4A;FBAV/93.0.0.13.69;]"
66.249.65.21 - - [28/Sep/2016:18:58:09 +0300] "GET /robots.txt HTTP/1.1" 404 47 "-" "Mozilla/5.0 (compatible; Googlebot/2.1; +http://www.google.com/bot.html)"
66.249.65.17 - - [28/Sep/2016:18:58:10 +0300] "GET / HTTP/1.1" 200 69 "-" "Mozilla/5.0 (compatible; Googlebot/2.1; +http://www.google.com/bot.html)"
170.0.236.103 - - [28/Sep/2016:19:01:31 +0300] "PROPFIND /webdav/ HTTP/1.1" 404 27 "-" "WEBDAV Client"
167.114.103.142 - - [28/Sep/2016:19:06:56 +0300] "PROPFIND /webdav/ HTTP/1.1" 404 27 "-" "WEBDAV Client"
84.200.7.193 - - [28/Sep/2016:19:11:00 +0300] "PROPFIND /webdav/ HTTP/1.1" 404 27 "-" "WEBDAV Client"
78.62.116.105 - - [28/Sep/2016:19:20:55 +0300] "GET /savaites-horoskopas-laikas-keistis/ HTTP/1.1" 404 47 "http://m.facebook.com/" "Mozilla/5.0 (Linux; Android 4.4.4; SM-G357FZ Build/KTU84P) AppleWebKit/537.36 (KHTML, like Gecko) Version/4.0 Chrome/33.0.0.0 Mobile Safari/537.36 [FB_IAB/FB4A;FBAV/86.0.0.19.69;]"
51.255.36.86 - - [28/Sep/2016:19:25:22 +0300] "GET /robots.txt HTTP/1.0" 404 16 "-" "Mozilla/5.0 (compatible; MJ12bot/v1.4.5; http://www.majestic12.co.uk/bot.php?+)"
51.255.36.86 - - [28/Sep/2016:19:25:24 +0300] "GET /robots.txt HTTP/1.0" 404 16 "-" "Mozilla/5.0 (compatible; MJ12bot/v1.4.5; http://www.majestic12.co.uk/bot.php?+)"
51.255.36.86 - - [28/Sep/2016:19:25:26 +0300] "GET /?zaidimas=82 HTTP/1.0" 200 69 "-" "Mozilla/5.0 (compatible; MJ12bot/v1.4.5; http://www.majestic12.co.uk/bot.php?+)"
212.129.54.164 - - [28/Sep/2016:19:32:03 +0300] "PROPFIND /webdav/ HTTP/1.1" 404 27 "-" "WEBDAV Client"
178.255.215.94 - - [28/Sep/2016:19:35:04 +0300] "GET /robots.txt HTTP/1.1" 404 47 "-" "Mozilla/5.0 (compatible; Exabot/3.0; +http://www.exabot.com/go/robot)"
178.255.215.81 - - [28/Sep/2016:19:35:26 +0300] "GET /robots.txt HTTP/1.1" 404 47 "-" "Mozilla/5.0 (compatible; Exabot/3.0; +http://www.exabot.com/go/robot)"
178.255.215.81 - - [28/Sep/2016:19:35:26 +0300] "GET / HTTP/1.1" 200 69 "-" "Mozilla/5.0 (compatible; Exabot/3.0; +http://www.exabot.com/go/robot)"
46.4.32.75 - - [28/Sep/2016:19:46:34 +0300] "GET /robots.txt HTTP/1.0" 404 16 "-" "Mozilla/5.0 (compatible; MJ12bot/v1.4.5; http://www.majestic12.co.uk/bot.php?+)"
46.4.32.75 - - [28/Sep/2016:19:46:36 +0300] "GET /robots.txt HTTP/1.0" 404 16 "-" "Mozilla/5.0 (compatible; MJ12bot/v1.4.5; http://www.majestic12.co.uk/bot.php?+)"
46.4.32.75 - - [28/Sep/2016:19:46:38 +0300] "GET /add-pdf-download-link-dreamweaver HTTP/1.0" 404 16 "-" "Mozilla/5.0 (compatible; MJ12bot/v1.4.5; http://www.majestic12.co.uk/bot.php?+)"
46.4.32.75 - - [28/Sep/2016:19:46:41 +0300] "GET /ag-book-font-download HTTP/1.0" 404 16 "-" "Mozilla/5.0 (compatible; MJ12bot/v1.4.5; http://www.majestic12.co.uk/bot.php?+)"
46.4.32.75 - - [28/Sep/2016:19:46:44 +0300] "GET /ahora-descubra-sus-fortalezas-libro-pdf HTTP/1.0" 404 16 "-" "Mozilla/5.0 (compatible; MJ12bot/v1.4.5; http://www.majestic12.co.uk/bot.php?+)"
46.4.32.75 - - [28/Sep/2016:19:46:47 +0300] "GET /aldous-huxley-brave-new-world-pdf-download HTTP/1.0" 404 16 "-" "Mozilla/5.0 (compatible; MJ12bot/v1.4.5; http://www.majestic12.co.uk/bot.php?+)"
164.132.201.51 - - [28/Sep/2016:19:51:42 +0300] "PROPFIND /webdav/ HTTP/1.1" 404 27 "-" "WEBDAV Client"
82.135.251.220 - - [28/Sep/2016:19:53:23 +0300] "GET /kaunieciams-nemokamos-ekskursijos-ir-galimybe-geriau-pazinti-savo-miesta/ HTTP/1.1" 404 47 "http://m.facebook.com/" "Mozilla/5.0 (Linux; Android 4.4.2; GT-I9301I Build/KOT49H) AppleWebKit/537.36 (KHTML, like Gecko) Version/4.0 Chrome/30.0.0.0 Mobile Safari/537.36 [FB_IAB/FB4A;FBAV/89.0.0.17.70;]"
167.114.103.142 - - [28/Sep/2016:19:57:08 +0300] "PROPFIND /webdav/ HTTP/1.1" 404 27 "-" "WEBDAV Client"
90.140.184.224 - - [28/Sep/2016:20:00:32 +0300] "GET /kaunieciams-nemokamos-ekskursijos-ir-galimybe-geriau-pazinti-savo-miesta/ HTTP/1.1" 404 47 "http://m.facebook.com/" "Mozilla/5.0 (Linux; Android 5.0; SM-N9005 Build/LRX21V; wv) AppleWebKit/537.36 (KHTML, like Gecko) Version/4.0 Chrome/52.0.2743.98 Mobile Safari/537.36 [FB_IAB/FB4A;FBAV/93.0.0.13.69;]"
42.236.10.72 - - [28/Sep/2016:20:04:24 +0300] "GET /03oivulrtryege0/download-lagu-drive-oh-tuhan-kucinta.php HTTP/1.1" 404 47 "https://files.viralinthebox.com/03oivulrtryege0/download-lagu-drive-oh-tuhan-kucinta.php" "Mozilla/5.0 (compatible; MSIE 9.0; Windows NT 6.1; Trident/5.0); 360Spider"
78.63.99.0 - - [28/Sep/2016:20:15:06 +0300] "GET /sekmes-istorija-patriotiskumas-atsipirko-neisvyke-is-lietuvos-gavo-milijoniniu-imoniu-uzsakymus/ HTTP/1.1" 404 47 "http://m.facebook.com/" "Mozilla/5.0 (Linux; Android 5.1.1; SM-G531F Build/LMY48B; wv) AppleWebKit/537.36 (KHTML, like Gecko) Version/4.0 Chrome/52.0.2743.98 Mobile Safari/537.36 [FB_IAB/FB4A;FBAV/93.0.0.13.69;]"
78.63.99.0 - - [28/Sep/2016:20:15:10 +0300] "GET /savaites-horoskopas-laikas-keistis/ HTTP/1.1" 404 47 "http://m.facebook.com/" "Mozilla/5.0 (Linux; Android 5.1.1; SM-G531F Build/LMY48B; wv) AppleWebKit/537.36 (KHTML, like Gecko) Version/4.0 Chrome/52.0.2743.98 Mobile Safari/537.36 [FB_IAB/FB4A;FBAV/93.0.0.13.69;]"
170.0.236.103 - - [28/Sep/2016:20:20:27 +0300] "PROPFIND /webdav/ HTTP/1.1" 404 27 "-" "WEBDAV Client"
192.99.144.140 - - [28/Sep/2016:20:30:03 +0300] "PROPFIND /webdav/ HTTP/1.1" 404 27 "-" "WEBDAV Client"
46.36.84.207 - - [28/Sep/2016:20:31:58 +0300] "GET /paskutines-rugsejo-savaites-orai-bus-visko/ HTTP/1.1" 404 47 "http://m.facebook.com/" "Mozilla/5.0 (Linux; Android 5.1.1; C6903 Build/14.6.A.1.236; wv) AppleWebKit/537.36 (KHTML, like Gecko) Version/4.0 Chrome/53.0.2785.124 Mobile Safari/537.36 [FB_IAB/FB4A;FBAV/95.0.0.13.69;]"
66.249.65.17 - - [28/Sep/2016:20:35:18 +0300] "GET /8te6r3smb6iq0wi/suflete-tradate-ep-difuzat-17-07-2016.php HTTP/1.1" 404 47 "-" "Mozilla/5.0 (compatible; Googlebot/2.1; +http://www.google.com/bot.html)"
212.129.54.164 - - [28/Sep/2016:20:36:10 +0300] "PROPFIND /webdav/ HTTP/1.1" 404 27 "-" "WEBDAV Client"
217.12.203.219 - - [28/Sep/2016:20:56:35 +0300] "GET /stats.php HTTP/1.1" 404 47 "-" "python-requests/2.11.1"
217.12.203.219 - - [28/Sep/2016:20:58:47 +0300] "GET /stats.php HTTP/1.1" 404 47 "-" "python-requests/2.11.1"
81.7.89.49 - - [28/Sep/2016:21:02:37 +0300] "GET /savaites-horoskopas-laikas-keistis/ HTTP/1.1" 404 47 "http://m.facebook.com/" "Mozilla/5.0 (Linux; Android 6.0.1; SM-G930F Build/MMB29K; wv) AppleWebKit/537.36 (KHTML, like Gecko) Version/4.0 Chrome/53.0.2785.124 Mobile Safari/537.36 [FB_IAB/FB4A;FBAV/96.0.0.17.70;]"
78.58.5.123 - - [28/Sep/2016:21:45:58 +0300] "GET /paskutines-rugsejo-savaites-orai-bus-visko/ HTTP/1.1" 404 47 "http://m.facebook.com/" "Mozilla/5.0 (Linux; Android 4.4.2; GT-I9301I Build/KOT49H) AppleWebKit/537.36 (KHTML, like Gecko) Version/4.0 Chrome/30.0.0.0 Mobile Safari/537.36 [FB_IAB/FB4A;FBAV/96.0.0.17.70;]"
212.129.54.164 - - [28/Sep/2016:22:00:21 +0300] "PROPFIND /webdav/ HTTP/1.1" 404 27 "-" "WEBDAV Client"
137.116.71.170 - - [28/Sep/2016:22:04:03 +0300] "GET /robots.txt HTTP/1.1" 499 0 "-" "CSS Certificate Spider (http://www.css-security.com/certificatespider/)"
213.196.248.63 - - [28/Sep/2016:22:07:24 +0300] "GET /savaites-horoskopas-laikas-keistis/ HTTP/1.1" 404 47 "http://m.facebook.com/" "Mozilla/5.0 (Linux; Android 6.0.1; SM-G920F Build/MMB29K; wv) AppleWebKit/537.36 (KHTML, like Gecko) Version/4.0 Chrome/53.0.2785.124 Mobile Safari/537.36 [FB_IAB/FB4A;FBAV/96.0.0.17.70;]"
212.129.54.164 - - [28/Sep/2016:22:13:14 +0300] "PROPFIND /webdav/ HTTP/1.1" 404 27 "-" "WEBDAV Client"
78.158.6.76 - - [28/Sep/2016:22:13:36 +0300] "GET /sekmes-istorija-patriotiskumas-atsipirko-neisvyke-is-lietuvos-gavo-milijoniniu-imoniu-uzsakymus/ HTTP/1.1" 404 47 "http://m.facebook.com/" "Mozilla/5.0 (Linux; Android 5.1.1; SM-A510F Build/LMY47X; wv) AppleWebKit/537.36 (KHTML, like Gecko) Version/4.0 Chrome/52.0.2743.98 Mobile Safari/537.36 [FB_IAB/FB4A;FBAV/92.0.0.16.72;]"
202.46.51.185 - - [28/Sep/2016:22:15:37 +0300] "GET /scjp-1-5-ebook-pdf-download HTTP/1.1" 404 27 "-" "Mozilla/5.0 (Windows NT 10.0; WOW64) AppleWebKit/537.36 (KHTML, like Gecko) Chrome/45.0.2454.93 Safari/537.36"
78.62.246.101 - - [28/Sep/2016:22:19:58 +0300] "GET /savaites-horoskopas-laikas-keistis/ HTTP/1.1" 404 47 "http://m.facebook.com/" "Mozilla/5.0 (Linux; Android 4.4.4; GT-I9060I Build/KTU84P) AppleWebKit/537.36 (KHTML, like Gecko) Version/4.0 Chrome/33.0.0.0 Mobile Safari/537.36 [FB_IAB/FB4A;FBAV/95.0.0.13.69;]"
77.221.91.202 - - [28/Sep/2016:22:24:46 +0300] "GET /savaites-horoskopas-laikas-keistis/ HTTP/1.1" 404 47 "http://m.facebook.com/" "Mozilla/5.0 (Linux; Android 5.0; SM-N9005 Build/LRX21V; wv) AppleWebKit/537.36 (KHTML, like Gecko) Version/4.0 Chrome/53.0.2785.124 Mobile Safari/537.36 [FB_IAB/FB4A;FBAV/95.0.0.13.69;]"
164.132.201.51 - - [28/Sep/2016:22:29:20 +0300] "PROPFIND /webdav/ HTTP/1.1" 404 27 "-" "WEBDAV Client"
46.36.85.89 - - [28/Sep/2016:22:39:45 +0300] "GET /savaites-horoskopas-ribinis-laikas-daug-kas-baigsis-ir-daug-kas-prasides/ HTTP/1.1" 404 47 "http://m.facebook.com/" "Mozilla/5.0 (Linux; Android 6.0.1; SM-G920F Build/MMB29K; wv) AppleWebKit/537.36 (KHTML, like Gecko) Version/4.0 Chrome/53.0.2785.124 Mobile Safari/537.36 [FB_IAB/FB4A;FBAV/95.0.0.13.69;]"
84.200.7.193 - - [28/Sep/2016:23:12:07 +0300] "PROPFIND /webdav/ HTTP/1.1" 404 27 "-" "WEBDAV Client"
170.0.236.103 - - [28/Sep/2016:23:27:10 +0300] "PROPFIND /webdav/ HTTP/1.1" 404 27 "-" "WEBDAV Client"
84.200.7.193 - - [29/Sep/2016:00:00:36 +0300] "PROPFIND /webdav/ HTTP/1.1" 404 27 "-" "WEBDAV Client"
91.147.242.60 - - [29/Sep/2016:00:07:59 +0300] "GET / HTTP/1.1" 200 69 "-" "curl/7.17.1 (mips-unknown-linux-gnu) libcurl/7.17.1 OpenSSL/0.9.8i zlib/1.2.3"
66.249.64.86 - - [29/Sep/2016:00:13:59 +0300] "GET /robots.txt HTTP/1.1" 404 47 "-" "Mozilla/5.0 (compatible; Googlebot/2.1; +http://www.google.com/bot.html)"
66.249.64.86 - - [29/Sep/2016:00:14:00 +0300] "GET /crhzisloqncwfu.html HTTP/1.1" 404 47 "-" "Mozilla/5.0 (compatible; Googlebot/2.1; +http://www.google.com/bot.html)"
182.118.20.237 - - [29/Sep/2016:00:43:06 +0300] "GET /03oivulrtryege0/night-wthi-kapil-soa-2016-sultam-salmaan-khan-full.php HTTP/1.1" 404 47 "http://extratv.lt/03oivulrtryege0/night-wthi-kapil-soa-2016-sultam-salmaan-khan-full.php" "Mozilla/5.0 (compatible; MSIE 9.0; Windows NT 6.1; Trident/5.0); 360Spider(compatible; HaosouSpider; http://www.haosou.com/help/help_3_2.html)"
164.132.201.51 - - [29/Sep/2016:00:49:19 +0300] "PROPFIND /webdav/ HTTP/1.1" 404 27 "-" "WEBDAV Client"
51.254.97.22 - - [29/Sep/2016:01:25:17 +0300] "GET /robots.txt HTTP/1.0" 404 16 "-" "Mozilla/5.0 (compatible; MJ12bot/v1.4.5; http://www.majestic12.co.uk/bot.php?+)"
51.254.97.22 - - [29/Sep/2016:01:25:21 +0300] "GET /robots.txt HTTP/1.0" 404 16 "-" "Mozilla/5.0 (compatible; MJ12bot/v1.4.5; http://www.majestic12.co.uk/bot.php?+)"
51.254.97.22 - - [29/Sep/2016:01:25:23 +0300] "GET /gntv-server.tk/public_html/video/51 HTTP/1.0" 404 16 "-" "Mozilla/5.0 (compatible; MJ12bot/v1.4.5; http://www.majestic12.co.uk/bot.php?+)"
217.12.203.219 - - [29/Sep/2016:01:37:56 +0300] "GET /stats.php HTTP/1.1" 404 47 "-" "python-requests/2.11.1"
164.132.201.51 - - [29/Sep/2016:01:54:08 +0300] "PROPFIND /webdav/ HTTP/1.1" 404 27 "-" "WEBDAV Client"
149.56.28.239 - - [29/Sep/2016:02:15:55 +0300] "PROPFIND /webdav/ HTTP/1.1" 404 27 "-" "WEBDAV Client"
162.210.196.129 - - [29/Sep/2016:02:36:03 +0300] "GET /robots.txt HTTP/1.0" 404 16 "-" "Mozilla/5.0 (compatible; MJ12bot/v1.4.5; http://www.majestic12.co.uk/bot.php?+)"
162.210.196.129 - - [29/Sep/2016:02:36:40 +0300] "GET /robots.txt HTTP/1.0" 404 16 "-" "Mozilla/5.0 (compatible; MJ12bot/v1.4.5; http://www.majestic12.co.uk/bot.php?+)"
162.210.196.129 - - [29/Sep/2016:02:37:02 +0300] "GET /index.php?route=product/product&path=18&product_id=32 HTTP/1.0" 404 16 "-" "Mozilla/5.0 (compatible; MJ12bot/v1.4.5; http://www.majestic12.co.uk/bot.php?+)"
84.200.7.193 - - [29/Sep/2016:02:44:47 +0300] "PROPFIND /webdav/ HTTP/1.1" 404 27 "-" "WEBDAV Client"
157.55.39.168 - - [29/Sep/2016:02:45:25 +0300] "GET /robots.txt HTTP/1.1" 404 47 "-" "Mozilla/5.0 (compatible; bingbot/2.0; +http://www.bing.com/bingbot.htm)"
164.132.201.51 - - [29/Sep/2016:03:04:28 +0300] "PROPFIND /webdav/ HTTP/1.1" 404 27 "-" "WEBDAV Client"
66.249.64.90 - - [29/Sep/2016:03:05:24 +0300] "GET /robots.txt HTTP/1.1" 404 47 "-" "Mozilla/5.0 (compatible; Googlebot/2.1; +http://www.google.com/bot.html)"
66.249.64.90 - - [29/Sep/2016:03:05:27 +0300] "GET /dpcjk2syz0db354/tu-h-to-lagta-h-me-hu-n-ho-to-lagta-h.php HTTP/1.1" 404 47 "-" "Mozilla/5.0 (compatible; Googlebot/2.1; +http://www.google.com/bot.html)"
212.129.54.164 - - [29/Sep/2016:03:25:44 +0300] "PROPFIND /webdav/ HTTP/1.1" 404 27 "-" "WEBDAV Client"
157.55.39.34 - - [29/Sep/2016:03:55:55 +0300] "GET /image/cache/catalog/product-13-220x200.png HTTP/1.1" 404 47 "-" "Mozilla/5.0 (compatible; bingbot/2.0; +http://www.bing.com/bingbot.htm)"
157.55.39.34 - - [29/Sep/2016:04:05:57 +0300] "GET /image/flags/gb.png HTTP/1.1" 404 47 "-" "Mozilla/5.0 (compatible; bingbot/2.0; +http://www.bing.com/bingbot.htm)"
66.249.64.90 - - [29/Sep/2016:04:25:46 +0300] "GET /wp-content/plugins/buddypress-activity-stream-bar/img/ HTTP/1.1" 404 47 "-" "Googlebot-Image/1.0"
184.105.247.196 - - [29/Sep/2016:04:33:03 +0300] "GET / HTTP/1.1" 200 69 "-" "-"
202.46.51.204 - - [29/Sep/2016:04:38:27 +0300] "GET /chrome-pdf-viewer-download HTTP/1.1" 404 27 "-" "Mozilla/5.0 (Windows NT 10.0; WOW64) AppleWebKit/537.36 (KHTML, like Gecko) Chrome/45.0.2454.93 Safari/537.36"
162.210.196.129 - - [29/Sep/2016:04:55:28 +0300] "GET /robots.txt HTTP/1.0" 404 16 "-" "Mozilla/5.0 (compatible; MJ12bot/v1.4.5; http://www.majestic12.co.uk/bot.php?+)"
162.210.196.129 - - [29/Sep/2016:04:55:31 +0300] "GET /robots.txt HTTP/1.0" 404 16 "-" "Mozilla/5.0 (compatible; MJ12bot/v1.4.5; http://www.majestic12.co.uk/bot.php?+)"
162.210.196.129 - - [29/Sep/2016:04:55:33 +0300] "GET /videos/tag/hobbit HTTP/1.0" 404 16 "-" "Mozilla/5.0 (compatible; MJ12bot/v1.4.5; http://www.majestic12.co.uk/bot.php?+)"
180.153.196.115 - - [29/Sep/2016:04:56:03 +0300] "GET / HTTP/1.1" 200 69 "http://extratv.lt/" "Mozilla/5.0 (compatible; MSIE 9.0; Windows NT 6.1; Trident/5.0)"
182.118.45.21 - - [29/Sep/2016:04:56:04 +0300] "GET / HTTP/1.1" 200 69 "-" "Mozilla/4.0 (compatible; MSIE 8.0; Windows NT 6.1; Trident/4.0; SLCC2; .NET CLR 2.0.50727; .NET CLR 3.5.30729; .NET CLR 3.0.30729; Media Center PC 6.0)"
149.56.28.239 - - [29/Sep/2016:05:14:37 +0300] "PROPFIND /webdav/ HTTP/1.1" 404 27 "-" "WEBDAV Client"
192.99.144.140 - - [29/Sep/2016:05:20:26 +0300] "PROPFIND /webdav/ HTTP/1.1" 404 27 "-" "WEBDAV Client"
78.62.74.86 - - [29/Sep/2016:05:24:14 +0300] "GET /savaites-horoskopas-laikas-keistis/ HTTP/1.1" 404 47 "http://m.facebook.com/" "Mozilla/5.0 (Linux; Android 6.0.1; SM-G900F Build/MMB29M; wv) AppleWebKit/537.36 (KHTML, like Gecko) Version/4.0 Chrome/53.0.2785.124 Mobile Safari/537.36 [FB_IAB/FB4A;FBAV/96.0.0.17.70;]"
90.138.228.158 - - [29/Sep/2016:05:50:59 +0300] "GET /paskutines-rugsejo-savaites-orai-bus-visko/ HTTP/1.1" 404 47 "http://m.facebook.com/" "Mozilla/5.0 (Linux; Android 5.1; E5506 Build/29.1.A.0.101; wv) AppleWebKit/537.36 (KHTML, like Gecko) Version/4.0 Chrome/53.0.2785.124 Mobile Safari/537.36 [FB_IAB/FB4A;FBAV/96.0.0.17.70;]"
170.0.236.103 - - [29/Sep/2016:05:57:19 +0300] "PROPFIND /webdav/ HTTP/1.1" 404 27 "-" "WEBDAV Client"
164.132.201.51 - - [29/Sep/2016:06:00:31 +0300] "PROPFIND /webdav/ HTTP/1.1" 404 27 "-" "WEBDAV Client"
192.99.144.140 - - [29/Sep/2016:06:05:48 +0300] "PROPFIND /webdav/ HTTP/1.1" 404 27 "-" "WEBDAV Client"
167.114.103.142 - - [29/Sep/2016:06:07:34 +0300] "PROPFIND /webdav/ HTTP/1.1" 404 27 "-" "WEBDAV Client"
157.55.39.181 - - [29/Sep/2016:06:38:46 +0300] "GET /robots.txt HTTP/1.1" 404 27 "-" "Mozilla/5.0 (compatible; bingbot/2.0; +http://www.bing.com/bingbot.htm)"
109.47.1.32 - - [29/Sep/2016:06:39:05 +0300] "GET /sekmes-istorija-patriotiskumas-atsipirko-neisvyke-is-lietuvos-gavo-milijoniniu-imoniu-uzsakymus/ HTTP/1.1" 404 47 "http://m.facebook.com/" "Mozilla/5.0 (Linux; Android 6.0.1; SM-G920F Build/MMB29K; wv) AppleWebKit/537.36 (KHTML, like Gecko) Version/4.0 Chrome/53.0.2785.124 Mobile Safari/537.36 [FB_IAB/FB4A;FBAV/96.0.0.17.70;]"
157.55.39.181 - - [29/Sep/2016:07:12:07 +0300] "GET /robots.txt HTTP/1.1" 404 27 "-" "Mozilla/5.0 (compatible; bingbot/2.0; +http://www.bing.com/bingbot.htm)"
192.99.144.140 - - [29/Sep/2016:07:17:38 +0300] "PROPFIND /webdav/ HTTP/1.1" 404 27 "-" "WEBDAV Client"
62.210.250.212 - - [29/Sep/2016:07:24:17 +0300] "GET /robots.txt HTTP/1.0" 404 16 "-" "Mozilla/5.0 (compatible; MJ12bot/v1.4.5; http://www.majestic12.co.uk/bot.php?+)"
62.210.250.212 - - [29/Sep/2016:07:24:24 +0300] "GET /robots.txt HTTP/1.0" 404 16 "-" "Mozilla/5.0 (compatible; MJ12bot/v1.4.5; http://www.majestic12.co.uk/bot.php?+)"
62.210.250.212 - - [29/Sep/2016:07:24:26 +0300] "GET /audio-book-nursing HTTP/1.0" 404 16 "-" "Mozilla/5.0 (compatible; MJ12bot/v1.4.5; http://www.majestic12.co.uk/bot.php?+)"
78.57.213.237 - - [29/Sep/2016:07:24:33 +0300] "GET /savaites-horoskopas-laikas-keistis/ HTTP/1.1" 404 47 "http://m.facebook.com/" "Mozilla/5.0 (Linux; Android 6.0.1; SM-N910G Build/MMB29M; wv) AppleWebKit/537.36 (KHTML, like Gecko) Version/4.0 Chrome/53.0.2785.124 Mobile Safari/537.36 [FB_IAB/FB4A;FBAV/95.0.0.13.69;]"
62.210.250.212 - - [29/Sep/2016:07:24:33 +0300] "GET /audiobook-poor-dad-rich-dad HTTP/1.0" 404 16 "-" "Mozilla/5.0 (compatible; MJ12bot/v1.4.5; http://www.majestic12.co.uk/bot.php?+)"
62.210.250.212 - - [29/Sep/2016:07:24:38 +0300] "GET /awinware-pdf-security-remover-v1-0-1-3-keygen HTTP/1.0" 404 16 "-" "Mozilla/5.0 (compatible; MJ12bot/v1.4.5; http://www.majestic12.co.uk/bot.php?+)"
62.210.250.212 - - [29/Sep/2016:07:24:52 +0300] "GET /bel-ami-book-english-translation HTTP/1.0" 404 16 "-" "Mozilla/5.0 (compatible; MJ12bot/v1.4.5; http://www.majestic12.co.uk/bot.php?+)"
62.210.250.212 - - [29/Sep/2016:07:24:57 +0300] "GET /best-books-is_safe-1 HTTP/1.0" 404 16 "-" "Mozilla/5.0 (compatible; MJ12bot/v1.4.5; http://www.majestic12.co.uk/bot.php?+)"
62.210.250.212 - - [29/Sep/2016:07:25:04 +0300] "GET /beyond-generation-x-claire-raines-pdf HTTP/1.0" 404 16 "-" "Mozilla/5.0 (compatible; MJ12bot/v1.4.5; http://www.majestic12.co.uk/bot.php?+)"
62.210.250.212 - - [29/Sep/2016:07:25:13 +0300] "GET /bind-pdf-download HTTP/1.0" 404 16 "-" "Mozilla/5.0 (compatible; MJ12bot/v1.4.5; http://www.majestic12.co.uk/bot.php?+)"
62.210.250.212 - - [29/Sep/2016:07:25:22 +0300] "GET /black-lace-epub HTTP/1.0" 404 16 "-" "Mozilla/5.0 (compatible; MJ12bot/v1.4.5; http://www.majestic12.co.uk/bot.php?+)"
62.210.250.212 - - [29/Sep/2016:07:25:27 +0300] "GET /bloodfever-charlie-higson-pdf HTTP/1.0" 404 16 "-" "Mozilla/5.0 (compatible; MJ12bot/v1.4.5; http://www.majestic12.co.uk/bot.php?+)"
62.210.250.212 - - [29/Sep/2016:07:25:35 +0300] "GET /blue-book-2012-mustang HTTP/1.0" 404 16 "-" "Mozilla/5.0 (compatible; MJ12bot/v1.4.5; http://www.majestic12.co.uk/bot.php?+)"
62.210.250.212 - - [29/Sep/2016:07:25:47 +0300] "GET /book-of-human HTTP/1.0" 404 16 "-" "Mozilla/5.0 (compatible; MJ12bot/v1.4.5; http://www.majestic12.co.uk/bot.php?+)"
62.210.250.212 - - [29/Sep/2016:07:25:53 +0300] "GET /breaking-bad-season-5-hank-book HTTP/1.0" 404 16 "-" "Mozilla/5.0 (compatible; MJ12bot/v1.4.5; http://www.majestic12.co.uk/bot.php?+)"
62.210.250.212 - - [29/Sep/2016:07:26:02 +0300] "GET /breaking-dawn-ebook-pdf HTTP/1.0" 404 16 "-" "Mozilla/5.0 (compatible; MJ12bot/v1.4.5; http://www.majestic12.co.uk/bot.php?+)"
62.210.250.212 - - [29/Sep/2016:07:26:13 +0300] "GET /c-primer-plus-5th-edition-pdf-download HTTP/1.0" 404 16 "-" "Mozilla/5.0 (compatible; MJ12bot/v1.4.5; http://www.majestic12.co.uk/bot.php?+)"
62.210.250.212 - - [29/Sep/2016:07:26:20 +0300] "GET /cambridge-ielts-book-10-pdf HTTP/1.0" 404 16 "-" "Mozilla/5.0 (compatible; MJ12bot/v1.4.5; http://www.majestic12.co.uk/bot.php?+)"
62.210.250.212 - - [29/Sep/2016:07:26:39 +0300] "GET /car-design-book HTTP/1.0" 404 16 "-" "Mozilla/5.0 (compatible; MJ12bot/v1.4.5; http://www.majestic12.co.uk/bot.php?+)"
62.210.250.212 - - [29/Sep/2016:07:26:49 +0300] "GET /catatan-perang-korea-pdf HTTP/1.0" 404 16 "-" "Mozilla/5.0 (compatible; MJ12bot/v1.4.5; http://www.majestic12.co.uk/bot.php?+)"
62.210.250.212 - - [29/Sep/2016:07:26:52 +0300] "GET /chap-1-2-pdf HTTP/1.0" 404 16 "-" "Mozilla/5.0 (compatible; MJ12bot/v1.4.5; http://www.majestic12.co.uk/bot.php?+)"
62.210.250.212 - - [29/Sep/2016:07:27:14 +0300] "GET /code-pdf417-download HTTP/1.0" 404 16 "-" "Mozilla/5.0 (compatible; MJ12bot/v1.4.5; http://www.majestic12.co.uk/bot.php?+)"
62.210.250.212 - - [29/Sep/2016:07:27:23 +0300] "GET /cogan-s-trade-pdf-download HTTP/1.0" 404 16 "-" "Mozilla/5.0 (compatible; MJ12bot/v1.4.5; http://www.majestic12.co.uk/bot.php?+)"
62.210.250.212 - - [29/Sep/2016:07:27:32 +0300] "GET /combine-to-pdf HTTP/1.0" 404 16 "-" "Mozilla/5.0 (compatible; MJ12bot/v1.4.5; http://www.majestic12.co.uk/bot.php?+)"
62.210.250.212 - - [29/Sep/2016:07:27:36 +0300] "GET /comic-book-men-s03e05-720 HTTP/1.0" 404 16 "-" "Mozilla/5.0 (compatible; MJ12bot/v1.4.5; http://www.majestic12.co.uk/bot.php?+)"
62.210.250.212 - - [29/Sep/2016:07:27:43 +0300] "GET /comic-book-spider HTTP/1.0" 404 16 "-" "Mozilla/5.0 (compatible; MJ12bot/v1.4.5; http://www.majestic12.co.uk/bot.php?+)"
